Archive member included to satisfy reference by file (symbol)

/opt/devkitpro/devkitARM/lib/gcc/arm-none-eabi/15.2.0/thumb/libgcc.a(_aeabi_ldivmod.o)
                              bn_hw_text.o (__aeabi_ldivmod)
/opt/devkitpro/devkitARM/lib/gcc/arm-none-eabi/15.2.0/thumb/libgcc.a(_aeabi_uldivmod.o)
                              bn_hw_text.o (__aeabi_uldivmod)
/opt/devkitpro/devkitARM/lib/gcc/arm-none-eabi/15.2.0/thumb/libgcc.a(_sync_none.o)
                              (__sync_synchronize_none)
/opt/devkitpro/devkitARM/lib/gcc/arm-none-eabi/15.2.0/thumb/libgcc.a(_udivmoddi4.o)
                              /opt/devkitpro/devkitARM/lib/gcc/arm-none-eabi/15.2.0/thumb/libgcc.a(_aeabi_ldivmod.o) (__udivmoddi4)

Discarded input sections

 .text          0x00000000        0x0 /opt/devkitpro/devkitARM/lib/gcc/arm-none-eabi/15.2.0/../../../../arm-none-eabi/lib/thumb/gba_crt0.o
 .data          0x00000000        0x0 /opt/devkitpro/devkitARM/lib/gcc/arm-none-eabi/15.2.0/../../../../arm-none-eabi/lib/thumb/gba_crt0.o
 .bss           0x00000000        0x0 /opt/devkitpro/devkitARM/lib/gcc/arm-none-eabi/15.2.0/../../../../arm-none-eabi/lib/thumb/gba_crt0.o
 .text          0x00000000        0x0 /opt/devkitpro/devkitARM/lib/gcc/arm-none-eabi/15.2.0/thumb/crti.o
 .data          0x00000000        0x0 /opt/devkitpro/devkitARM/lib/gcc/arm-none-eabi/15.2.0/thumb/crti.o
 .bss           0x00000000        0x0 /opt/devkitpro/devkitARM/lib/gcc/arm-none-eabi/15.2.0/thumb/crti.o
 .text          0x00000000        0x0 /opt/devkitpro/devkitARM/lib/gcc/arm-none-eabi/15.2.0/thumb/crtbegin.o
 .data          0x00000000        0x0 /opt/devkitpro/devkitARM/lib/gcc/arm-none-eabi/15.2.0/thumb/crtbegin.o
 .bss           0x00000000        0x0 /opt/devkitpro/devkitARM/lib/gcc/arm-none-eabi/15.2.0/thumb/crtbegin.o
 .rodata.all_implied_fbits
                0x00000000       0x24 /opt/devkitpro/devkitARM/lib/gcc/arm-none-eabi/15.2.0/thumb/crtbegin.o
 .text          0x00000000        0x0 bn_audio_soundbank.bin.o
 .data          0x00000000        0x0 bn_audio_soundbank.bin.o
 .bss           0x00000000        0x0 bn_audio_soundbank.bin.o
 .text          0x00000000        0x0 ball_bn_gfx.o
 .data          0x00000000        0x0 ball_bn_gfx.o
 .bss           0x00000000        0x0 ball_bn_gfx.o
 .text          0x00000000        0x0 bars_bn_gfx.o
 .data          0x00000000        0x0 bars_bn_gfx.o
 .bss           0x00000000        0x0 bars_bn_gfx.o
 .text          0x00000000        0x0 bau_bn_gfx.o
 .data          0x00000000        0x0 bau_bn_gfx.o
 .bss           0x00000000        0x0 bau_bn_gfx.o
 .text          0x00000000        0x0 bg_country_bn_gfx.o
 .data          0x00000000        0x0 bg_country_bn_gfx.o
 .bss           0x00000000        0x0 bg_country_bn_gfx.o
 .text          0x00000000        0x0 cat_bn_gfx.o
 .data          0x00000000        0x0 cat_bn_gfx.o
 .bss           0x00000000        0x0 cat_bn_gfx.o
 .text          0x00000000        0x0 country_bn_gfx.o
 .data          0x00000000        0x0 country_bn_gfx.o
 .bss           0x00000000        0x0 country_bn_gfx.o
 .rodata        0x00000000     0x78c0 country_bn_gfx.o
 .text          0x00000000        0x0 dayplatf_bn_gfx.o
 .data          0x00000000        0x0 dayplatf_bn_gfx.o
 .bss           0x00000000        0x0 dayplatf_bn_gfx.o
 .text          0x00000000        0x0 dog2_bn_gfx.o
 .data          0x00000000        0x0 dog2_bn_gfx.o
 .bss           0x00000000        0x0 dog2_bn_gfx.o
 .text          0x00000000        0x0 dog3_bn_gfx.o
 .data          0x00000000        0x0 dog3_bn_gfx.o
 .bss           0x00000000        0x0 dog3_bn_gfx.o
 .text          0x00000000        0x0 dog4_bn_gfx.o
 .data          0x00000000        0x0 dog4_bn_gfx.o
 .bss           0x00000000        0x0 dog4_bn_gfx.o
 .text          0x00000000        0x0 dog5_bn_gfx.o
 .data          0x00000000        0x0 dog5_bn_gfx.o
 .bss           0x00000000        0x0 dog5_bn_gfx.o
 .text          0x00000000        0x0 dog_bn_gfx.o
 .data          0x00000000        0x0 dog_bn_gfx.o
 .bss           0x00000000        0x0 dog_bn_gfx.o
 .text          0x00000000        0x0 font_bn_gfx.o
 .data          0x00000000        0x0 font_bn_gfx.o
 .bss           0x00000000        0x0 font_bn_gfx.o
 .rodata        0x00000000      0xf00 font_bn_gfx.o
 .text          0x00000000        0x0 food_bn_gfx.o
 .data          0x00000000        0x0 food_bn_gfx.o
 .bss           0x00000000        0x0 food_bn_gfx.o
 .rodata        0x00000000     0x2020 food_bn_gfx.o
 .text          0x00000000        0x0 fox_bn_gfx.o
 .data          0x00000000        0x0 fox_bn_gfx.o
 .bss           0x00000000        0x0 fox_bn_gfx.o
 .text          0x00000000        0x0 text_bg_bn_gfx.o
 .data          0x00000000        0x0 text_bg_bn_gfx.o
 .bss           0x00000000        0x0 text_bg_bn_gfx.o
 .rodata        0x00000000      0x840 text_bg_bn_gfx.o
 .text          0x00000000        0x0 zombie_bn_gfx.o
 .data          0x00000000        0x0 zombie_bn_gfx.o
[...]
Memory Configuration

Name             Origin             Length             Attributes
rom              0x08000000         0x02000000
iwram            0x03000000         0x00008000
ewram            0x02000000         0x00040000
*default*        0x00000000         0xffffffff

Linker script and memory map

                0x00000000                        __sync_synchronize = __sync_synchronize_none
                0x08000000                        __text_start = ORIGIN (rom)
                0x02040000                        __eheap_end = (ORIGIN (ewram) + LENGTH (ewram))
                0x03000000                        __iwram_start = ORIGIN (iwram)
                0x03008000                        __iwram_top = (ORIGIN (iwram) + LENGTH (iwram))
                0x03007fa0                        __sp_irq = (__iwram_top - 0x60)
                0x03007f00                        __sp_usr = (__sp_irq - 0xa0)
                0x03007ff8                        __irq_flags = 0x3007ff8
                0x08000000                        . = __text_start

.crt0           0x08000000      0x210
 *(.crt0)
 .crt0          0x08000000      0x210 /opt/devkitpro/devkitARM/lib/gcc/arm-none-eabi/15.2.0/../../../../arm-none-eabi/lib/thumb/gba_crt0.o
                0x08000000                _start
                0x080000c4                __boot_method
                0x080000c5                __slave_number
                0x080000e0                start_vector
                0x08000210                        . = ALIGN (0x4)

.init           0x08000210        0xc
 *(SORT_NONE(.init))
 .init          0x08000210        0x4 /opt/devkitpro/devkitARM/lib/gcc/arm-none-eabi/15.2.0/thumb/crti.o
                0x08000210                _init
 .init          0x08000214        0x8 /opt/devkitpro/devkitARM/lib/gcc/arm-none-eabi/15.2.0/thumb/crtn.o

.plt            0x0800021c        0x0
 *(.plt)
                0x0800021c                        . = ALIGN (0x4)

.text           0x08000220    0x1bde8
 *(EXCLUDE_FILE(*.iwram*) .text*)
 .text.__do_global_dtors_aux
                0x08000220       0x2c /opt/devkitpro/devkitARM/lib/gcc/arm-none-eabi/15.2.0/thumb/crtbegin.o
 .text.frame_dummy
                0x0800024c       0x24 /opt/devkitpro/devkitARM/lib/gcc/arm-none-eabi/15.2.0/thumb/crtbegin.o
 .text._ZN3_bn6assert9show_argsIA22_cEEvPKcS4_S4_iRKT_
                0x08000270       0x48 ball.o
                0x08000270                _ZN3_bn6assert9show_argsIA22_cEEvPKcS4_S4_iRKT_
 .text._ZN4ballC2Ev
                0x080002b8      0x120 ball.o
                0x080002b8                _ZN4ballC1Ev
                0x080002b8                _ZN4ballC2Ev
 .text._ZN4ball6updateEv
                0x080003d8      0x1fc ball.o
                0x080003d8                _ZN4ball6updateEv
 .text._ZN3bauC2EP11GameContext
                0x080005d4       0x98 bau.o
                0x080005d4                _ZN3bauC1EP11GameContext
                0x080005d4                _ZN3bauC2EP11GameContext
 .text._ZN3bau6updateEv
                0x0800066c       0xa4 bau.o
                0x0800066c                _ZN3bau6updateEv
 .text._Z18check_collision_16RKN2bn10sprite_ptrES2_
                0x08000710       0x58 collision.o
                0x08000710                _Z18check_collision_16RKN2bn10sprite_ptrES2_
 .text._Z24check_collision_ball_dogRKN2bn10sprite_ptrERK3dog
                0x08000768       0x94 collision.o
                0x08000768                _Z24check_collision_ball_dogRKN2bn10sprite_ptrERK3dog
 .text._Z18check_collision_16RKN2bn10sprite_ptrERK3dog
                0x080007fc       0x94 collision.o
                0x080007fc                _Z18check_collision_16RKN2bn10sprite_ptrERK3dog
 .text._ZN2bn13ostringstream6appendILi12EEEvNS_7fixed_tIXT_EEE
                0x08000890       0xa0 collision.o
                0x08000890                _ZN2bn13ostringstream6appendILi12EEEvNS_7fixed_tIXT_EEE
 .text._ZN3_bn6assert9show_argsIA16_cN2bn7fixed_tILi12EEEEEvPKcS7_S7_iRKT_RKT0_
                0x08000930       0x54 collision.o
                0x08000930                _ZN3_bn6assert9show_argsIA16_cN2bn7fixed_tILi12EEEEEvPKcS7_S7_iRKT_RKT0_
 .text._ZN3_bn6assert9show_argsIA17_cN2bn7fixed_tILi12EEEEEvPKcS7_S7_iRKT_RKT0_
                0x08000984       0x54 collision.o
                0x08000984                _ZN3_bn6assert9show_argsIA17_cN2bn7fixed_tILi12EEEEEvPKcS7_S7_iRKT_RKT0_
 .text._Z15check_collisionRKN2bn10sprite_ptrES2_
                0x080009d8      0x160 collision.o
                0x080009d8                _Z15check_collisionRKN2bn10sprite_ptrES2_
 .text._ZN3dogC2EiP4ballP5humanP3bauRN2bn6vectorI5enemyLi12EEE
                0x08000b38      0x3cc dog.o
                0x08000b38                _ZN3dogC2EiP4ballP5humanP3bauRN2bn6vectorI5enemyLi12EEE
                0x08000b38                _ZN3dogC1EiP4ballP5humanP3bauRN2bn6vectorI5enemyLi12EEE
 .text._ZN3dog6updateEv
                0x08000f04      0x620 dog.o
                0x08000f04                _ZN3dog6updateEv
 .text._Z20dog_selection_screenRN2bn21sprite_text_generatorE
                0x08001524      0x39c dog_selection.o
                0x08001524                _Z20dog_selection_screenRN2bn21sprite_text_generatorE
 .text._ZN5enemy8do_spawnEv
                0x080018c0       0x48 enemy.o
                0x080018c0                _ZN5enemy8do_spawnEv
 .text._ZN5enemyC2EP4ballP3bauP3dog
                0x08001908      0x53c enemy.o
                0x08001908                _ZN5enemyC1EP4ballP3bauP3dog
                0x08001908                _ZN5enemyC2EP4ballP3bauP3dog
 .text._ZN5enemy6updateEv
                0x08001e44      0x31c enemy.o
                0x08001e44                _ZN5enemy6updateEv
 .text._ZN11GameContextC2ERN2bn21sprite_text_generatorERNS0_14regular_bg_ptrES4_S4_i
                0x08002160      0x19c game_context.o
                0x08002160                _ZN11GameContextC2ERN2bn21sprite_text_generatorERNS0_14regular_bg_ptrES4_S4_i
                0x08002160                _ZN11GameContextC1ERN2bn21sprite_text_generatorERNS0_14regular_bg_ptrES4_S4_i
 .text._ZN10helper_dog21try_jump_over_enemiesEv.part.0
                0x080022fc       0xe8 helper_dog.o
 .text._ZN10helper_dog22check_enemy_collisionsEv
                0x080023e4       0xfc helper_dog.o
                0x080023e4                _ZN10helper_dog22check_enemy_collisionsEv
 .text._ZN10helper_dog5spawnEN2bn7fixed_tILi12EEE
                0x080024e0       0x84 helper_dog.o
                0x080024e0                _ZN10helper_dog5spawnEN2bn7fixed_tILi12EEE
 .text._ZN10helper_dog13apply_physicsEv
                0x08002564       0xfc helper_dog.o
                0x08002564                _ZN10helper_dog13apply_physicsEv
 .text._ZN10helper_dogC2EP11GameContext
                0x08002660      0x36c helper_dog.o
                0x08002660                _ZN10helper_dogC2EP11GameContext
                0x08002660                _ZN10helper_dogC1EP11GameContext
 .text._ZN10helper_dog6updateEv
                0x080029cc      0x254 helper_dog.o
                0x080029cc                _ZN10helper_dog6updateEv
 .text._ZN2bn6vectorINS_10sprite_ptrELi24EED2Ev
                0x08002c20       0x24 hud.o
                0x08002c20                _ZN2bn6vectorINS_10sprite_ptrELi24EED1Ev
                0x08002c20                _ZN2bn6vectorINS_10sprite_ptrELi24EED2Ev
 .text._Z16update_text_initPN2bn21sprite_text_generatorE
                0x08002c44        0xc hud.o
                0x08002c44                _Z16update_text_initPN2bn21sprite_text_generatorE
 .text._Z11update_texti
                0x08002c50       0x78 hud.o
                0x08002c50                _Z11update_texti
 .text._Z17update_text_clearv
                0x08002cc8       0x34 hud.o
                0x08002cc8                _Z17update_text_clearv
 .text._Z16update_text_tickv
                0x08002cfc       0x8c hud.o
                0x08002cfc                _Z16update_text_tickv
 .text._ZN3_bn6assert9show_argsIA39_cEEvPKcS4_S4_iRKT_
                0x08002d88       0x48 hud.o
                0x08002d88                _ZN3_bn6assert9show_argsIA39_cEEvPKcS4_S4_iRKT_
 .text._ZN3_bn6formatIiEEvRN2bn13ostringstreamEPKcS5_RKT_
                0x08002dd0       0xd4 hud.o
                0x08002dd0                _ZN3_bn6formatIiEEvRN2bn13ostringstreamEPKcS5_RKT_
 .text._Z18update_text_schemai
                0x08002ea4      0x13c hud.o
                0x08002ea4                _Z18update_text_schemai
 .text.startup._GLOBAL__sub_I_testi
                0x08002fe0      0x118 hud.o
 .text._ZN5human19do_greet_and_launchEv
                0x080030f8       0x58 human.o
                0x080030f8                _ZN5human19do_greet_and_launchEv
 .text._ZN5humanC2EP4ball
                0x08003150      0x48c human.o
                0x08003150                _ZN5humanC1EP4ball
                0x08003150                _ZN5humanC2EP4ball
 .text._ZN5human9do_launchEv
                0x080035dc      0x108 human.o
                0x080035dc                _ZN5human9do_launchEv
 .text._ZN5human6updateEv
                0x080036e4      0x158 human.o
                0x080036e4                _ZN5human6updateEv
 .text._ZN3_bn6assert9show_argsIJA16_ciA4_ciEEEvPKcS5_S5_iDpRKT_
                0x0800383c       0x64 main.o
                0x0800383c                _ZN3_bn6assert9show_argsIJA16_ciA4_ciEEEvPKcS5_S5_iDpRKT_
 .text.startup.main
                0x080038a0      0x6d8 main.o
                0x080038a0                main
 .text._ZN3_bn6assert9show_argsIA16_ciEEvPKcS4_S4_iRKT_RKT0_
                0x08003f78       0x54 common_info.o
                0x08003f78                _ZN3_bn6assert9show_argsIA16_ciEEvPKcS4_S4_iRKT_RKT0_
 .text._ZN3_bn6assert9show_argsIA15_ciEEvPKcS4_S4_iRKT_RKT0_
                0x08003fcc       0x54 common_stats.o
                0x08003fcc                _ZN3_bn6assert9show_argsIA15_ciEEvPKcS4_S4_iRKT_RKT0_
 .text._ZN2bn13ostringstream11append_argsIiJA4_ciEEEvRKT_DpRKT0_.isra.0
                0x08004020       0x24 bn_affine_bg_animate_actions.o
 .text._ZN3_bn6assert9show_argsIA15_cEEvPKcS4_S4_iRKT_
                0x08004044       0x48 bn_affine_bg_animate_actions.o
                0x08004044                _ZN3_bn6assert9show_argsIA15_cEEvPKcS4_S4_iRKT_
 .text._ZN3_bn6assert9show_argsIA23_ciEEvPKcS4_S4_iRKT_RKT0_
                0x0800408c       0x54 bn_affine_bg_animate_actions.o
                0x0800408c                _ZN3_bn6assert9show_argsIA23_ciEEvPKcS4_S4_iRKT_RKT0_
 .text._ZN3_bn6assert9show_argsIA24_ciEEvPKcS4_S4_iRKT_RKT0_
                0x080040e0       0x54 bn_affine_bg_animate_actions.o
                0x080040e0                _ZN3_bn6assert9show_argsIA24_ciEEvPKcS4_S4_iRKT_RKT0_
 .text._ZN3_bn6assert9show_argsIA28_ciEEvPKcS4_S4_iRKT_RKT0_
                0x08004134       0x54 bn_affine_bg_animate_actions.o
                0x08004134                _ZN3_bn6assert9show_argsIA28_ciEEvPKcS4_S4_iRKT_RKT0_
 .text._ZN3_bn6assert9show_argsIJA19_ciA4_ciEEEvPKcS5_S5_iDpRKT_
                0x08004188       0x58 bn_affine_bg_animate_actions.o
                0x08004188                _ZN3_bn6assert9show_argsIJA19_ciA4_ciEEEvPKcS5_S5_iDpRKT_
 .text._ZN2bn13audio_manager4initEv
                0x080041e0       0x60 bn_audio_manager.bn_noflto.o
                0x080041e0                _ZN2bn13audio_manager4initEv
 .text._ZN2bn13audio_manager7disableEv
                0x08004240       0x10 bn_audio_manager.bn_noflto.o
                0x08004240                _ZN2bn13audio_manager7disableEv
 .text._ZN2bn13audio_manager10sound_dataEt
                0x08004250       0x6c bn_audio_manager.bn_noflto.o
                0x08004250                _ZN2bn13audio_manager10sound_dataEt
 .text._ZN2bn13audio_manager6updateEv
                0x080042bc       0x18 bn_audio_manager.bn_noflto.o
                0x080042bc                _ZN2bn13audio_manager6updateEv
 .text._ZN2bn13audio_manager13vblank_commitEv
                0x080042d4       0x2c bn_audio_manager.bn_noflto.o
                0x080042d4                _ZN2bn13audio_manager13vblank_commitEv
 .text._ZN2bn13audio_manager14delayed_commitEv
                0x08004300       0x34 bn_audio_manager.bn_noflto.o
                0x08004300                _ZN2bn13audio_manager14delayed_commitEv
 .text._ZN2bn13audio_manager4stopEv
                0x08004334       0x78 bn_audio_manager.bn_noflto.o
                0x08004334                _ZN2bn13audio_manager4stopEv
 .text._ZN3_bn6assert9show_argsIA18_ciEEvPKcS4_S4_iRKT_RKT0_
                0x080043ac       0x54 bn_audio_manager.bn_noflto.o
                0x080043ac                _ZN3_bn6assert9show_argsIA18_ciEEvPKcS4_S4_iRKT_RKT0_
 .text._ZN3_bn6assert9show_argsIA14_ciEEvPKcS4_S4_iRKT_RKT0_
                0x08004400       0x54 bn_audio_manager.bn_noflto.o
                0x08004400                _ZN3_bn6assert9show_argsIA14_ciEEvPKcS4_S4_iRKT_RKT0_
 .text._ZN3_bn6assert9show_argsIA26_ciEEvPKcS4_S4_iRKT_RKT0_
                0x08004454       0x54 bn_audio_manager.bn_noflto.o
                0x08004454                _ZN3_bn6assert9show_argsIA26_ciEEvPKcS4_S4_iRKT_RKT0_
 .text._ZN3_bn6assert9show_argsIA33_cEEvPKcS4_S4_iRKT_
                0x080044a8       0x48 bn_audio_manager.bn_noflto.o
                0x080044a8                _ZN3_bn6assert9show_argsIA33_cEEvPKcS4_S4_iRKT_
 .text._ZN3_bn6assert9show_argsIA25_cEEvPKcS4_S4_iRKT_
                0x080044f0       0x48 bn_audio_manager.bn_noflto.o
                0x080044f0                _ZN3_bn6assert9show_argsIA25_cEEvPKcS4_S4_iRKT_
 .text._ZN3_bn6assert9show_argsIA24_cEEvPKcS4_S4_iRKT_
                0x08004538       0x48 bn_audio_manager.bn_noflto.o
                0x08004538                _ZN3_bn6assert9show_argsIA24_cEEvPKcS4_S4_iRKT_
 .text._ZN3_bn6assert9show_argsIA20_cEEvPKcS4_S4_iRKT_
                0x08004580       0x48 bn_audio_manager.bn_noflto.o
                0x08004580                _ZN3_bn6assert9show_argsIA20_cEEvPKcS4_S4_iRKT_
 .text._ZN3_bn6assert9show_argsIA26_cEEvPKcS4_S4_iRKT_
                0x080045c8       0x48 bn_audio_manager.bn_noflto.o
                0x080045c8                _ZN3_bn6assert9show_argsIA26_cEEvPKcS4_S4_iRKT_
 .text._ZN3_bn6assert9show_argsIA21_cEEvPKcS4_S4_iRKT_
                0x08004610       0x48 bn_audio_manager.bn_noflto.o
                0x08004610                _ZN3_bn6assert9show_argsIA21_cEEvPKcS4_S4_iRKT_
 .text._ZN3_bn6assert9show_argsIA32_cEEvPKcS4_S4_iRKT_
                0x08004658       0x48 bn_audio_manager.bn_noflto.o
                0x08004658                _ZN3_bn6assert9show_argsIA32_cEEvPKcS4_S4_iRKT_
 .text._ZN3_bn6assert9show_argsIA25_cN2bn7fixed_tILi12EEEEEvPKcS7_S7_iRKT_RKT0_
                0x080046a0       0x54 bn_audio_manager.bn_noflto.o
                0x080046a0                _ZN3_bn6assert9show_argsIA25_cN2bn7fixed_tILi12EEEEEvPKcS7_S7_iRKT_RKT0_
 .text._ZNK2bn10music_item4playENS_7fixed_tILi12EEE
                0x080046f4       0xa8 bn_audio_manager.bn_noflto.o
                0x080046f4                _ZNK2bn10music_item4playENS_7fixed_tILi12EEE
 .text._ZN3_bn6assert9show_argsIA27_cN2bn7fixed_tILi12EEEEEvPKcS7_S7_iRKT_RKT0_
                0x0800479c       0x54 bn_audio_manager.bn_noflto.o
                0x0800479c                _ZN3_bn6assert9show_argsIA27_cN2bn7fixed_tILi12EEEEEvPKcS7_S7_iRKT_RKT0_
 .text._ZN3_bn6assert9show_argsIA25_ciEEvPKcS4_S4_iRKT_RKT0_
                0x080047f0       0x54 bn_audio_manager.bn_noflto.o
                0x080047f0                _ZN3_bn6assert9show_argsIA25_ciEEvPKcS4_S4_iRKT_RKT0_
 .text._ZN2bn13audio_manager16execute_commandsEv
                0x08004844      0x788 bn_audio_manager.bn_noflto.o
                0x08004844                _ZN2bn13audio_manager16execute_commandsEv
 .text._ZN3_bn6assert9show_argsIA17_cEEvPKcS4_S4_iRKT_
                0x08004fcc       0x48 bn_audio_manager.bn_noflto.o
                0x08004fcc                _ZN3_bn6assert9show_argsIA17_cEEvPKcS4_S4_iRKT_
 .text._ZN2bn14iunordered_mapIjNS_13audio_manager15sound_data_typeENS_15identity_hasherENS_8equal_toIjEEEclEjRKj
                0x08005014      0x11c bn_audio_manager.bn_noflto.o
                0x08005014                _ZN2bn14iunordered_mapIjNS_13audio_manager15sound_data_typeENS_15identity_hasherENS_8equal_toIjEEEclEjRKj
 .text._ZN2bn13audio_manager10play_soundEiNS_10sound_itemENS_7fixed_tILi12EEES3_S3_
                0x08005130       0xe0 bn_audio_manager.bn_noflto.o
                0x08005130                _ZN2bn13audio_manager10play_soundEiNS_10sound_itemENS_7fixed_tILi12EEES3_S3_
 .text._ZNK2bn10sound_item4playENS_7fixed_tILi12EEE
                0x08005210       0x44 bn_audio_manager.bn_noflto.o
                0x08005210                _ZNK2bn10sound_item4playENS_7fixed_tILi12EEE
 .text._ZN2bn18best_fit_allocator4freeEPv
                0x08005254      0x110 bn_best_fit_allocator.o
                0x08005254                _ZN2bn18best_fit_allocator4freeEPv
 .text._ZN3_bn6assert9show_argsIA23_cEEvPKcS4_S4_iRKT_
                0x08005364       0x48 bn_best_fit_allocator.o
                0x08005364                _ZN3_bn6assert9show_argsIA23_cEEvPKcS4_S4_iRKT_
 .text._ZN3_bn6assert9show_argsIA20_ciEEvPKcS4_S4_iRKT_RKT0_
                0x080053ac       0x54 bn_best_fit_allocator.o
                0x080053ac                _ZN3_bn6assert9show_argsIA20_ciEEvPKcS4_S4_iRKT_RKT0_
 .text._ZN3_bn6assert9show_argsIA14_cEEvPKcS4_S4_iRKT_
                0x08005400       0x48 bn_best_fit_allocator.o
                0x08005400                _ZN3_bn6assert9show_argsIA14_cEEvPKcS4_S4_iRKT_
 .text._ZN2bn18best_fit_allocator5resetEPvi
                0x08005448       0xd4 bn_best_fit_allocator.o
                0x08005448                _ZN2bn18best_fit_allocator5resetEPvi
 .text._ZN2bn17bg_blocks_manager12_GLOBAL__N_1L17_hw_commit_offsetEPKtjtPt
                0x0800551c       0x74 bn_bg_blocks_manager.o
 .text._ZN2bn13ostringstream11append_argsIiJA4_ctEEEvRKT_DpRKT0_.isra.0
                0x08005590       0x24 bn_bg_blocks_manager.o
 .text._ZN2bn13ostringstream11append_argsIiJA4_ciEEEvRKT_DpRKT0_.isra.0
                0x080055b4       0x24 bn_bg_blocks_manager.o
 .text._ZN2bn17bg_blocks_manager15decrease_usagesEi.part.0
                0x080055d8      0x130 bn_bg_blocks_manager.o
 .text._ZN2bn17bg_blocks_manager12_GLOBAL__N_110items_list12insert_afterEiRKNS1_9item_typeE.constprop.0
                0x08005708      0x2b4 bn_bg_blocks_manager.o
 .text._ZN2bn18regular_bg_map_ptrD2Ev
                0x080059bc       0x34 bn_bg_blocks_manager.o
                0x080059bc                _ZN2bn18regular_bg_map_ptrD2Ev
                0x080059bc                _ZN2bn18regular_bg_map_ptrD1Ev
 .text._ZNK2bn18regular_bg_map_ptr2idEv
                0x080059f0       0x18 bn_bg_blocks_manager.o
                0x080059f0                _ZNK2bn18regular_bg_map_ptr2idEv
 .text._ZNK2bn18regular_bg_map_ptr10dimensionsEv
                0x08005a08       0x20 bn_bg_blocks_manager.o
                0x08005a08                _ZNK2bn18regular_bg_map_ptr10dimensionsEv
 .text._ZNK2bn18regular_bg_map_ptr3bigEv
                0x08005a28       0x1c bn_bg_blocks_manager.o
                0x08005a28                _ZNK2bn18regular_bg_map_ptr3bigEv
 .text._ZNK2bn18regular_bg_map_ptr3bppEv
                0x08005a44       0x1c bn_bg_blocks_manager.o
                0x08005a44                _ZNK2bn18regular_bg_map_ptr3bppEv
 .text._ZNK2bn20regular_bg_tiles_ptr3cbbEv
                0x08005a60       0x18 bn_bg_blocks_manager.o
                0x08005a60                _ZNK2bn20regular_bg_tiles_ptr3cbbEv
 .text._ZNK2bn17affine_bg_map_ptr2idEv
                0x08005a78       0x18 bn_bg_blocks_manager.o
                0x08005a78                _ZNK2bn17affine_bg_map_ptr2idEv
 .text._ZNK2bn17affine_bg_map_ptr10dimensionsEv
                0x08005a90       0x20 bn_bg_blocks_manager.o
                0x08005a90                _ZNK2bn17affine_bg_map_ptr10dimensionsEv
 .text._ZNK2bn19affine_bg_tiles_ptr3cbbEv
                0x08005ab0       0x18 bn_bg_blocks_manager.o
                0x08005ab0                _ZNK2bn19affine_bg_tiles_ptr3cbbEv
 .text._ZN2bn17bg_blocks_manager4initEv
                0x08005ac8       0x94 bn_bg_blocks_manager.o
                0x08005ac8                _ZN2bn17bg_blocks_manager4initEv
 .text._ZN2bn17bg_blocks_manager10log_statusEv
                0x08005b5c      0x44c bn_bg_blocks_manager.o
                0x08005b5c                _ZN2bn17bg_blocks_manager10log_statusEv
 .text._ZN2bn17bg_blocks_manager15decrease_usagesEi
                0x08005fa8       0x28 bn_bg_blocks_manager.o
                0x08005fa8                _ZN2bn17bg_blocks_manager15decrease_usagesEi
 .text._ZN2bn17bg_blocks_manager11must_commitEi
                0x08005fd0       0x18 bn_bg_blocks_manager.o
                0x08005fd0                _ZN2bn17bg_blocks_manager11must_commitEi
 .text._ZN2bn17bg_blocks_manager6updateEv
                0x08005fe8      0x254 bn_bg_blocks_manager.o
                0x08005fe8                _ZN2bn17bg_blocks_manager6updateEv
 .text._ZN3_bn6assert9show_argsIA52_ctEEvPKcS4_S4_iRKT_RKT0_
                0x0800623c       0x54 bn_bg_blocks_manager.o
                0x0800623c                _ZN3_bn6assert9show_argsIA52_ctEEvPKcS4_S4_iRKT_RKT0_
 .text._ZN3_bn6assert9show_argsIJA20_ciA4_ctEEEvPKcS5_S5_iDpRKT_
                0x08006290       0x58 bn_bg_blocks_manager.o
                0x08006290                _ZN3_bn6assert9show_argsIJA20_ciA4_ctEEEvPKcS5_S5_iDpRKT_
 .text._ZN3_bn6assert9show_argsIJA22_ciA4_ciEEEvPKcS5_S5_iDpRKT_
                0x080062e8       0x58 bn_bg_blocks_manager.o
                0x080062e8                _ZN3_bn6assert9show_argsIJA22_ciA4_ciEEEvPKcS5_S5_iDpRKT_
 .text._ZN3_bn6assert9show_argsIJA58_ciA4_ciEEEvPKcS5_S5_iDpRKT_
                0x08006340       0x58 bn_bg_blocks_manager.o
                0x08006340                _ZN3_bn6assert9show_argsIJA58_ciA4_ciEEEvPKcS5_S5_iDpRKT_
 .text._ZN3_bn6assert9show_argsIA38_cEEvPKcS4_S4_iRKT_
                0x08006398       0x48 bn_bg_blocks_manager.o
                0x08006398                _ZN3_bn6assert9show_argsIA38_cEEvPKcS4_S4_iRKT_
 .text._ZN3_bn6assert9show_argsIA27_ciEEvPKcS4_S4_iRKT_RKT0_
                0x080063e0       0x54 bn_bg_blocks_manager.o
                0x080063e0                _ZN3_bn6assert9show_argsIA27_ciEEvPKcS4_S4_iRKT_RKT0_
 .text._ZN2bn17bg_blocks_manager12_GLOBAL__N_1L10_hw_commitEPKtNS_16compression_typeEibPt
                0x08006434       0x68 bn_bg_blocks_manager.o
 .text._ZN3_bn6assert9show_argsIA19_cEEvPKcS4_S4_iRKT_
                0x0800649c       0x48 bn_bg_blocks_manager.o
                0x0800649c                _ZN3_bn6assert9show_argsIA19_cEEvPKcS4_S4_iRKT_
 .text._ZN3_bn6assert9show_argsIA22_ciEEvPKcS4_S4_iRKT_RKT0_
                0x080064e4       0x54 bn_bg_blocks_manager.o
                0x080064e4                _ZN3_bn6assert9show_argsIA22_ciEEvPKcS4_S4_iRKT_RKT0_
 .text._ZN2bn17bg_blocks_manager12_GLOBAL__N_1L16_find_tiles_implEPKtNS_16compression_typeEiNS_8bpp_modeEb
                0x08006538      0x104 bn_bg_blocks_manager.o
 .text._ZN2bn17bg_blocks_manager12_GLOBAL__N_1L17_fix_blocks_countERKNS1_9item_typeEi
                0x0800663c       0x7c bn_bg_blocks_manager.o
 .text._ZN3_bn6assert9show_argsIJA32_cA15_cPKtA16_ciA17_ciA34_cN2bn11string_viewEEEEvPKcSC_SC_iDpRKT_
                0x080066b8       0x90 bn_bg_blocks_manager.o
                0x080066b8                _ZN3_bn6assert9show_argsIJA32_cA15_cPKtA16_ciA17_ciA34_cN2bn11string_viewEEEEvPKcSC_SC_iDpRKT_
 .text._ZN3_bn6assert9show_argsIJA39_ciA4_ciEEEvPKcS5_S5_iDpRKT_
                0x08006748       0x58 bn_bg_blocks_manager.o
                0x08006748                _ZN3_bn6assert9show_argsIJA39_ciA4_ciEEEvPKcS5_S5_iDpRKT_
 .text._ZN3_bn6assert9show_argsIA31_cEEvPKcS4_S4_iRKT_
                0x080067a0       0x48 bn_bg_blocks_manager.o
                0x080067a0                _ZN3_bn6assert9show_argsIA31_cEEvPKcS4_S4_iRKT_
 .text._ZN3_bn6assert9show_argsIJA35_ciA4_ciEEEvPKcS5_S5_iDpRKT_
                0x080067e8       0x58 bn_bg_blocks_manager.o
                0x080067e8                _ZN3_bn6assert9show_argsIJA35_ciA4_ciEEEvPKcS5_S5_iDpRKT_
 .text._ZN3_bn6assert9show_argsIJA37_ciA4_ciEEEvPKcS5_S5_iDpRKT_
                0x08006840       0x58 bn_bg_blocks_manager.o
                0x08006840                _ZN3_bn6assert9show_argsIJA37_ciA4_ciEEEvPKcS5_S5_iDpRKT_
 .text._ZNK2bn18regular_bg_map_ptr5tilesEv
                0x08006898       0x48 bn_bg_blocks_manager.o
                0x08006898                _ZNK2bn18regular_bg_map_ptr5tilesEv
 .text._ZNK2bn17affine_bg_map_ptr5tilesEv
                0x080068e0       0x48 bn_bg_blocks_manager.o
                0x080068e0                _ZNK2bn17affine_bg_map_ptr5tilesEv
 .text._ZN2bn17bg_blocks_manager21set_regular_map_tilesEiONS_20regular_bg_tiles_ptrE
                0x08006928      0x204 bn_bg_blocks_manager.o
                0x08006928                _ZN2bn17bg_blocks_manager21set_regular_map_tilesEiONS_20regular_bg_tiles_ptrE
 .text._ZN2bn17bg_blocks_manager21update_affine_map_rowEiii
                0x08006b2c      0x160 bn_bg_blocks_manager.o
                0x08006b2c                _ZN2bn17bg_blocks_manager21update_affine_map_rowEiii
 .text._ZN2bn17bg_blocks_manager28update_affine_map_bottom_rowEiii
                0x08006c8c       0x30 bn_bg_blocks_manager.o
                0x08006c8c                _ZN2bn17bg_blocks_manager28update_affine_map_bottom_rowEiii
 .text._ZN2bn17bg_blocks_manager22update_regular_map_rowEiii
                0x08006cbc      0x184 bn_bg_blocks_manager.o
                0x08006cbc                _ZN2bn17bg_blocks_manager22update_regular_map_rowEiii
 .text._ZN2bn17bg_blocks_manager22update_regular_map_colEiii
                0x08006e40      0x1dc bn_bg_blocks_manager.o
                0x08006e40                _ZN2bn17bg_blocks_manager22update_regular_map_colEiii
 .text._ZN2bn17bg_blocks_manager23set_affine_map_positionEiii
                0x0800701c      0x1f0 bn_bg_blocks_manager.o
                0x0800701c                _ZN2bn17bg_blocks_manager23set_affine_map_positionEiii
 .text._ZN2bn17bg_blocks_manager24set_regular_map_positionEiii
                0x0800720c      0x214 bn_bg_blocks_manager.o
                0x0800720c                _ZN2bn17bg_blocks_manager24set_regular_map_positionEiii
 .text._ZN2bn17bg_blocks_manager21update_affine_map_colEiii
                0x08007420      0x314 bn_bg_blocks_manager.o
                0x08007420                _ZN2bn17bg_blocks_manager21update_affine_map_colEiii
 .text._ZN2bn17bg_blocks_manager27update_affine_map_right_colEiii
                0x08007734       0x30 bn_bg_blocks_manager.o
                0x08007734                _ZN2bn17bg_blocks_manager27update_affine_map_right_colEiii
 .text._ZN2bn17bg_blocks_manager23set_regular_map_paletteEiONS_14bg_palette_ptrE
                0x08007764      0x1b4 bn_bg_blocks_manager.o
                0x08007764                _ZN2bn17bg_blocks_manager23set_regular_map_paletteEiONS_14bg_palette_ptrE
 .text._ZN2bn17bg_blocks_manager33set_regular_map_tiles_and_paletteEiONS_20regular_bg_tiles_ptrEONS_14bg_palette_ptrE
                0x08007918      0x2e8 bn_bg_blocks_manager.o
                0x08007918                _ZN2bn17bg_blocks_manager33set_regular_map_tiles_and_paletteEiONS_20regular_bg_tiles_ptrEONS_14bg_palette_ptrE
 .text._ZN2bn17bg_blocks_manager12_GLOBAL__N_1L22_find_regular_map_implERKNS_19regular_bg_map_itemEPKtRKNS_20regular_bg_tiles_ptrERKNS_14bg_palette_ptrE
                0x08007c00      0x2d4 bn_bg_blocks_manager.o
 .text._ZN2bn17bg_blocks_manager12_GLOBAL__N_1L12_commit_itemERKNS1_9item_typeEb
                0x08007ed4      0x1cc bn_bg_blocks_manager.o
 .text._ZN2bn17bg_blocks_manager19commit_uncompressedEb
                0x080080a0       0xf0 bn_bg_blocks_manager.o
                0x080080a0                _ZN2bn17bg_blocks_manager19commit_uncompressedEb
 .text._ZN2bn17bg_blocks_manager17commit_compressedEv
                0x08008190       0x48 bn_bg_blocks_manager.o
                0x08008190                _ZN2bn17bg_blocks_manager17commit_compressedEv
 .text._ZN2bn17bg_blocks_manager12_GLOBAL__N_1L12_create_itemEiibONS1_11create_dataE
                0x080081d8      0x65c bn_bg_blocks_manager.o
 .text._ZN2bn17bg_blocks_manager12_GLOBAL__N_1L12_create_implEONS1_11create_dataE
                0x08008834      0x1fc bn_bg_blocks_manager.o
 .text._ZN2bn17bg_blocks_manager20create_regular_tilesERKNS_21regular_bg_tiles_itemEbb
                0x08008a30      0x1d8 bn_bg_blocks_manager.o
                0x08008a30                _ZN2bn17bg_blocks_manager20create_regular_tilesERKNS_21regular_bg_tiles_itemEbb
 .text._ZN2bn17bg_blocks_manager18create_regular_mapERKNS_19regular_bg_map_itemEPKtONS_20regular_bg_tiles_ptrEONS_14bg_palette_ptrEb
                0x08008c08      0x314 bn_bg_blocks_manager.o
                0x08008c08                _ZN2bn17bg_blocks_manager18create_regular_mapERKNS_19regular_bg_map_itemEPKtONS_20regular_bg_tiles_ptrEONS_14bg_palette_ptrEb
 .text._ZN2bn18regular_bg_map_ptr6createERKNS_15regular_bg_itemEi
                0x08008f1c       0xf8 bn_bg_blocks_manager.o
                0x08008f1c                _ZN2bn18regular_bg_map_ptr6createERKNS_15regular_bg_itemEi
 .text._ZN3_bn6assert9show_argsIA39_ciEEvPKcS4_S4_iRKT_RKT0_
                0x08009014       0x54 bn_bg_blocks_manager.o
                0x08009014                _ZN3_bn6assert9show_argsIA39_ciEEvPKcS4_S4_iRKT_RKT0_
 .text._ZN2bn11bgs_manager12_GLOBAL__N_1L29_check_unique_regular_big_mapERNS1_9item_typeE
                0x08009068       0x6c bn_bgs_manager.o
 .text._ZN2bn11bgs_manager12_GLOBAL__N_1L33_update_item_hw_affine_attributesERKNS1_9item_typeE
                0x080090d4       0x48 bn_bgs_manager.o
 .text._ZN2bn13ostringstream11append_argsIiJA4_ciEEEvRKT_DpRKT0_.isra.0
                0x0800911c       0x24 bn_bgs_manager.o
 .text._ZN2bn14regular_bg_ptr5set_xENS_7fixed_tILi12EEE
                0x08009140       0x64 bn_bgs_manager.o
                0x08009140                _ZN2bn14regular_bg_ptr5set_xENS_7fixed_tILi12EEE
 .text._ZN2bn14regular_bg_ptr5set_yENS_7fixed_tILi12EEE
                0x080091a4       0x64 bn_bgs_manager.o
                0x080091a4                _ZN2bn14regular_bg_ptr5set_yENS_7fixed_tILi12EEE
 .text._ZN2bn11bgs_manager4initEv
                0x08009208       0x98 bn_bgs_manager.o
                0x08009208                _ZN2bn11bgs_manager4initEv
 .text._ZN2bn11bgs_manager5hw_idEPv
                0x080092a0        0x8 bn_bgs_manager.o
                0x080092a0                _ZN2bn11bgs_manager5hw_idEPv
 .text._ZN2bn11bgs_manager11hw_positionEPv
                0x080092a8        0x4 bn_bgs_manager.o
                0x080092a8                _ZN2bn11bgs_manager11hw_positionEPv
 .text._ZN2bn11bgs_manager14mat_attributesEPv
                0x080092ac        0x4 bn_bgs_manager.o
                0x080092ac                _ZN2bn11bgs_manager14mat_attributesEPv
 .text._ZN2bn11bgs_manager20update_windows_flagsEPj
                0x080092b0       0x7c bn_bgs_manager.o
                0x080092b0                _ZN2bn11bgs_manager20update_windows_flagsEPj
 .text._ZN2bn11bgs_manager10set_cameraEPvONS_10camera_ptrE
                0x0800932c      0x1a0 bn_bgs_manager.o
                0x0800932c                _ZN2bn11bgs_manager10set_cameraEPvONS_10camera_ptrE
 .text._ZN2bn14regular_bg_ptr10set_cameraERKNS_10camera_ptrE
                0x080094cc       0x24 bn_bgs_manager.o
                0x080094cc                _ZN2bn14regular_bg_ptr10set_cameraERKNS_10camera_ptrE
 .text._ZN2bn11bgs_manager14update_camerasEv
                0x080094f0      0x138 bn_bgs_manager.o
                0x080094f0                _ZN2bn11bgs_manager14update_camerasEv
 .text._ZN2bn11bgs_manager28update_regular_map_tiles_cbbEii
                0x08009628       0x94 bn_bgs_manager.o
                0x08009628                _ZN2bn11bgs_manager28update_regular_map_tiles_cbbEii
 .text._ZN2bn11bgs_manager22update_regular_map_bppEiNS_8bpp_modeE
                0x080096bc       0x98 bn_bgs_manager.o
                0x080096bc                _ZN2bn11bgs_manager22update_regular_map_bppEiNS_8bpp_modeE
 .text._ZN2bn11bgs_manager36fill_hblank_effect_regular_positionsEiPKNS_7fixed_tILi12EEEPt
                0x08009754       0x38 bn_bgs_manager.o
                0x08009754                _ZN2bn11bgs_manager36fill_hblank_effect_regular_positionsEiPKNS_7fixed_tILi12EEEPt
 .text._ZN2bn11bgs_manager45fill_hblank_effect_pivot_horizontal_positionsEPvPKNS_7fixed_tILi12EEEPj
                0x0800978c       0x28 bn_bgs_manager.o
                0x0800978c                _ZN2bn11bgs_manager45fill_hblank_effect_pivot_horizontal_positionsEPvPKNS_7fixed_tILi12EEEPj
 .text._ZN2bn11bgs_manager43fill_hblank_effect_pivot_vertical_positionsEPvPKNS_7fixed_tILi12EEEPj
                0x080097b4       0x28 bn_bgs_manager.o
                0x080097b4                _ZN2bn11bgs_manager43fill_hblank_effect_pivot_vertical_positionsEPvPKNS_7fixed_tILi12EEEPj
 .text._ZN2bn11bgs_manager36fill_hblank_effect_bitmap_attributesEPvPKNS_20bitmap_bg_attributesEPt
                0x080097dc       0x50 bn_bgs_manager.o
                0x080097dc                _ZN2bn11bgs_manager36fill_hblank_effect_bitmap_attributesEPvPKNS_20bitmap_bg_attributesEPt
 .text._ZN2bn11bgs_manager6commitEb
                0x0800982c       0x58 bn_bgs_manager.o
                0x0800982c                _ZN2bn11bgs_manager6commitEb
 .text._ZN2bn11bgs_manager4stopEv
                0x08009884       0x28 bn_bgs_manager.o
                0x08009884                _ZN2bn11bgs_manager4stopEv
 .text._ZN3_bn6assert9show_argsIA17_ciEEvPKcS4_S4_iRKT_RKT0_
                0x080098ac       0x54 bn_bgs_manager.o
                0x080098ac                _ZN3_bn6assert9show_argsIA17_ciEEvPKcS4_S4_iRKT_RKT0_
 .text._ZN3_bn6assert9show_argsIA30_cEEvPKcS4_S4_iRKT_
                0x08009900       0x48 bn_bgs_manager.o
                0x08009900                _ZN3_bn6assert9show_argsIA30_cEEvPKcS4_S4_iRKT_
 .text._ZN3_bn6assert9show_argsIJA20_ciA4_ciEEEvPKcS5_S5_iDpRKT_
                0x08009948       0x58 bn_bgs_manager.o
                0x08009948                _ZN3_bn6assert9show_argsIJA20_ciA4_ciEEEvPKcS5_S5_iDpRKT_
 .text._ZN2bn11bgs_manager15commit_big_mapsEv
                0x080099a0      0x208 bn_bgs_manager.o
                0x080099a0                _ZN2bn11bgs_manager15commit_big_mapsEv
 .text._ZN2bn11bgs_manager12_GLOBAL__N_19item_type18update_regular_mapEv
                0x08009ba8      0x1b4 bn_bgs_manager.o
 .text._ZN2bn11bgs_manager10affine_mapEPv
                0x08009d5c       0x34 bn_bgs_manager.o
                0x08009d5c                _ZN2bn11bgs_manager10affine_mapEPv
 .text._ZN2bn11bgs_manager11regular_mapEPv
                0x08009d90       0x34 bn_bgs_manager.o
                0x08009d90                _ZN2bn11bgs_manager11regular_mapEPv
 .text._ZN3_bn6assert9show_argsIA27_cEEvPKcS4_S4_iRKT_
                0x08009dc4       0x48 bn_bgs_manager.o
                0x08009dc4                _ZN3_bn6assert9show_argsIA27_cEEvPKcS4_S4_iRKT_
 .text._ZN3_bn6assert9show_argsIA46_cEEvPKcS4_S4_iRKT_
                0x08009e0c       0x48 bn_bgs_manager.o
                0x08009e0c                _ZN3_bn6assert9show_argsIA46_cEEvPKcS4_S4_iRKT_
 .text._ZN2bn11bgs_manager36fill_hblank_effect_affine_attributesEPvPKNS_20affine_bg_attributesEPt
                0x08009e54      0x10c bn_bgs_manager.o
                0x08009e54                _ZN2bn11bgs_manager36fill_hblank_effect_affine_attributesEPvPKNS_20affine_bg_attributesEPt
 .text._ZN2bn11bgs_manager37fill_hblank_effect_regular_attributesEPvPKNS_21regular_bg_attributesEPt
                0x08009f60      0x118 bn_bgs_manager.o
                0x08009f60                _ZN2bn11bgs_manager37fill_hblank_effect_regular_attributesEPvPKNS_21regular_bg_attributesEPt
 .text._ZN2bn11bgs_manager15rebuild_handlesEv.part.0
                0x0800a078      0x27c bn_bgs_manager.o
 .text._ZN2bn11bgs_manager6updateEv
                0x0800a2f4      0x158 bn_bgs_manager.o
                0x0800a2f4                _ZN2bn11bgs_manager6updateEv
 .text._ZN3_bn6assert9show_argsIA38_cN2bn7fixed_tILi12EEEEEvPKcS7_S7_iRKT_RKT0_
                0x0800a44c       0x54 bn_bgs_manager.o
                0x0800a44c                _ZN3_bn6assert9show_argsIA38_cN2bn7fixed_tILi12EEEEEvPKcS7_S7_iRKT_RKT0_
 .text._ZN2bn11bgs_manager12_GLOBAL__N_1L12_insert_itemERNS1_9item_typeE
                0x0800a4a0      0x124 bn_bgs_manager.o
 .text._ZN3_bn6assert9show_argsIA13_cEEvPKcS4_S4_iRKT_
                0x0800a5c4       0x48 bn_bgs_manager.o
                0x0800a5c4                _ZN3_bn6assert9show_argsIA13_cEEvPKcS4_S4_iRKT_
 .text._ZN2bn11bgs_manager6createEONS_18regular_bg_builderE
                0x0800a60c      0x25c bn_bgs_manager.o
                0x0800a60c                _ZN2bn11bgs_manager6createEONS_18regular_bg_builderE
 .text._ZNK2bn15regular_bg_item9create_bgEi
                0x0800a868       0xc0 bn_bgs_manager.o
                0x0800a868                _ZNK2bn15regular_bg_item9create_bgEi
 .text._ZN2bn10camera_ptrC2ERKS0_
                0x0800a928       0x20 bn_cameras_manager.o
                0x0800a928                _ZN2bn10camera_ptrC1ERKS0_
                0x0800a928                _ZN2bn10camera_ptrC2ERKS0_
 .text._ZN2bn10camera_ptraSERKS0_
                0x0800a948       0x70 bn_cameras_manager.o
                0x0800a948                _ZN2bn10camera_ptraSERKS0_
 .text._ZN2bn10camera_ptrD2Ev
                0x0800a9b8       0x38 bn_cameras_manager.o
                0x0800a9b8                _ZN2bn10camera_ptrD1Ev
                0x0800a9b8                _ZN2bn10camera_ptrD2Ev
 .text._ZN2bn10camera_ptr5set_xENS_7fixed_tILi12EEE
                0x0800a9f0       0x20 bn_cameras_manager.o
                0x0800a9f0                _ZN2bn10camera_ptr5set_xENS_7fixed_tILi12EEE
 .text._ZNK2bn10camera_ptr8positionEv
                0x0800aa10       0x14 bn_cameras_manager.o
                0x0800aa10                _ZNK2bn10camera_ptr8positionEv
 .text._ZN2bn15cameras_manager4initEv
                0x0800aa24       0x24 bn_cameras_manager.o
                0x0800aa24                _ZN2bn15cameras_manager4initEv
 .text._ZN2bn15cameras_manager6updateEv
                0x0800aa48       0x28 bn_cameras_manager.o
                0x0800aa48                _ZN2bn15cameras_manager6updateEv
 .text._ZN2bn10camera_ptr6createENS_7fixed_tILi12EEES2_
                0x0800aa70       0x58 bn_cameras_manager.o
                0x0800aa70                _ZN2bn10camera_ptr6createENS_7fixed_tILi12EEES2_
 .text._ZN2bn4core12_GLOBAL__N_1L12_vblank_intrEv
                0x0800aac8       0x3c bn_core.o
 .text._ZN2bn4core12_GLOBAL__N_1L4stopEb
                0x0800ab04       0x60 bn_core.o
 .text._ZN2bn4core12_GLOBAL__N_1L11update_implEv
                0x0800ab64      0x110 bn_core.o
 .text._ZN2bn4core6updateEv
                0x0800ac74       0x78 bn_core.o
                0x0800ac74                _ZN2bn4core6updateEv
 .text._ZN2bn4core4initERKNS_8optionalINS_5colorEEERKNS_11string_viewE
                0x0800acec      0x138 bn_core.o
                0x0800acec                _ZN2bn4core4initERKNS_8optionalINS_5colorEEERKNS_11string_viewE
 .text._ZN2bn4core4initEv
                0x0800ae24       0x20 bn_core.o
                0x0800ae24                _ZN2bn4core4initEv
 .text._ZN2bn11string_viewC2EPKc
                0x0800ae44       0x40 bn_core.o
                0x0800ae44                _ZN2bn11string_viewC2EPKc
                0x0800ae44                _ZN2bn11string_viewC1EPKc
 .text._ZN3_bn6assert12_GLOBAL__N_1L10_show_implEPKcS3_S3_iRKN2bn11string_viewE
                0x0800ae84       0x80 bn_core.o
 .text._ZN3_bn6assert4showEPKcS2_S2_iRKN2bn12istring_baseE
                0x0800af04       0x18 bn_core.o
                0x0800af04                _ZN3_bn6assert4showEPKcS2_S2_iRKN2bn12istring_baseE
 .text._ZN2bn15display_manager12_GLOBAL__N_1L34_update_rect_windows_hw_boundariesEi
                0x0800af1c       0x84 bn_display_manager.o
 .text._ZN2bn15display_manager4initEv
                0x0800afa0       0xa0 bn_display_manager.o
                0x0800afa0                _ZN2bn15display_manager4initEv
 .text._ZN2bn15display_manager8set_modeEi
                0x0800b040       0x1c bn_display_manager.o
                0x0800b040                _ZN2bn15display_manager8set_modeEi
 .text._ZN2bn15display_manager14set_bg_enabledEib
                0x0800b05c       0x1c bn_display_manager.o
                0x0800b05c                _ZN2bn15display_manager14set_bg_enabledEib
 .text._ZN2bn15display_manager15disable_all_bgsEv
                0x0800b078       0x18 bn_display_manager.o
                0x0800b078                _ZN2bn15display_manager15disable_all_bgsEv
 .text._ZN2bn15display_manager36fill_mosaic_hblank_effect_attributesEPKNS_17mosaic_attributesEPt
                0x0800b090       0x98 bn_display_manager.o
                0x0800b090                _ZN2bn15display_manager36fill_mosaic_hblank_effect_attributesEPKNS_17mosaic_attributesEPt
 .text._ZN2bn15display_manager27set_blending_top_bg_enabledEib
                0x0800b128       0x20 bn_display_manager.o
                0x0800b128                _ZN2bn15display_manager27set_blending_top_bg_enabledEib
 .text._ZN2bn15display_manager30set_blending_bottom_bg_enabledEib
                0x0800b148       0x20 bn_display_manager.o
                0x0800b148                _ZN2bn15display_manager30set_blending_bottom_bg_enabledEib
 .text._ZN2bn15display_manager32blending_transparency_top_weightEv
                0x0800b168       0x18 bn_display_manager.o
                0x0800b168                _ZN2bn15display_manager32blending_transparency_top_weightEv
 .text._ZN2bn15display_manager35blending_transparency_bottom_weightEv
                0x0800b180       0x28 bn_display_manager.o
                0x0800b180                _ZN2bn15display_manager35blending_transparency_bottom_weightEv
 .text._ZN2bn15display_manager51fill_blending_transparency_hblank_effect_attributesEPKNS_32blending_transparency_attributesEPt
                0x0800b1a8       0x30 bn_display_manager.o
                0x0800b1a8                _ZN2bn15display_manager51fill_blending_transparency_hblank_effect_attributesEPKNS_32blending_transparency_attributesEPt
 .text._ZN2bn15display_manager21blending_fade_enabledEv
                0x0800b1d8        0xc bn_display_manager.o
                0x0800b1d8                _ZN2bn15display_manager21blending_fade_enabledEv
 .text._ZN2bn15display_manager39fill_blending_fade_hblank_effect_alphasEPKNS_19blending_fade_alphaEPt
                0x0800b1e4       0x24 bn_display_manager.o
                0x0800b1e4                _ZN2bn15display_manager39fill_blending_fade_hblank_effect_alphasEPKNS_19blending_fade_alphaEPt
 .text._ZN2bn15display_manager26update_windows_visible_bgsEv
                0x0800b208       0x14 bn_display_manager.o
                0x0800b208                _ZN2bn15display_manager26update_windows_visible_bgsEv
 .text._ZN2bn15display_manager36rect_window_hw_horizontal_boundariesEi
                0x0800b21c       0x18 bn_display_manager.o
                0x0800b21c                _ZN2bn15display_manager36rect_window_hw_horizontal_boundariesEi
 .text._ZN2bn15display_manager34rect_window_hw_vertical_boundariesEi
                0x0800b234       0x18 bn_display_manager.o
                0x0800b234                _ZN2bn15display_manager34rect_window_hw_vertical_boundariesEi
 .text._ZN2bn15display_manager52fill_rect_window_hblank_effect_horizontal_boundariesERKSt4pairIiiEPKS1_INS_7fixed_tILi12EEES6_EPt
                0x0800b24c      0x134 bn_display_manager.o
                0x0800b24c                _ZN2bn15display_manager52fill_rect_window_hblank_effect_horizontal_boundariesERKSt4pairIiiEPKS1_INS_7fixed_tILi12EEES6_EPt
 .text._ZN2bn15display_manager50fill_rect_window_hblank_effect_vertical_boundariesERKSt4pairIiiEPKS1_INS_7fixed_tILi12EEES6_EPt
                0x0800b380      0x134 bn_display_manager.o
                0x0800b380                _ZN2bn15display_manager50fill_rect_window_hblank_effect_vertical_boundariesERKSt4pairIiiEPKS1_INS_7fixed_tILi12EEES6_EPt
 .text._ZN2bn15display_manager36fill_green_swap_hblank_effect_statesEPKbPt
                0x0800b4b4       0x38 bn_display_manager.o
                0x0800b4b4                _ZN2bn15display_manager36fill_green_swap_hblank_effect_statesEPKbPt
 .text._ZN2bn15display_manager14update_camerasEv
                0x0800b4ec       0x40 bn_display_manager.o
                0x0800b4ec                _ZN2bn15display_manager14update_camerasEv
 .text._ZN2bn15display_manager6updateEv
                0x0800b52c      0x250 bn_display_manager.o
                0x0800b52c                _ZN2bn15display_manager6updateEv
 .text._ZN2bn15display_manager6commitEv
                0x0800b77c      0x14c bn_display_manager.o
                0x0800b77c                _ZN2bn15display_manager6commitEv
 .text._ZN2bn15display_manager4stopEv
                0x0800b8c8       0x34 bn_display_manager.o
                0x0800b8c8                _ZN2bn15display_manager4stopEv
 .text._ZN3_bn6assert9show_argsIA66_cEEvPKcS4_S4_iRKT_
                0x0800b8fc       0x48 bn_display_manager.o
                0x0800b8fc                _ZN3_bn6assert9show_argsIA66_cEEvPKcS4_S4_iRKT_
 .text._ZN2bn12gpio_manager5sleepEv
                0x0800b944       0x28 bn_gpio_manager.o
                0x0800b944                _ZN2bn12gpio_manager5sleepEv
 .text._ZN2bn22hblank_effects_manager12_GLOBAL__N_19item_type18_output_values_ptrEv
                0x0800b96c       0x40 bn_hblank_effects_manager.o
 .text._ZN2bn22hblank_effects_manager7disableEv
                0x0800b9ac       0x24 bn_hblank_effects_manager.o
                0x0800b9ac                _ZN2bn22hblank_effects_manager7disableEv
 .text._ZN2bn22hblank_effects_manager4stopEv
                0x0800b9d0       0x38 bn_hblank_effects_manager.o
                0x0800b9d0                _ZN2bn22hblank_effects_manager4stopEv
 .text._ZN2bn22hblank_effects_manager6commitEv
                0x0800ba08       0x8c bn_hblank_effects_manager.o
                0x0800ba08                _ZN2bn22hblank_effects_manager6commitEv
 .text._ZN2bn22hblank_effects_manager12_GLOBAL__N_1L10_is_uint32ENS0_12handler_typeE
                0x0800ba94       0x64 bn_hblank_effects_manager.o
 .text._ZN2bn22hblank_effects_manager12_GLOBAL__N_19item_type12check_updateEv
                0x0800baf8     0x1664 bn_hblank_effects_manager.o
 .text._ZN2bn22hblank_effects_manager6updateEv
                0x0800d15c      0x1ec bn_hblank_effects_manager.o
                0x0800d15c                _ZN2bn22hblank_effects_manager6updateEv
 .text._ZN2bn22hblank_effects_manager4initEv
                0x0800d348      0x180 bn_hblank_effects_manager.o
                0x0800d348                _ZN2bn22hblank_effects_manager4initEv
 .text.startup._GLOBAL__sub_I__ZN2bn4hbes10used_countEv
                0x0800d4c8       0x14 bn_hblank_effects_manager.o
 .text._ZN2bn12hdma_manager4initEv
                0x0800d4dc       0x38 bn_hdma_manager.o
                0x0800d4dc                _ZN2bn12hdma_manager4initEv
 .text._ZN2bn12hdma_manager10force_stopEv
                0x0800d514       0x5c bn_hdma_manager.o
                0x0800d514                _ZN2bn12hdma_manager10force_stopEv
 .text._ZN2bn12hdma_manager7disableEv
                0x0800d570       0x48 bn_hdma_manager.o
                0x0800d570                _ZN2bn12hdma_manager7disableEv
 .text._ZN2bn12hdma_manager6updateEv
                0x0800d5b8       0x6c bn_hdma_manager.o
                0x0800d5b8                _ZN2bn12hdma_manager6updateEv
 .text._ZN2bn12hdma_manager24commit_interrupt_handlerEv
                0x0800d624       0x20 bn_hdma_manager.o
                0x0800d624                _ZN2bn12hdma_manager24commit_interrupt_handlerEv
 .text._ZN2bn12hdma_manager14commit_entriesEb
                0x0800d644      0x168 bn_hdma_manager.o
                0x0800d644                _ZN2bn12hdma_manager14commit_entriesEb
 .text._ZN2bn6keypad9a_pressedEv
                0x0800d7ac       0x10 bn_keypad_manager.o
                0x0800d7ac                _ZN2bn6keypad9a_pressedEv
 .text._ZN2bn6keypad9b_pressedEv
                0x0800d7bc       0x10 bn_keypad_manager.o
                0x0800d7bc                _ZN2bn6keypad9b_pressedEv
 .text._ZN2bn6keypad13start_pressedEv
                0x0800d7cc       0x10 bn_keypad_manager.o
                0x0800d7cc                _ZN2bn6keypad13start_pressedEv
 .text._ZN2bn6keypad14start_releasedEv
                0x0800d7dc       0x10 bn_keypad_manager.o
                0x0800d7dc                _ZN2bn6keypad14start_releasedEv
 .text._ZN2bn6keypad10right_heldEv
                0x0800d7ec       0x10 bn_keypad_manager.o
                0x0800d7ec                _ZN2bn6keypad10right_heldEv
 .text._ZN2bn6keypad13right_pressedEv
                0x0800d7fc       0x10 bn_keypad_manager.o
                0x0800d7fc                _ZN2bn6keypad13right_pressedEv
 .text._ZN2bn6keypad9left_heldEv
                0x0800d80c       0x10 bn_keypad_manager.o
                0x0800d80c                _ZN2bn6keypad9left_heldEv
 .text._ZN2bn6keypad12left_pressedEv
                0x0800d81c       0x10 bn_keypad_manager.o
                0x0800d81c                _ZN2bn6keypad12left_pressedEv
 .text._ZN2bn6keypad9l_pressedEv
                0x0800d82c       0x10 bn_keypad_manager.o
                0x0800d82c                _ZN2bn6keypad9l_pressedEv
 .text._ZN2bn14keypad_manager4stopEv
                0x0800d83c        0x4 bn_keypad_manager.o
                0x0800d83c                _ZN2bn14keypad_manager4stopEv
 .text._ZN2bn14keypad_manager6updateEv
                0x0800d840       0xb8 bn_keypad_manager.o
                0x0800d840                _ZN2bn14keypad_manager6updateEv
 .text._ZN2bn14keypad_manager4initERKNS_11string_viewE
                0x0800d8f8       0x64 bn_keypad_manager.o
                0x0800d8f8                _ZN2bn14keypad_manager4initERKNS_11string_viewE
 .text._ZN2bn12link_manager4initEv
                0x0800d95c        0xc bn_link_manager.o
                0x0800d95c                _ZN2bn12link_manager4initEv
 .text._ZN2bn12link_manager6activeEv
                0x0800d968        0xc bn_link_manager.o
                0x0800d968                _ZN2bn12link_manager6activeEv
 .text._ZN2bn12link_manager7disableEv
                0x0800d974       0x18 bn_link_manager.o
                0x0800d974                _ZN2bn12link_manager7disableEv
 .text._ZN2bn12link_manager6commitEv
                0x0800d98c       0x18 bn_link_manager.o
                0x0800d98c                _ZN2bn12link_manager6commitEv
 .text._ZN3_bn6memory18unsafe_clear_wordsEiPv
                0x0800d9a4       0x14 bn_memory_manager.o
                0x0800d9a4                _ZN3_bn6memory18unsafe_clear_wordsEiPv
 .text._ZN2bn4freeEPv
                0x0800d9b8       0x14 bn_memory_manager.o
                0x0800d9b8                _ZN2bn4freeEPv
 .text._ZN2bn14memory_manager4initEv
                0x0800d9cc       0x2c bn_memory_manager.o
                0x0800d9cc                _ZN2bn14memory_manager4initEv
 .text._ZN2bn2hw8palettes9grayscaleEPKNS_5colorEiiPS2_.part.0
                0x0800d9f8       0x40 bn_palettes_manager.o
 .text._ZN2bn14bg_palette_ptrC2ERKS0_
                0x0800da38       0x28 bn_palettes_manager.o
                0x0800da38                _ZN2bn14bg_palette_ptrC2ERKS0_
                0x0800da38                _ZN2bn14bg_palette_ptrC1ERKS0_
 .text._ZNK2bn14bg_palette_ptr3bppEv
                0x0800da60       0x20 bn_palettes_manager.o
                0x0800da60                _ZNK2bn14bg_palette_ptr3bppEv
 .text._ZN2bn18sprite_palette_ptrC2ERKS0_
                0x0800da80       0x1c bn_palettes_manager.o
                0x0800da80                _ZN2bn18sprite_palette_ptrC1ERKS0_
                0x0800da80                _ZN2bn18sprite_palette_ptrC2ERKS0_
 .text._ZNK2bn18sprite_palette_ptr3bppEv
                0x0800da9c       0x1c bn_palettes_manager.o
                0x0800da9c                _ZNK2bn18sprite_palette_ptr3bppEv
 .text._ZNK2bn13palettes_bank10log_statusEv
                0x0800dab8      0x178 bn_palettes_manager.o
                0x0800dab8                _ZNK2bn13palettes_bank10log_statusEv
 .text._ZN2bn13palettes_bank10find_bpp_4ERKNS_4spanIKNS_5colorEEEt
                0x0800dc30      0x118 bn_palettes_manager.o
                0x0800dc30                _ZN2bn13palettes_bank10find_bpp_4ERKNS_4spanIKNS_5colorEEEt
 .text._ZNK2bn13palettes_bank20retrieve_commit_dataEv
                0x0800dd48       0x4c bn_palettes_manager.o
                0x0800dd48                _ZNK2bn13palettes_bank20retrieve_commit_dataEv
 .text._ZNK2bn13palettes_bank7palette13apply_effectsEiPNS_5colorE
                0x0800dd94       0xb0 bn_palettes_manager.o
                0x0800dd94                _ZNK2bn13palettes_bank7palette13apply_effectsEiPNS_5colorE
 .text._ZN2bn13palettes_bank15_update_paletteEi
                0x0800de44       0x70 bn_palettes_manager.o
                0x0800de44                _ZN2bn13palettes_bank15_update_paletteEi
 .text._ZN2bn16palettes_manager4initERKNS_8optionalINS_5colorEEE
                0x0800deb4      0x16c bn_palettes_manager.o
                0x0800deb4                _ZN2bn16palettes_manager4initERKNS_8optionalINS_5colorEEE
 .text._ZN2bn16palettes_manager20sprite_palettes_bankEv
                0x0800e020        0x8 bn_palettes_manager.o
                0x0800e020                _ZN2bn16palettes_manager20sprite_palettes_bankEv
 .text._ZN2bn16palettes_manager16bg_palettes_bankEv
                0x0800e028        0x8 bn_palettes_manager.o
                0x0800e028                _ZN2bn16palettes_manager16bg_palettes_bankEv
 .text._ZN2bn16palettes_manager6commitEb
                0x0800e030       0xf8 bn_palettes_manager.o
                0x0800e030                _ZN2bn16palettes_manager6commitEb
 .text._ZN2bn16palettes_manager4stopEv
                0x0800e128       0x20 bn_palettes_manager.o
                0x0800e128                _ZN2bn16palettes_manager4stopEv
 .text._ZN3_bn6assert9show_argsIA35_cEEvPKcS4_S4_iRKT_
                0x0800e148       0x48 bn_palettes_manager.o
                0x0800e148                _ZN3_bn6assert9show_argsIA35_cEEvPKcS4_S4_iRKT_
 .text._ZN2bn13palettes_bank11colors_hashERKNS_4spanIKNS_5colorEEE
                0x0800e190       0x48 bn_palettes_manager.o
                0x0800e190                _ZN2bn13palettes_bank11colors_hashERKNS_4spanIKNS_5colorEEE
 .text._ZN3_bn6assert9show_argsIJA43_ciA38_cA42_cEEEvPKcS6_S6_iDpRKT_
                0x0800e1d8       0x64 bn_palettes_manager.o
                0x0800e1d8                _ZN3_bn6assert9show_argsIJA43_ciA38_cA42_cEEEvPKcS6_S6_iDpRKT_
 .text._ZN2bn13palettes_bank12create_bpp_8ERKNS_4spanIKNS_5colorEEENS_16compression_typeEb
                0x0800e23c      0x230 bn_palettes_manager.o
                0x0800e23c                _ZN2bn13palettes_bank12create_bpp_8ERKNS_4spanIKNS_5colorEEENS_16compression_typeEb
 .text._ZNK2bn13palettes_bank21_apply_global_effectsEiPNS_5colorE
                0x0800e46c      0x190 bn_palettes_manager.o
                0x0800e46c                _ZNK2bn13palettes_bank21_apply_global_effectsEiPNS_5colorE
 .text._ZN2bn13palettes_bank6updateEv
                0x0800e5fc      0x138 bn_palettes_manager.o
                0x0800e5fc                _ZN2bn13palettes_bank6updateEv
 .text._ZN2bn16palettes_manager6updateEv
                0x0800e734       0x20 bn_palettes_manager.o
                0x0800e734                _ZN2bn16palettes_manager6updateEv
 .text._ZNK2bn13palettes_bank25fill_hblank_effect_colorsEiPKNS_5colorEPt
                0x0800e754       0x44 bn_palettes_manager.o
                0x0800e754                _ZNK2bn13palettes_bank25fill_hblank_effect_colorsEiPKNS_5colorEPt
 .text._ZNK2bn13palettes_bank25fill_hblank_effect_colorsEPKNS_5colorEPt
                0x0800e798       0x30 bn_palettes_manager.o
                0x0800e798                _ZNK2bn13palettes_bank25fill_hblank_effect_colorsEPKNS_5colorEPt
 .text._ZNK2bn19sprite_palette_item10decompressENS_4spanINS_5colorEEE
                0x0800e7c8      0x168 bn_palettes_manager.o
                0x0800e7c8                _ZNK2bn19sprite_palette_item10decompressENS_4spanINS_5colorEEE
 .text._ZNK2bn15bg_palette_item10decompressENS_4spanINS_5colorEEE
                0x0800e930      0x168 bn_palettes_manager.o
                0x0800e930                _ZNK2bn15bg_palette_item10decompressENS_4spanINS_5colorEEE
 .text._ZN2bn14iunordered_mapItsNS_15identity_hasherENS_8equal_toItEEE21insert_or_assign_hashEjOSt4pairIKtsE.isra.0
                0x0800ea98      0x108 bn_palettes_manager.o
 .text._ZN2bn13palettes_bank12create_bpp_4ERKNS_4spanIKNS_5colorEEEtb
                0x0800eba0      0x164 bn_palettes_manager.o
                0x0800eba0                _ZN2bn13palettes_bank12create_bpp_4ERKNS_4spanIKNS_5colorEEEtb
 .text._ZN2bn12_GLOBAL__N_1L12_create_implERKNS_15bg_palette_itemEb
                0x0800ed04       0xa0 bn_palettes_manager.o
 .text._ZN2bn14bg_palette_ptr6createERKNS_15bg_palette_itemE
                0x0800eda4       0x54 bn_palettes_manager.o
                0x0800eda4                _ZN2bn14bg_palette_ptr6createERKNS_15bg_palette_itemE
 .text._ZN2bn12_GLOBAL__N_1L12_create_implERKNS_19sprite_palette_itemEb
                0x0800edf8       0x88 bn_palettes_manager.o
 .text._ZN2bn18sprite_palette_ptr6createERKNS_19sprite_palette_itemE
                0x0800ee80       0x48 bn_palettes_manager.o
                0x0800ee80                _ZN2bn18sprite_palette_ptr6createERKNS_19sprite_palette_itemE
 .text._ZN2bn13palettes_bank30_erase_bpp_4_indexes_map_indexEt
                0x0800eec8      0x1c4 bn_palettes_manager.o
                0x0800eec8                _ZN2bn13palettes_bank30_erase_bpp_4_indexes_map_indexEt
 .text._ZN2bn13palettes_bank15decrease_usagesEi
                0x0800f08c       0x80 bn_palettes_manager.o
                0x0800f08c                _ZN2bn13palettes_bank15decrease_usagesEi
 .text._ZN2bn14bg_palette_ptraSERKS0_
                0x0800f10c       0x48 bn_palettes_manager.o
                0x0800f10c                _ZN2bn14bg_palette_ptraSERKS0_
 .text._ZN2bn14bg_palette_ptrD2Ev
                0x0800f154       0x20 bn_palettes_manager.o
                0x0800f154                _ZN2bn14bg_palette_ptrD2Ev
                0x0800f154                _ZN2bn14bg_palette_ptrD1Ev
 .text._ZN2bn18sprite_palette_ptrD2Ev
                0x0800f174       0x20 bn_palettes_manager.o
                0x0800f174                _ZN2bn18sprite_palette_ptrD2Ev
                0x0800f174                _ZN2bn18sprite_palette_ptrD1Ev
 .text._ZN2bn26sprite_affine_mats_manager12_GLOBAL__N_1L19_sprite_double_sizeILi32ELi16EEEbiiiii
                0x0800f194       0x80 bn_sprite_affine_mats_manager.o
 .text._ZN2bn26sprite_affine_mats_manager12_GLOBAL__N_1L19_sprite_double_sizeILi16ELi32EEEbiiiii
                0x0800f214       0x80 bn_sprite_affine_mats_manager.o
 .text._ZNK2bn26sprite_affine_mats_manager12_GLOBAL__N_19item_type18sprite_double_sizeEiRKNS_17sprite_shape_sizeE.isra.0
                0x0800f294      0x1b4 bn_sprite_affine_mats_manager.o
 .text._ZN2bn26sprite_affine_mats_manager12_GLOBAL__N_1L24_update_flipped_identityEi
                0x0800f448       0xcc bn_sprite_affine_mats_manager.o
 .text._ZNK2bn21sprite_affine_mat_ptr15horizontal_flipEv
                0x0800f514       0x18 bn_sprite_affine_mats_manager.o
                0x0800f514                _ZNK2bn21sprite_affine_mat_ptr15horizontal_flipEv
 .text._ZN2bn21sprite_affine_mat_ptr19set_horizontal_flipEb
                0x0800f52c       0x88 bn_sprite_affine_mats_manager.o
                0x0800f52c                _ZN2bn21sprite_affine_mat_ptr19set_horizontal_flipEb
 .text._ZNK2bn21sprite_affine_mat_ptr13vertical_flipEv
                0x0800f5b4       0x18 bn_sprite_affine_mats_manager.o
                0x0800f5b4                _ZNK2bn21sprite_affine_mat_ptr13vertical_flipEv
 .text._ZNK2bn21sprite_affine_mat_ptr16flipped_identityEv
                0x0800f5cc       0x14 bn_sprite_affine_mats_manager.o
                0x0800f5cc                _ZNK2bn21sprite_affine_mat_ptr16flipped_identityEv
 .text._ZN2bn26sprite_affine_mats_manager13attach_spriteEiRNS_24intrusive_list_node_typeE
                0x0800f5e0       0x2c bn_sprite_affine_mats_manager.o
                0x0800f5e0                _ZN2bn26sprite_affine_mats_manager13attach_spriteEiRNS_24intrusive_list_node_typeE
 .text._ZN2bn26sprite_affine_mats_manager18sprite_double_sizeEiRKNS_17sprite_shape_sizeE
                0x0800f60c       0x54 bn_sprite_affine_mats_manager.o
                0x0800f60c                _ZN2bn26sprite_affine_mats_manager18sprite_double_sizeEiRKNS_17sprite_shape_sizeE
 .text._ZN2bn26sprite_affine_mats_manager20retrieve_commit_dataEv
                0x0800f660       0x3c bn_sprite_affine_mats_manager.o
                0x0800f660                _ZN2bn26sprite_affine_mats_manager20retrieve_commit_dataEv
 .text._ZN3_bn6assert9show_argsIA37_cEEvPKcS4_S4_iRKT_
                0x0800f69c       0x48 bn_sprite_affine_mats_manager.o
                0x0800f69c                _ZN3_bn6assert9show_argsIA37_cEEvPKcS4_S4_iRKT_
 .text._ZN2bn26sprite_affine_mats_manager18set_rotation_angleEiNS_7fixed_tILi12EEE
                0x0800f6e4      0x134 bn_sprite_affine_mats_manager.o
                0x0800f6e4                _ZN2bn26sprite_affine_mats_manager18set_rotation_angleEiNS_7fixed_tILi12EEE
 .text._ZN2bn21sprite_affine_mat_ptr18set_rotation_angleENS_7fixed_tILi12EEE
                0x0800f818       0x14 bn_sprite_affine_mats_manager.o
                0x0800f818                _ZN2bn21sprite_affine_mat_ptr18set_rotation_angleENS_7fixed_tILi12EEE
 .text._ZN2bn21sprite_affine_mat_ptr20set_horizontal_scaleENS_7fixed_tILi12EEE
                0x0800f82c      0x10c bn_sprite_affine_mats_manager.o
                0x0800f82c                _ZN2bn21sprite_affine_mat_ptr20set_horizontal_scaleENS_7fixed_tILi12EEE
 .text._ZN2bn26sprite_affine_mats_manager9set_scaleEiNS_7fixed_tILi12EEE
                0x0800f938      0x14c bn_sprite_affine_mats_manager.o
                0x0800f938                _ZN2bn26sprite_affine_mats_manager9set_scaleEiNS_7fixed_tILi12EEE
 .text._ZN2bn21sprite_affine_mat_ptr9set_scaleENS_7fixed_tILi12EEE
                0x0800fa84       0x14 bn_sprite_affine_mats_manager.o
                0x0800fa84                _ZN2bn21sprite_affine_mat_ptr9set_scaleENS_7fixed_tILi12EEE
 .text._ZN3_bn6assert9show_argsIA16_cEEvPKcS4_S4_iRKT_
                0x0800fa98       0x48 bn_sprite_affine_mats_manager.o
                0x0800fa98                _ZN3_bn6assert9show_argsIA16_cEEvPKcS4_S4_iRKT_
 .text._ZN2bn26sprite_affine_mats_manager12_GLOBAL__N_1L15_new_item_indexEv
                0x0800fae0       0xdc bn_sprite_affine_mats_manager.o
 .text._ZN2bn26sprite_affine_mats_manager15create_optionalERKNS_21affine_mat_attributesE
                0x0800fbbc       0xdc bn_sprite_affine_mats_manager.o
                0x0800fbbc                _ZN2bn26sprite_affine_mats_manager15create_optionalERKNS_21affine_mat_attributesE
 .text._ZN2bn21sprite_affine_mat_ptr6createERKNS_21affine_mat_attributesE
                0x0800fc98       0x40 bn_sprite_affine_mats_manager.o
                0x0800fc98                _ZN2bn21sprite_affine_mat_ptr6createERKNS_21affine_mat_attributesE
 .text._ZN2bn26sprite_affine_mats_manager15decrease_usagesEi.part.0
                0x0800fcd8       0x70 bn_sprite_affine_mats_manager.o
 .text._ZN2bn21sprite_affine_mat_ptrD2Ev
                0x0800fd48       0x34 bn_sprite_affine_mats_manager.o
                0x0800fd48                _ZN2bn21sprite_affine_mat_ptrD2Ev
                0x0800fd48                _ZN2bn21sprite_affine_mat_ptrD1Ev
 .text._ZN2bn26sprite_affine_mats_manager6updateEv
                0x0800fd7c      0x2a4 bn_sprite_affine_mats_manager.o
                0x0800fd7c                _ZN2bn26sprite_affine_mats_manager6updateEv
 .text._ZN2bn26sprite_affine_mats_manager4initEPv
                0x08010020      0x100 bn_sprite_affine_mats_manager.o
                0x08010020                _ZN2bn26sprite_affine_mats_manager4initEPv
 .text._ZN2bn26sprite_affine_mats_manager14dettach_spriteEiRNS_24intrusive_list_node_typeE
                0x08010120       0x4c bn_sprite_affine_mats_manager.o
                0x08010120                _ZN2bn26sprite_affine_mats_manager14dettach_spriteEiRNS_24intrusive_list_node_typeE
 .text._ZN2bn13ostringstream11append_argsIiJA4_ciEEEvRKT_DpRKT0_.isra.0
                0x0801016c       0x24 bn_sprite_animate_actions.o
 .text._ZN2bn22isprite_animate_action9_set_refsERNS_10sprite_ptrERNS_17sprite_tiles_itemERNS_7ivectorItEE
                0x08010190        0x4 bn_sprite_animate_actions.o
                0x08010190                _ZN2bn22isprite_animate_action9_set_refsERNS_10sprite_ptrERNS_17sprite_tiles_itemERNS_7ivectorItEE
 .text._ZN2bn22isprite_animate_action7_assignERKS0_
                0x08010194       0x10 bn_sprite_animate_actions.o
                0x08010194                _ZN2bn22isprite_animate_action7_assignERKS0_
 .text._ZN2bn22isprite_animate_action16set_wait_updatesEi
                0x080101a4       0x68 bn_sprite_animate_actions.o
                0x080101a4                _ZN2bn22isprite_animate_action16set_wait_updatesEi
 .text._ZN3_bn6assert9show_argsIJA33_ciA4_ciEEEvPKcS5_S5_iDpRKT_
                0x0801020c       0x58 bn_sprite_animate_actions.o
                0x0801020c                _ZN3_bn6assert9show_argsIJA33_ciA4_ciEEEvPKcS5_S5_iDpRKT_
 .text._ZN2bn22isprite_animate_action24_assign_graphics_indexesERKNS_4spanIKtEE
                0x08010264       0x94 bn_sprite_animate_actions.o
                0x08010264                _ZN2bn22isprite_animate_action24_assign_graphics_indexesERKNS_4spanIKtEE
 .text._ZN2bn22isprite_animate_action6updateEv
                0x080102f8       0xb8 bn_sprite_animate_actions.o
                0x080102f8                _ZN2bn22isprite_animate_action6updateEv
 .text._ZN2bn15sprites_manager12_GLOBAL__N_1L32_always_update_indexes_to_commitERKNS_20sprites_manager_itemE
                0x080103b0       0x4c bn_sprites_manager.o
 .text._ZN2bn13ostringstream11append_argsIiJA4_ciEEEvRKT_DpRKT0_.isra.0
                0x080103fc       0x24 bn_sprites_manager.o
 .text._ZN2bn15sprites_manager12_GLOBAL__N_1L23_update_item_dimensionsERNS_20sprites_manager_itemE
                0x08010420       0xc0 bn_sprites_manager.o
 .text._ZN2bn10sprite_ptrC2ERKS0_
                0x080104e0        0xc bn_sprites_manager.o
                0x080104e0                _ZN2bn10sprite_ptrC2ERKS0_
                0x080104e0                _ZN2bn10sprite_ptrC1ERKS0_
 .text._ZNK2bn10sprite_ptr1xEv
                0x080104ec        0x8 bn_sprites_manager.o
                0x080104ec                _ZNK2bn10sprite_ptr1xEv
 .text._ZN2bn10sprite_ptr5set_xENS_7fixed_tILi12EEE
                0x080104f4       0x48 bn_sprites_manager.o
                0x080104f4                _ZN2bn10sprite_ptr5set_xENS_7fixed_tILi12EEE
 .text._ZNK2bn10sprite_ptr1yEv
                0x0801053c        0x8 bn_sprites_manager.o
                0x0801053c                _ZNK2bn10sprite_ptr1yEv
 .text._ZN2bn10sprite_ptr5set_yENS_7fixed_tILi12EEE
                0x08010544       0x48 bn_sprites_manager.o
                0x08010544                _ZN2bn10sprite_ptr5set_yENS_7fixed_tILi12EEE
 .text._ZN2bn10sprite_ptr19set_horizontal_flipEb
                0x0801058c       0x54 bn_sprites_manager.o
                0x0801058c                _ZN2bn10sprite_ptr19set_horizontal_flipEb
 .text._ZN2bn10sprite_ptr11set_visibleEb
                0x080105e0       0x6c bn_sprites_manager.o
                0x080105e0                _ZN2bn10sprite_ptr11set_visibleEb
 .text._ZN2bn15sprites_manager4initEv
                0x0801064c       0xd4 bn_sprites_manager.o
                0x0801064c                _ZN2bn15sprites_manager4initEv
 .text._ZN2bn15sprites_manager5hw_idEPv
                0x08010720        0x8 bn_sprites_manager.o
                0x08010720                _ZN2bn15sprites_manager5hw_idEPv
 .text._ZN2bn15sprites_manager5shapeEPv
                0x08010728        0x8 bn_sprites_manager.o
                0x08010728                _ZN2bn15sprites_manager5shapeEPv
 .text._ZN2bn15sprites_manager4sizeEPv
                0x08010730        0x8 bn_sprites_manager.o
                0x08010730                _ZN2bn15sprites_manager4sizeEPv
 .text._ZN2bn15sprites_manager10shape_sizeEPv
                0x08010738       0x14 bn_sprites_manager.o
                0x08010738                _ZN2bn15sprites_manager10shape_sizeEPv
 .text._ZN2bn15sprites_manager11hw_positionEPv
                0x0801074c        0x4 bn_sprites_manager.o
                0x0801074c                _ZN2bn15sprites_manager11hw_positionEPv
 .text._ZN2bn15sprites_manager9view_modeEPv
                0x08010750        0xc bn_sprites_manager.o
                0x08010750                _ZN2bn15sprites_manager9view_modeEPv
 .text._ZN2bn15sprites_manager10set_cameraEPvONS_10camera_ptrE
                0x0801075c       0xa4 bn_sprites_manager.o
                0x0801075c                _ZN2bn15sprites_manager10set_cameraEPvONS_10camera_ptrE
 .text._ZN2bn10sprite_ptr10set_cameraERKNS_10camera_ptrE
                0x08010800       0x24 bn_sprites_manager.o
                0x08010800                _ZN2bn10sprite_ptr10set_cameraERKNS_10camera_ptrE
 .text._ZN2bn15sprites_manager10affine_matEPv
                0x08010824        0x4 bn_sprites_manager.o
                0x08010824                _ZN2bn15sprites_manager10affine_matEPv
 .text._ZN2bn15sprites_manager22reserved_handles_countEv
                0x08010828       0x10 bn_sprites_manager.o
                0x08010828                _ZN2bn15sprites_manager22reserved_handles_countEv
 .text._ZN2bn15sprites_manager39fill_hblank_effect_horizontal_positionsEPviPKNS_7fixed_tILi12EEEPt
                0x08010838       0x4c bn_sprites_manager.o
                0x08010838                _ZN2bn15sprites_manager39fill_hblank_effect_horizontal_positionsEPviPKNS_7fixed_tILi12EEEPt
 .text._ZN2bn15sprites_manager37fill_hblank_effect_vertical_positionsEPviPKNS_7fixed_tILi12EEEPt
                0x08010884       0x4c bn_sprites_manager.o
                0x08010884                _ZN2bn15sprites_manager37fill_hblank_effect_vertical_positionsEPviPKNS_7fixed_tILi12EEEPt
 .text._ZN2bn15sprites_manager35fill_hblank_effect_first_attributesEiNS_12sprite_shapeENS_8bpp_modeEiPKNS_23sprite_first_attributesEPt
                0x080108d0       0xd4 bn_sprites_manager.o
                0x080108d0                _ZN2bn15sprites_manager35fill_hblank_effect_first_attributesEiNS_12sprite_shapeENS_8bpp_modeEiPKNS_23sprite_first_attributesEPt
 .text._ZN2bn15sprites_manager44fill_hblank_effect_regular_second_attributesEPviNS_11sprite_sizeEPKNS_32sprite_regular_second_attributesEPt
                0x080109a4       0x60 bn_sprites_manager.o
                0x080109a4                _ZN2bn15sprites_manager44fill_hblank_effect_regular_second_attributesEPviNS_11sprite_sizeEPKNS_32sprite_regular_second_attributesEPt
 .text._ZN2bn15sprites_manager43fill_hblank_effect_affine_second_attributesEPviNS_11sprite_sizeEPKNS_31sprite_affine_second_attributesEPt
                0x08010a04       0x58 bn_sprites_manager.o
                0x08010a04                _ZN2bn15sprites_manager43fill_hblank_effect_affine_second_attributesEPviNS_11sprite_sizeEPKNS_31sprite_affine_second_attributesEPt
 .text._ZN2bn15sprites_manager14update_camerasEv
                0x08010a5c       0x20 bn_sprites_manager.o
                0x08010a5c                _ZN2bn15sprites_manager14update_camerasEv
 .text._ZN2bn15sprites_manager23update_auto_double_sizeEPv
                0x08010a7c       0x2c bn_sprites_manager.o
                0x08010a7c                _ZN2bn15sprites_manager23update_auto_double_sizeEPv
 .text._ZN2bn15sprites_manager6commitEb
                0x08010aa8       0xa4 bn_sprites_manager.o
                0x08010aa8                _ZN2bn15sprites_manager6commitEb
 .text._ZN3_bn6assert9show_argsIA54_cEEvPKcS4_S4_iRKT_
                0x08010b4c       0x48 bn_sprites_manager.o
                0x08010b4c                _ZN3_bn6assert9show_argsIA54_cEEvPKcS4_S4_iRKT_
 .text._ZN2bn14sprite_builder20set_blending_enabledEb
                0x08010b94       0x3c bn_sprites_manager.o
                0x08010b94                _ZN2bn14sprite_builder20set_blending_enabledEb
 .text._ZNK2bn10sprite_ptr10dimensionsEv
                0x08010bd0       0x68 bn_sprites_manager.o
                0x08010bd0                _ZNK2bn10sprite_ptr10dimensionsEv
 .text._ZNK2bn17sprite_shape_size6heightEv.isra.0
                0x08010c38       0xd0 bn_sprites_manager.o
 .text._ZNK2bn17sprite_shape_size5widthEv.isra.0
                0x08010d08       0xcc bn_sprites_manager.o
 .text._ZN2bn15sprites_manager12_GLOBAL__N_1L18_remove_affine_matERNS_20sprites_manager_itemE
                0x08010dd4       0xe4 bn_sprites_manager.o
 .text._ZN2bn15sprites_manager42remove_identity_affine_mat_when_not_neededEPv
                0x08010eb8        0xc bn_sprites_manager.o
                0x08010eb8                _ZN2bn15sprites_manager42remove_identity_affine_mat_when_not_neededEPv
 .text._ZN2bn14sprite_builder15release_paletteEv
                0x08010ec4       0x6c bn_sprites_manager.o
                0x08010ec4                _ZN2bn14sprite_builder15release_paletteEv
 .text._ZN2bn14sprite_builder13release_tilesEv
                0x08010f30       0x6c bn_sprites_manager.o
                0x08010f30                _ZN2bn14sprite_builder13release_tilesEv
 .text._ZN2bn15sprites_manager7paletteEPv
                0x08010f9c       0x34 bn_sprites_manager.o
                0x08010f9c                _ZN2bn15sprites_manager7paletteEPv
 .text._ZN3_bn6assert9show_argsIA27_chEEvPKcS4_S4_iRKT_RKT0_
                0x08010fd0       0x54 bn_sprites_manager.o
                0x08010fd0                _ZN3_bn6assert9show_argsIA27_chEEvPKcS4_S4_iRKT_RKT0_
 .text._ZN2bn20sprites_manager_item13_builder_initERKNS_14sprite_builderE
                0x08011024      0x34c bn_sprites_manager.o
                0x08011024                _ZN2bn20sprites_manager_item13_builder_initERKNS_14sprite_builderE
 .text._ZNK2bn20sprites_manager_item15new_double_sizeEi.part.0
                0x08011370       0x30 bn_sprites_manager.o
 .text._ZN2bn15sprites_manager12_GLOBAL__N_1L18_assign_affine_matEbRNS_20sprites_manager_itemEONS_21sprite_affine_mat_ptrE
                0x080113a0      0x118 bn_sprites_manager.o
 .text._ZN2bn15sprites_manager18set_new_affine_matEPvRNS_21affine_mat_attributesE
                0x080114b8       0x84 bn_sprites_manager.o
                0x080114b8                _ZN2bn15sprites_manager18set_new_affine_matEPvRNS_21affine_mat_attributesE
 .text._ZN2bn14sprite_builder11set_z_orderEi
                0x0801153c       0x48 bn_sprites_manager.o
                0x0801153c                _ZN2bn14sprite_builder11set_z_orderEi
 .text._ZN2bn14sprite_builderC2ERKNS_17sprite_shape_sizeENS_16sprite_tiles_ptrENS_18sprite_palette_ptrE
                0x08011584      0x288 bn_sprites_manager.o
                0x08011584                _ZN2bn14sprite_builderC1ERKNS_17sprite_shape_sizeENS_16sprite_tiles_ptrENS_18sprite_palette_ptrE
                0x08011584                _ZN2bn14sprite_builderC2ERKNS_17sprite_shape_sizeENS_16sprite_tiles_ptrENS_18sprite_palette_ptrE
 .text._ZN2bn15sprites_manager9set_tilesEPvONS_16sprite_tiles_ptrE
                0x0801180c      0x24c bn_sprites_manager.o
                0x0801180c                _ZN2bn15sprites_manager9set_tilesEPvONS_16sprite_tiles_ptrE
 .text._ZN2bn10sprite_ptr9set_tilesERKNS_17sprite_tiles_itemEi
                0x08011a58       0x7c bn_sprites_manager.o
                0x08011a58                _ZN2bn10sprite_ptr9set_tilesERKNS_17sprite_tiles_itemEi
 .text._ZN2bn14sprite_builder15set_bg_priorityEi
                0x08011ad4       0x38 bn_sprites_manager.o
                0x08011ad4                _ZN2bn14sprite_builder15set_bg_priorityEi
 .text._ZN2bn15sprites_manager6updateEv
                0x08011b0c      0x13c bn_sprites_manager.o
                0x08011b0c                _ZN2bn15sprites_manager6updateEv
 .text._ZN3_bn6assert9show_argsIJA27_ciA4_ciEEEvPKcS5_S5_iDpRKT_
                0x08011c48       0x58 bn_sprites_manager.o
                0x08011c48                _ZN3_bn6assert9show_argsIJA27_ciA4_ciEEEvPKcS5_S5_iDpRKT_
 .text._ZN2bn15sprites_manager35fill_hblank_effect_third_attributesENS_17sprite_shape_sizeEPKNS_23sprite_third_attributesEPt
                0x08011ca0      0x2f0 bn_sprites_manager.o
                0x08011ca0                _ZN2bn15sprites_manager35fill_hblank_effect_third_attributesENS_17sprite_shape_sizeEPKNS_23sprite_third_attributesEPt
 .text._ZN2bn14sorted_sprites6sorter6insertERNS_20sprites_manager_itemE
                0x08011f90      0x184 bn_sprites_manager.o
                0x08011f90                _ZN2bn14sorted_sprites6sorter6insertERNS_20sprites_manager_itemE
 .text._ZN2bn15sprites_manager6createERKNS_13fixed_point_tILi12EEERKNS_17sprite_shape_sizeEONS_16sprite_tiles_ptrEONS_18sprite_palette_ptrE
                0x08012114      0x1d0 bn_sprites_manager.o
                0x08012114                _ZN2bn15sprites_manager6createERKNS_13fixed_point_tILi12EEERKNS_17sprite_shape_sizeEONS_16sprite_tiles_ptrEONS_18sprite_palette_ptrE
 .text._ZNK2bn11sprite_item13create_spriteENS_7fixed_tILi12EEES2_i
                0x080122e4       0x44 bn_sprites_manager.o
                0x080122e4                _ZNK2bn11sprite_item13create_spriteENS_7fixed_tILi12EEES2_i
 .text._ZN2bn15sprites_manager6createEONS_14sprite_builderE
                0x08012328      0x17c bn_sprites_manager.o
                0x08012328                _ZN2bn15sprites_manager6createEONS_14sprite_builderE
 .text._ZN2bn10sprite_ptr6createEONS_14sprite_builderE
                0x080124a4       0x14 bn_sprites_manager.o
                0x080124a4                _ZN2bn10sprite_ptr6createEONS_14sprite_builderE
 .text._ZN2bn15sprites_manager15set_bg_priorityEPvi
                0x080124b8      0x148 bn_sprites_manager.o
                0x080124b8                _ZN2bn15sprites_manager15set_bg_priorityEPvi
 .text._ZN2bn10sprite_ptr15set_bg_priorityEi
                0x08012600       0x10 bn_sprites_manager.o
                0x08012600                _ZN2bn10sprite_ptr15set_bg_priorityEi
 .text._ZN2bn15sprites_manager15decrease_usagesEPv
                0x08012610      0x17c bn_sprites_manager.o
                0x08012610                _ZN2bn15sprites_manager15decrease_usagesEPv
 .text._ZN2bn10sprite_ptrD2Ev
                0x0801278c       0x18 bn_sprites_manager.o
                0x0801278c                _ZN2bn10sprite_ptrD1Ev
                0x0801278c                _ZN2bn10sprite_ptrD2Ev
 .text._ZN2bn10sprite_ptr11set_z_orderEi
                0x080127a4      0x14c bn_sprites_manager.o
                0x080127a4                _ZN2bn10sprite_ptr11set_z_orderEi
 .text._ZN2bn10sprite_ptr18set_rotation_angleENS_7fixed_tILi12EEE
                0x080128f0       0xc0 bn_sprites_manager.o
                0x080128f0                _ZN2bn10sprite_ptr18set_rotation_angleENS_7fixed_tILi12EEE
 .text._ZN2bn10sprite_ptr23set_rotation_angle_safeENS_7fixed_tILi12EEE
                0x080129b0       0x34 bn_sprites_manager.o
                0x080129b0                _ZN2bn10sprite_ptr23set_rotation_angle_safeENS_7fixed_tILi12EEE
 .text._ZN2bn10sprite_ptr20set_horizontal_scaleENS_7fixed_tILi12EEE
                0x080129e4       0xb8 bn_sprites_manager.o
                0x080129e4                _ZN2bn10sprite_ptr20set_horizontal_scaleENS_7fixed_tILi12EEE
 .text._ZN2bn10sprite_ptr9set_scaleENS_7fixed_tILi12EEE
                0x08012a9c       0xbc bn_sprites_manager.o
                0x08012a9c                _ZN2bn10sprite_ptr9set_scaleENS_7fixed_tILi12EEE
 .text._ZN2bn12_GLOBAL__N_1L14_setup_builderERKNS_21sprite_text_generatorERNS_14sprite_builderE
                0x08012b58       0x68 bn_sprite_text_generator.o
 .text._ZN2bn21sprite_text_generator5_initEv
                0x08012bc0      0x1b4 bn_sprite_text_generator.o
                0x08012bc0                _ZN2bn21sprite_text_generator5_initEv
 .text._ZN2bn21sprite_text_generatorC2ERKNS_11sprite_fontE
                0x08012d74       0x38 bn_sprite_text_generator.o
                0x08012d74                _ZN2bn21sprite_text_generatorC1ERKNS_11sprite_fontE
                0x08012d74                _ZN2bn21sprite_text_generatorC2ERKNS_11sprite_fontE
 .text._ZN3_bn6assert9show_argsIJA25_ciA4_ctEEEvPKcS5_S5_iDpRKT_
                0x08012dac       0x64 bn_sprite_text_generator.o
                0x08012dac                _ZN3_bn6assert9show_argsIJA25_ciA4_ctEEEvPKcS5_S5_iDpRKT_
 .text._ZN2bn14utf8_characterC2ERKc
                0x08012e10      0x140 bn_sprite_text_generator.o
                0x08012e10                _ZN2bn14utf8_characterC1ERKc
                0x08012e10                _ZN2bn14utf8_characterC2ERKc
 .text._ZN2bn12_GLOBAL__N_1L15_graphics_indexEcRKNS_23utf8_characters_map_refEPKcRi.part.0
                0x08012f50       0x8c bn_sprite_text_generator.o
 .text._ZN3_bn6assert9show_argsIJA20_ccA9_cN2bn11string_viewEA2_cEEEvPKcS8_S8_iDpRKT_
                0x08012fdc       0x6c bn_sprite_text_generator.o
                0x08012fdc                _ZN3_bn6assert9show_argsIJA20_ccA9_cN2bn11string_viewEA2_cEEEvPKcS8_S8_iDpRKT_
 .text._ZNK2bn21sprite_text_generator5widthERKNS_11string_viewE
                0x08013048      0x238 bn_sprite_text_generator.o
                0x08013048                _ZNK2bn21sprite_text_generator5widthERKNS_11string_viewE
 .text._ZN3_bn6assert9show_argsIA55_cEEvPKcS4_S4_iRKT_
                0x08013280       0x48 bn_sprite_text_generator.o
                0x08013280                _ZN3_bn6assert9show_argsIA55_cEEvPKcS4_S4_iRKT_
 .text._ZN2bn12_GLOBAL__N_1L20_build_sprite_assertILNS_11sprite_sizeE2EEEPNS_4tileERKNS_21sprite_text_generatorERKNS_18sprite_palette_ptrERKNS_13fixed_point_tILi12EEERNS_7ivectorINS_10sprite_ptrEEE
                0x080132c8      0x198 bn_sprite_text_generator.o
 .text._ZN2bn12_GLOBAL__N_1L20_build_sprite_assertILNS_11sprite_sizeE1EEEPNS_4tileERKNS_21sprite_text_generatorERKNS_18sprite_palette_ptrERKNS_13fixed_point_tILi12EEERNS_7ivectorINS_10sprite_ptrEEE
                0x08013460      0x198 bn_sprite_text_generator.o
 .text._ZN2bn12_GLOBAL__N_1L9_generateILb0EEEbRKNS_21sprite_text_generatorERKNS_13fixed_point_tILi12EEERKNS_11string_viewERKNS_23utf8_characters_map_refEiibRNS_7ivectorINS_10sprite_ptrEEE.isra.0
                0x080135f8     0x1164 bn_sprite_text_generator.o
 .text._ZNK2bn21sprite_text_generator8generateENS_7fixed_tILi12EEES2_RKNS_11string_viewERNS_7ivectorINS_10sprite_ptrEEE
                0x0801475c       0x40 bn_sprite_text_generator.o
                0x0801475c                _ZNK2bn21sprite_text_generator8generateENS_7fixed_tILi12EEES2_RKNS_11string_viewERNS_7ivectorINS_10sprite_ptrEEE
 .text._ZNK2bn16sprite_tiles_ptr2idEv
                0x0801479c       0x18 bn_sprite_tiles_manager.o
                0x0801479c                _ZNK2bn16sprite_tiles_ptr2idEv
 .text._ZNK2bn16sprite_tiles_ptr11tiles_countEv
                0x080147b4       0x18 bn_sprite_tiles_manager.o
                0x080147b4                _ZNK2bn16sprite_tiles_ptr11tiles_countEv
 .text._ZN2bn20sprite_tiles_manager10log_statusEv
                0x080147cc      0x1ec bn_sprite_tiles_manager.o
                0x080147cc                _ZN2bn20sprite_tiles_manager10log_statusEv
 .text._ZN2bn20sprite_tiles_manager19commit_uncompressedEb
                0x080149b8       0xc4 bn_sprite_tiles_manager.o
                0x080149b8                _ZN2bn20sprite_tiles_manager19commit_uncompressedEb
 .text._ZN3_bn6assert9show_argsIJA44_cPKN2bn4tileEA4_cS6_EEEvPKcS9_S9_iDpRKT_
                0x08014a7c       0x64 bn_sprite_tiles_manager.o
                0x08014a7c                _ZN3_bn6assert9show_argsIJA44_cPKN2bn4tileEA4_cS6_EEEvPKcS9_S9_iDpRKT_
 .text._ZN3_bn6assert9show_argsIJA46_ciA4_cjEEEvPKcS5_S5_iDpRKT_
                0x08014ae0       0x64 bn_sprite_tiles_manager.o
                0x08014ae0                _ZN3_bn6assert9show_argsIJA46_ciA4_cjEEEvPKcS5_S5_iDpRKT_
 .text._ZN2bn20sprite_tiles_manager12_GLOBAL__N_1L10_hw_commitEPKNS_4tileENS_16compression_typeEii
                0x08014b44       0x88 bn_sprite_tiles_manager.o
 .text._ZN2bn20sprite_tiles_manager17commit_compressedEv
                0x08014bcc       0x5c bn_sprite_tiles_manager.o
                0x08014bcc                _ZN2bn20sprite_tiles_manager17commit_compressedEv
 .text._ZN3_bn6assert9show_argsIJA28_cA15_cPKN2bn4tileEA16_ciA34_cNS4_11string_viewEEEEvPKcSC_SC_iDpRKT_
                0x08014c28       0x7c bn_sprite_tiles_manager.o
                0x08014c28                _ZN3_bn6assert9show_argsIJA28_cA15_cPKN2bn4tileEA16_ciA34_cNS4_11string_viewEEEEvPKcSC_SC_iDpRKT_
 .text._ZN3_bn6assert9show_argsIJA44_ciA34_cN2bn11string_viewEEEEvPKcS7_S7_iDpRKT_
                0x08014ca4       0x64 bn_sprite_tiles_manager.o
                0x08014ca4                _ZN3_bn6assert9show_argsIJA44_ciA34_cN2bn11string_viewEEEEvPKcS7_S7_iDpRKT_
 .text._ZN2bn20sprite_tiles_manager4initEv
                0x08014d08      0x188 bn_sprite_tiles_manager.o
                0x08014d08                _ZN2bn20sprite_tiles_manager4initEv
 .text._ZN2bn20sprite_tiles_manager12_GLOBAL__N_1L22_insert_to_commit_itemEiRNS1_9item_typeE.part.0
                0x08014e90       0x64 bn_sprite_tiles_manager.o
 .text._ZN2bn20sprite_tiles_manager12_GLOBAL__N_1L17_insert_free_itemEi
                0x08014ef4       0xe0 bn_sprite_tiles_manager.o
 .text._ZN2bn20sprite_tiles_manager12_GLOBAL__N_1L16_erase_free_itemEi
                0x08014fd4       0xe8 bn_sprite_tiles_manager.o
 .text._ZN2bn20sprite_tiles_manager12_GLOBAL__N_1L21_erase_to_commit_itemEiRNS1_9item_typeE.part.0
                0x080150bc       0xac bn_sprite_tiles_manager.o
 .text._ZN2bn20sprite_tiles_manager15decrease_usagesEi
                0x08015168      0x138 bn_sprite_tiles_manager.o
                0x08015168                _ZN2bn20sprite_tiles_manager15decrease_usagesEi
 .text._ZN2bn16sprite_tiles_ptrD2Ev
                0x080152a0       0x18 bn_sprite_tiles_manager.o
                0x080152a0                _ZN2bn16sprite_tiles_ptrD1Ev
                0x080152a0                _ZN2bn16sprite_tiles_ptrD2Ev
 .text._ZN2bn20sprite_tiles_manager12_GLOBAL__N_1L10_find_implEPKNS_4tileENS_16compression_typeEi
                0x080152b8      0x288 bn_sprite_tiles_manager.o
 .text._ZN2bn20sprite_tiles_manager4vramEi
                0x08015540       0x3c bn_sprite_tiles_manager.o
                0x08015540                _ZN2bn20sprite_tiles_manager4vramEi
 .text._ZN2bn16sprite_tiles_ptr4vramEv
                0x0801557c       0x14 bn_sprite_tiles_manager.o
                0x0801557c                _ZN2bn16sprite_tiles_ptr4vramEv
 .text._ZNK2bn17sprite_tiles_item10find_tilesEi
                0x08015590       0xcc bn_sprite_tiles_manager.o
                0x08015590                _ZNK2bn17sprite_tiles_item10find_tilesEi
 .text._ZN2bn20sprite_tiles_manager12_GLOBAL__N_1L21_erase_items_map_itemEPKNS_4tileE
                0x0801565c      0x1fc bn_sprite_tiles_manager.o
 .text._ZN2bn20sprite_tiles_manager12_GLOBAL__N_1L12_create_itemEiPKNS_4tileENS_16compression_typeEib
                0x08015858      0x1e0 bn_sprite_tiles_manager.o
 .text._ZN2bn20sprite_tiles_manager12_GLOBAL__N_1L14_allocate_implEi
                0x08015a38      0x10c bn_sprite_tiles_manager.o
 .text._ZN2bn20sprite_tiles_manager8allocateEiNS_8bpp_modeE
                0x08015b44       0xc0 bn_sprite_tiles_manager.o
                0x08015b44                _ZN2bn20sprite_tiles_manager8allocateEiNS_8bpp_modeE
 .text._ZN2bn16sprite_tiles_ptr8allocateEiNS_8bpp_modeE
                0x08015c04       0x18 bn_sprite_tiles_manager.o
                0x08015c04                _ZN2bn16sprite_tiles_ptr8allocateEiNS_8bpp_modeE
 .text._ZN2bn20sprite_tiles_manager6updateEv
                0x08015c1c      0x1a0 bn_sprite_tiles_manager.o
                0x08015c1c                _ZN2bn20sprite_tiles_manager6updateEv
 .text._ZN2bn20sprite_tiles_manager12_GLOBAL__N_1L12_create_implEPKNS_4tileENS_16compression_typeEi
                0x08015dbc      0x1fc bn_sprite_tiles_manager.o
 .text._ZN2bn20sprite_tiles_manager12_GLOBAL__N_1L22_insert_items_map_itemEPKNS_4tileEi
                0x08015fb8       0xc0 bn_sprite_tiles_manager.o
 .text._ZN2bn20sprite_tiles_manager6createERKNS_4spanIKNS_4tileEEENS_16compression_typeE
                0x08016078       0x90 bn_sprite_tiles_manager.o
                0x08016078                _ZN2bn20sprite_tiles_manager6createERKNS_4spanIKNS_4tileEEENS_16compression_typeE
 .text._ZN2bn16sprite_tiles_ptr6createERKNS_17sprite_tiles_itemEi
                0x08016108       0xc0 bn_sprite_tiles_manager.o
                0x08016108                _ZN2bn16sprite_tiles_ptr6createERKNS_17sprite_tiles_itemEi
 .text._ZN2bn13ostringstreamC2ERNS_12istring_baseE
                0x080161c8        0x8 bn_sstream.o
                0x080161c8                _ZN2bn13ostringstreamC1ERNS_12istring_baseE
                0x080161c8                _ZN2bn13ostringstreamC2ERNS_12istring_baseE
 .text._ZNK2bn13ostringstream4sizeEv
                0x080161d0        0x8 bn_sstream.o
                0x080161d0                _ZNK2bn13ostringstream4sizeEv
 .text._ZN2bn13ostringstream6appendEPKc
                0x080161d8       0xac bn_sstream.o
                0x080161d8                _ZN2bn13ostringstream6appendEPKc
 .text._ZN2bn13ostringstream6appendEi
                0x08016284       0xb0 bn_sstream.o
                0x08016284                _ZN2bn13ostringstream6appendEi
 .text._ZN2bn13ostringstream6appendERKNS_11string_viewE
                0x08016334       0xbc bn_sstream.o
                0x08016334                _ZN2bn13ostringstream6appendERKNS_11string_viewE
 .text._ZN2bn13ostringstream6appendEj
                0x080163f0       0xb0 bn_sstream.o
                0x080163f0                _ZN2bn13ostringstream6appendEj
 .text._ZN2bn13ostringstream6appendEPKv
                0x080164a0       0xec bn_sstream.o
                0x080164a0                _ZN2bn13ostringstream6appendEPKv
 .text._ZN2bn13ostringstream16_append_fractionEji
                0x0801658c      0x120 bn_sstream.o
                0x0801658c                _ZN2bn13ostringstream16_append_fractionEji
 .text._ZN2bn13ostringstream6appendEc
                0x080166ac       0x48 bn_sstream.o
                0x080166ac                _ZN2bn13ostringstream6appendEc
 .text._ZN2bn18igeneric_pool_baseC2EPci
                0x080166f4       0x10 bn_translation_unit.o
                0x080166f4                _ZN2bn18igeneric_pool_baseC1EPci
                0x080166f4                _ZN2bn18igeneric_pool_baseC2EPci
 .text._ZN2bn18igeneric_pool_base5_freeEPc
                0x08016704       0x10 bn_translation_unit.o
                0x08016704                _ZN2bn18igeneric_pool_base5_freeEPc
 .text._ZN2bn5timerC2Ev
                0x08016714       0x24 bn_translation_unit.o
                0x08016714                _ZN2bn5timerC1Ev
                0x08016714                _ZN2bn5timerC2Ev
 .text._ZNK2bn5timer13elapsed_ticksEv
                0x08016738       0x2c bn_translation_unit.o
                0x08016738                _ZNK2bn5timer13elapsed_ticksEv
 .text._ZN2bn5timer7restartEv
                0x08016764       0x28 bn_translation_unit.o
                0x08016764                _ZN2bn5timer7restartEv
 .text._ZN2bn3logERKNS_12istring_baseE
                0x0801678c       0x58 bn_translation_unit.o
                0x0801678c                _ZN2bn3logERKNS_12istring_baseE
 .text._ZN2bn18igeneric_pool_base9_allocateEv
                0x080167e4       0x48 bn_translation_unit.o
                0x080167e4                _ZN2bn18igeneric_pool_base9_allocateEv
 .text._ZN3_bn6formatERN2bn13ostringstreamEPKcS4_
                0x0801682c       0xc0 bn_translation_unit.o
                0x0801682c                _ZN3_bn6formatERN2bn13ostringstreamEPKcS4_
 .text._ZN2bn2hw5audio12_GLOBAL__N_1L21_maxmod_event_handlerEjj
                0x080168ec       0x38 bn_hw_audio.o
 .text._ZN2bn2hw5audio4initEv
                0x08016924       0x7c bn_hw_audio.o
                0x08016924                _ZN2bn2hw5audio4initEv
 .text._ZN2bn2hw5audio7disableEv
                0x080169a0       0x18 bn_hw_audio.o
                0x080169a0                _ZN2bn2hw5audio7disableEv
 .text._ZN2bn2hw5audio13update_eventsEb
                0x080169b8       0x6c bn_hw_audio.o
                0x080169b8                _ZN2bn2hw5audio13update_eventsEb
 .text._ZN2bn2hw5audio13music_playingEv
                0x08016a24       0x20 bn_hw_audio.o
                0x08016a24                _ZN2bn2hw5audio13music_playingEv
 .text._ZN2bn2hw5audio10play_musicEib
                0x08016a44       0x1c bn_hw_audio.o
                0x08016a44                _ZN2bn2hw5audio10play_musicEib
 .text._ZN2bn2hw5audio10stop_musicEv
                0x08016a60       0x18 bn_hw_audio.o
                0x08016a60                _ZN2bn2hw5audio10stop_musicEv
 .text._ZN2bn2hw5audio11pause_musicEv
                0x08016a78       0x18 bn_hw_audio.o
                0x08016a78                _ZN2bn2hw5audio11pause_musicEv
 .text._ZN2bn2hw5audio12resume_musicEv
                0x08016a90       0x18 bn_hw_audio.o
                0x08016a90                _ZN2bn2hw5audio12resume_musicEv
 .text._ZN2bn2hw5audio14jingle_playingEv
                0x08016aa8       0x20 bn_hw_audio.o
                0x08016aa8                _ZN2bn2hw5audio14jingle_playingEv
 .text._ZN2bn2hw5audio11play_jingleEi
                0x08016ac8       0x1c bn_hw_audio.o
                0x08016ac8                _ZN2bn2hw5audio11play_jingleEi
 .text._ZN2bn2hw5audio11stop_jingleEv
                0x08016ae4       0x18 bn_hw_audio.o
                0x08016ae4                _ZN2bn2hw5audio11stop_jingleEv
 .text._ZN2bn2hw5audio12pause_jingleEv