Archive member included to satisfy reference by file (symbol)

/opt/devkitpro/devkitARM/lib/gcc/arm-none-eabi/15.2.0/thumb/libgcc.a(_aeabi_ldivmod.o)
                              bn_hw_text.o (__aeabi_ldivmod)
/opt/devkitpro/devkitARM/lib/gcc/arm-none-eabi/15.2.0/thumb/libgcc.a(_aeabi_uldivmod.o)
                              bn_hw_text.o (__aeabi_uldivmod)
/opt/devkitpro/devkitARM/lib/gcc/arm-none-eabi/15.2.0/thumb/libgcc.a(_sync_none.o)
                              (__sync_synchronize_none)
/opt/devkitpro/devkitARM/lib/gcc/arm-none-eabi/15.2.0/thumb/libgcc.a(_udivmoddi4.o)
                              /opt/devkitpro/devkitARM/lib/gcc/arm-none-eabi/15.2.0/thumb/libgcc.a(_aeabi_ldivmod.o) (__udivmoddi4)

Discarded input sections

 .text          0x00000000        0x0 /opt/devkitpro/devkitARM/lib/gcc/arm-none-eabi/15.2.0/../../../../arm-none-eabi/lib/thumb/gba_crt0.o
 .data          0x00000000        0x0 /opt/devkitpro/devkitARM/lib/gcc/arm-none-eabi/15.2.0/../../../../arm-none-eabi/lib/thumb/gba_crt0.o
 .bss           0x00000000        0x0 /opt/devkitpro/devkitARM/lib/gcc/arm-none-eabi/15.2.0/../../../../arm-none-eabi/lib/thumb/gba_crt0.o
 .text          0x00000000        0x0 /opt/devkitpro/devkitARM/lib/gcc/arm-none-eabi/15.2.0/thumb/crti.o
 .data          0x00000000        0x0 /opt/devkitpro/devkitARM/lib/gcc/arm-none-eabi/15.2.0/thumb/crti.o
 .bss           0x00000000        0x0 /opt/devkitpro/devkitARM/lib/gcc/arm-none-eabi/15.2.0/thumb/crti.o
 .text          0x00000000        0x0 /opt/devkitpro/devkitARM/lib/gcc/arm-none-eabi/15.2.0/thumb/crtbegin.o
 .data          0x00000000        0x0 /opt/devkitpro/devkitARM/lib/gcc/arm-none-eabi/15.2.0/thumb/crtbegin.o
 .bss           0x00000000        0x0 /opt/devkitpro/devkitARM/lib/gcc/arm-none-eabi/15.2.0/thumb/crtbegin.o
 .rodata.all_implied_fbits
                0x00000000       0x24 /opt/devkitpro/devkitARM/lib/gcc/arm-none-eabi/15.2.0/thumb/crtbegin.o
 .text          0x00000000        0x0 bn_audio_soundbank.bin.o
 .data          0x00000000        0x0 bn_audio_soundbank.bin.o
 .bss           0x00000000        0x0 bn_audio_soundbank.bin.o
 .text          0x00000000        0x0 ball_bn_gfx.o
 .data          0x00000000        0x0 ball_bn_gfx.o
 .bss           0x00000000        0x0 ball_bn_gfx.o
 .rodata        0x00000000       0x80 ball_bn_gfx.o
 .text          0x00000000        0x0 bars_bn_gfx.o
 .data          0x00000000        0x0 bars_bn_gfx.o
 .bss           0x00000000        0x0 bars_bn_gfx.o
 .rodata        0x00000000      0x120 bars_bn_gfx.o
 .text          0x00000000        0x0 bau_bn_gfx.o
 .data          0x00000000        0x0 bau_bn_gfx.o
 .bss           0x00000000        0x0 bau_bn_gfx.o
 .text          0x00000000        0x0 bg_country_bn_gfx.o
 .data          0x00000000        0x0 bg_country_bn_gfx.o
 .bss           0x00000000        0x0 bg_country_bn_gfx.o
 .rodata        0x00000000     0x71a0 bg_country_bn_gfx.o
 .text          0x00000000        0x0 bg_s1_bn_gfx.o
 .data          0x00000000        0x0 bg_s1_bn_gfx.o
 .bss           0x00000000        0x0 bg_s1_bn_gfx.o
 .text          0x00000000        0x0 bg_s2_bn_gfx.o
 .data          0x00000000        0x0 bg_s2_bn_gfx.o
 .bss           0x00000000        0x0 bg_s2_bn_gfx.o
 .text          0x00000000        0x0 cat_bn_gfx.o
 .data          0x00000000        0x0 cat_bn_gfx.o
 .bss           0x00000000        0x0 cat_bn_gfx.o
 .rodata        0x00000000      0xc20 cat_bn_gfx.o
 .text          0x00000000        0x0 cover_bn_gfx.o
 .data          0x00000000        0x0 cover_bn_gfx.o
 .bss           0x00000000        0x0 cover_bn_gfx.o
 .text          0x00000000        0x0 dog2_bn_gfx.o
 .data          0x00000000        0x0 dog2_bn_gfx.o
 .bss           0x00000000        0x0 dog2_bn_gfx.o
 .rodata        0x00000000     0x1820 dog2_bn_gfx.o
 .text          0x00000000        0x0 dog3_bn_gfx.o
 .data          0x00000000        0x0 dog3_bn_gfx.o
 .bss           0x00000000        0x0 dog3_bn_gfx.o
 .rodata        0x00000000     0x1820 dog3_bn_gfx.o
 .text          0x00000000        0x0 dog4_bn_gfx.o
 .data          0x00000000        0x0 dog4_bn_gfx.o
 .bss           0x00000000        0x0 dog4_bn_gfx.o
 .rodata        0x00000000     0x1820 dog4_bn_gfx.o
 .text          0x00000000        0x0 dog5_bn_gfx.o
 .data          0x00000000        0x0 dog5_bn_gfx.o
 .bss           0x00000000        0x0 dog5_bn_gfx.o
 .text          0x00000000        0x0 dog_bn_gfx.o
 .data          0x00000000        0x0 dog_bn_gfx.o
 .bss           0x00000000        0x0 dog_bn_gfx.o
 .text          0x00000000        0x0 doors_bn_gfx.o
 .data          0x00000000        0x0 doors_bn_gfx.o
 .bss           0x00000000        0x0 doors_bn_gfx.o
 .text          0x00000000        0x0 enemies2_bn_gfx.o
 .data          0x00000000        0x0 enemies2_bn_gfx.o
 .bss           0x00000000        0x0 enemies2_bn_gfx.o
 .text          0x00000000        0x0 enemies_bn_gfx.o
 .data          0x00000000        0x0 enemies_bn_gfx.o
[...]
Memory Configuration

Name             Origin             Length             Attributes
rom              0x08000000         0x02000000
iwram            0x03000000         0x00008000
ewram            0x02000000         0x00040000
*default*        0x00000000         0xffffffff

Linker script and memory map

                0x00000000                        __sync_synchronize = __sync_synchronize_none
                0x08000000                        __text_start = ORIGIN (rom)
                0x02040000                        __eheap_end = (ORIGIN (ewram) + LENGTH (ewram))
                0x03000000                        __iwram_start = ORIGIN (iwram)
                0x03008000                        __iwram_top = (ORIGIN (iwram) + LENGTH (iwram))
                0x03007fa0                        __sp_irq = (__iwram_top - 0x60)
                0x03007f00                        __sp_usr = (__sp_irq - 0xa0)
                0x03007ff8                        __irq_flags = 0x3007ff8
                0x08000000                        . = __text_start

.crt0           0x08000000      0x210
 *(.crt0)
 .crt0          0x08000000      0x210 /opt/devkitpro/devkitARM/lib/gcc/arm-none-eabi/15.2.0/../../../../arm-none-eabi/lib/thumb/gba_crt0.o
                0x08000000                _start
                0x080000c4                __boot_method
                0x080000c5                __slave_number
                0x080000e0                start_vector
                0x08000210                        . = ALIGN (0x4)

.init           0x08000210        0xc
 *(SORT_NONE(.init))
 .init          0x08000210        0x4 /opt/devkitpro/devkitARM/lib/gcc/arm-none-eabi/15.2.0/thumb/crti.o
                0x08000210                _init
 .init          0x08000214        0x8 /opt/devkitpro/devkitARM/lib/gcc/arm-none-eabi/15.2.0/thumb/crtn.o

.plt            0x0800021c        0x0
 *(.plt)
                0x0800021c                        . = ALIGN (0x4)

.text           0x08000220    0x1d760
 *(EXCLUDE_FILE(*.iwram*) .text*)
 .text.__do_global_dtors_aux
                0x08000220       0x2c /opt/devkitpro/devkitARM/lib/gcc/arm-none-eabi/15.2.0/thumb/crtbegin.o
 .text.frame_dummy
                0x0800024c       0x24 /opt/devkitpro/devkitARM/lib/gcc/arm-none-eabi/15.2.0/thumb/crtbegin.o
 .text._ZN3_bn6assert9show_argsIA22_cEEvPKcS4_S4_iRKT_
                0x08000270       0x48 bau.o
                0x08000270                _ZN3_bn6assert9show_argsIA22_cEEvPKcS4_S4_iRKT_
 .text._ZN3bauC2Ev
                0x080002b8       0xac bau.o
                0x080002b8                _ZN3bauC2Ev
                0x080002b8                _ZN3bauC1Ev
 .text._ZN3bau8do_spawnEv
                0x08000364       0xb0 bau.o
                0x08000364                _ZN3bau8do_spawnEv
 .text._ZN3bau6updateEv
                0x08000414      0x130 bau.o
                0x08000414                _ZN3bau6updateEv
 .text._ZN4bomb7explodeEv
                0x08000544       0xb8 bomb.o
                0x08000544                _ZN4bomb7explodeEv
 .text._ZN4bombC2EN2bn7fixed_tILi12EEES2_S2_S2_
                0x080005fc      0x118 bomb.o
                0x080005fc                _ZN4bombC2EN2bn7fixed_tILi12EEES2_S2_S2_
                0x080005fc                _ZN4bombC1EN2bn7fixed_tILi12EEES2_S2_S2_
 .text._ZN4bomb16update_explosionEv
                0x08000714       0x80 bomb.o
                0x08000714                _ZN4bomb16update_explosionEv
 .text._ZN4bomb6updateEv
                0x08000794      0x14c bomb.o
                0x08000794                _ZN4bomb6updateEv
 .text._Z18check_collision_16RKN2bn10sprite_ptrES2_
                0x080008e0       0x58 collision.o
                0x080008e0                _Z18check_collision_16RKN2bn10sprite_ptrES2_
 .text._Z18check_collision_16RKN2bn10sprite_ptrERK3dog
                0x08000938       0x94 collision.o
                0x08000938                _Z18check_collision_16RKN2bn10sprite_ptrERK3dog
 .text._ZN2bn13ostringstream6appendILi12EEEvNS_7fixed_tIXT_EEE
                0x080009cc       0xa0 collision.o
                0x080009cc                _ZN2bn13ostringstream6appendILi12EEEvNS_7fixed_tIXT_EEE
 .text._ZN3_bn6assert9show_argsIA16_cN2bn7fixed_tILi12EEEEEvPKcS7_S7_iRKT_RKT0_
                0x08000a6c       0x54 collision.o
                0x08000a6c                _ZN3_bn6assert9show_argsIA16_cN2bn7fixed_tILi12EEEEEvPKcS7_S7_iRKT_RKT0_
 .text._ZN3dog15applica_powerupEh
                0x08000ac0       0x4c dog.o
                0x08000ac0                _ZN3dog15applica_powerupEh
 .text._ZN3dog6updateEv
                0x08000b0c      0x340 dog.o
                0x08000b0c                _ZN3dog6updateEv
 .text._ZN3_bn6assert9show_argsIJA19_ciA4_ciEEEvPKcS5_S5_iDpRKT_
                0x08000e4c       0x64 dog.o
                0x08000e4c                _ZN3_bn6assert9show_argsIJA19_ciA4_ciEEEvPKcS5_S5_iDpRKT_
 .text._ZN3dogC2Ei
                0x08000eb0      0x554 dog.o
                0x08000eb0                _ZN3dogC2Ei
                0x08000eb0                _ZN3dogC1Ei
 .text._Z20dog_selection_screenRN2bn21sprite_text_generatorE
                0x08001404      0x404 dog_selection.o
                0x08001404                _Z20dog_selection_screenRN2bn21sprite_text_generatorE
 .text._ZN4doorC2ERK9door_info
                0x08001808       0xc0 door.o
                0x08001808                _ZN4doorC1ERK9door_info
                0x08001808                _ZN4doorC2ERK9door_info
 .text._ZN4door6updateEv
                0x080018c8       0xf4 door.o
                0x080018c8                _ZN4door6updateEv
 .text._ZN5enemyD2Ev
                0x080019bc       0xc0 enemy.o
                0x080019bc                _ZN5enemyD1Ev
                0x080019bc                _ZN5enemyD2Ev
 .text._ZN5enemyD0Ev
                0x08001a7c       0xc8 enemy.o
                0x08001a7c                _ZN5enemyD0Ev
 .text._ZN5enemy11beHitByBarkEi
                0x08001b44       0x38 enemy.o
                0x08001b44                _ZN5enemy11beHitByBarkEi
 .text._ZN5enemy10throw_bombEv
                0x08001b7c       0xf8 enemy.o
                0x08001b7c                _ZN5enemy10throw_bombEv
 .text._ZN5enemy6updateEv
                0x08001c74      0x71c enemy.o
                0x08001c74                _ZN5enemy6updateEv
 .text._ZN5enemyC2ERK9enemy_def
                0x08002390     0x19b4 enemy.o
                0x08002390                _ZN5enemyC2ERK9enemy_def
                0x08002390                _ZN5enemyC1ERK9enemy_def
 .text._ZN2bn8optionalI10game_timerED2EvQnt27is_trivially_destructible_vIT_E
                0x08003d44       0x30 globals.o
                0x08003d44                _ZN2bn8optionalI10game_timerED2EvQnt27is_trivially_destructible_vIT_E
                0x08003d44                _ZN2bn8optionalI10game_timerED1Ev
                0x08003d44                _ZN2bn8optionalI10game_timerED1EvQnt27is_trivially_destructible_vIT_E
                0x08003d44                _ZN2bn8optionalI10game_timerED2Ev
 .text._ZN2bn8optionalI3dogED2EvQnt27is_trivially_destructible_vIT_E
                0x08003d74       0x48 globals.o
                0x08003d74                _ZN2bn8optionalI3dogED2Ev
                0x08003d74                _ZN2bn8optionalI3dogED1EvQnt27is_trivially_destructible_vIT_E
                0x08003d74                _ZN2bn8optionalI3dogED1Ev
                0x08003d74                _ZN2bn8optionalI3dogED2EvQnt27is_trivially_destructible_vIT_E
 .text._ZN2bn8optionalINS_10camera_ptrEED2EvQnt27is_trivially_destructible_vIT_E
                0x08003dbc       0x18 globals.o
                0x08003dbc                _ZN2bn8optionalINS_10camera_ptrEED2Ev
                0x08003dbc                _ZN2bn8optionalINS_10camera_ptrEED2EvQnt27is_trivially_destructible_vIT_E
                0x08003dbc                _ZN2bn8optionalINS_10camera_ptrEED1EvQnt27is_trivially_destructible_vIT_E
                0x08003dbc                _ZN2bn8optionalINS_10camera_ptrEED1Ev
 .text._ZN2bn8optionalI3bauED2EvQnt27is_trivially_destructible_vIT_E
                0x08003dd4       0x20 globals.o
                0x08003dd4                _ZN2bn8optionalI3bauED1EvQnt27is_trivially_destructible_vIT_E
                0x08003dd4                _ZN2bn8optionalI3bauED2Ev
                0x08003dd4                _ZN2bn8optionalI3bauED2EvQnt27is_trivially_destructible_vIT_E
                0x08003dd4                _ZN2bn8optionalI3bauED1Ev
 .text._Z3capN2bn7fixed_tILi12EEES1_
                0x08003df4       0x10 globals.o
                0x08003df4                _Z3capN2bn7fixed_tILi12EEES1_
 .text.startup._GLOBAL__sub_I_g_rng
                0x08003e04       0x58 globals.o
 .text._ZN2bn6vectorINS_10sprite_ptrELi8EED2Ev
                0x08003e5c       0x24 hud.o
                0x08003e5c                _ZN2bn6vectorINS_10sprite_ptrELi8EED2Ev
                0x08003e5c                _ZN2bn6vectorINS_10sprite_ptrELi8EED1Ev
 .text._ZN2bn6vectorINS_10sprite_ptrELi4EED2Ev
                0x08003e80       0x24 hud.o
                0x08003e80                _ZN2bn6vectorINS_10sprite_ptrELi4EED1Ev
                0x08003e80                _ZN2bn6vectorINS_10sprite_ptrELi4EED2Ev
 .text._ZN2bn6vectorINS_10sprite_ptrELi2EED2Ev
                0x08003ea4       0x24 hud.o
                0x08003ea4                _ZN2bn6vectorINS_10sprite_ptrELi2EED2Ev
                0x08003ea4                _ZN2bn6vectorINS_10sprite_ptrELi2EED1Ev
 .text._ZN2bn6vectorINS_10sprite_ptrELi24EED2Ev
                0x08003ec8       0x24 hud.o
                0x08003ec8                _ZN2bn6vectorINS_10sprite_ptrELi24EED1Ev
                0x08003ec8                _ZN2bn6vectorINS_10sprite_ptrELi24EED2Ev
 .text._Z16update_text_initPN2bn21sprite_text_generatorE
                0x08003eec       0x24 hud.o
                0x08003eec                _Z16update_text_initPN2bn21sprite_text_generatorE
 .text._Z17update_text_clearv
                0x08003f10       0x34 hud.o
                0x08003f10                _Z17update_text_clearv
 .text._Z16update_text_tickv
                0x08003f44       0x8c hud.o
                0x08003f44                _Z16update_text_tickv
 .text._ZN3_bn6assert9show_argsIA15_cEEvPKcS4_S4_iRKT_
                0x08003fd0       0x48 hud.o
                0x08003fd0                _ZN3_bn6assert9show_argsIA15_cEEvPKcS4_S4_iRKT_
 .text._ZN12_GLOBAL__N_1L10draw_scoreEv
                0x08004018       0xdc hud.o
 .text._ZN12_GLOBAL__N_1L9draw_keysEv
                0x080040f4       0x94 hud.o
 .text._ZN12_GLOBAL__N_1L9draw_lifeEv
                0x08004188       0xd8 hud.o
 .text._Z10hud_updateiii
                0x08004260      0x2dc hud.o
                0x08004260                _Z10hud_updateiii
 .text.startup._GLOBAL__sub_I__Z16update_text_initPN2bn21sprite_text_generatorE
                0x0800453c       0xdc hud.o
 .text._ZN4itemD0Ev
                0x08004618       0x58 item.o
                0x08004618                _ZN4itemD0Ev
 .text._ZN4itemD2Ev
                0x08004670       0x50 item.o
                0x08004670                _ZN4itemD2Ev
                0x08004670                _ZN4itemD1Ev
 .text._ZN4item8raccogliEv
                0x080046c0       0x8c item.o
                0x080046c0                _ZN4item8raccogliEv
 .text._ZN4itemC2ERK8item_def
                0x0800474c      0x164 item.o
                0x0800474c                _ZN4itemC2ERK8item_def
                0x0800474c                _ZN4itemC1ERK8item_def
 .text._ZN4item6updateEv
                0x080048b0      0x148 item.o
                0x080048b0                _ZN4item6updateEv
 .text._ZN2bn8optionalI3dogEptEv.part.0
                0x080049f8       0x28 main.o
 .text._ZN2bn8optionalINS_6vectorIP5enemyLi24EEEEdeEv.part.0
                0x08004a20       0x28 main.o
 .text._ZN12_GLOBAL__N_1L13update_cameraERN2bn14regular_bg_ptrES2_S2_S2_
                0x08004a48      0x144 main.o
 .text.startup.main
                0x08004b8c      0x704 main.o
                0x08004b8c                main
 .text._ZN8live_obj14apply_frictionEv
                0x08005290       0x4c obj.o
                0x08005290                _ZN8live_obj14apply_frictionEv
 .text._ZN8live_obj13apply_gravityEi
                0x080052dc      0x12c obj.o
                0x080052dc                _ZN8live_obj13apply_gravityEi
 .text._ZN8live_obj9apply_mapEi
                0x08005408       0xc4 obj.o
                0x08005408                _ZN8live_obj9apply_mapEi
 .text._Z11is_solid_atN2bn7fixed_tILi12EEES1_i
                0x080054cc       0x3c obj.o
                0x080054cc                _Z11is_solid_atN2bn7fixed_tILi12EEES1_i
 .text._Z16get_schema_doorsi
                0x08005508       0x14 schemi.o
                0x08005508                _Z16get_schema_doorsi
 .text._Z17get_collision_mapi
                0x0800551c       0x18 schemi.o
                0x0800551c                _Z17get_collision_mapi
 .text._Z17create_schema_bg0i
                0x08005534       0x2c schemi.o
                0x08005534                _Z17create_schema_bg0i
 .text._Z17create_schema_bg1i
                0x08005560       0x2c schemi.o
                0x08005560                _Z17create_schema_bg1i
 .text._Z16create_schema_bgi
                0x0800558c       0x2c schemi.o
                0x0800558c                _Z16create_schema_bgi
 .text._Z16create_schema_fgi
                0x080055b8       0x2c schemi.o
                0x080055b8                _Z16create_schema_fgi
 .text._ZN3_bn6assert9show_argsIA16_ciEEvPKcS4_S4_iRKT_RKT0_
                0x080055e4       0x54 common_info.o
                0x080055e4                _ZN3_bn6assert9show_argsIA16_ciEEvPKcS4_S4_iRKT_RKT0_
 .text._ZN3_bn6assert9show_argsIA15_ciEEvPKcS4_S4_iRKT_RKT0_
                0x08005638       0x54 common_stats.o
                0x08005638                _ZN3_bn6assert9show_argsIA15_ciEEvPKcS4_S4_iRKT_RKT0_
 .text._ZN2bn13ostringstream11append_argsIiJA4_ciEEEvRKT_DpRKT0_.isra.0
                0x0800568c       0x24 bn_affine_bg_animate_actions.o
 .text._ZN3_bn6assert9show_argsIJA16_ciA4_ciEEEvPKcS5_S5_iDpRKT_
                0x080056b0       0x58 bn_affine_bg_animate_actions.o
                0x080056b0                _ZN3_bn6assert9show_argsIJA16_ciA4_ciEEEvPKcS5_S5_iDpRKT_
 .text._ZN3_bn6assert9show_argsIJA23_ciA4_ciEEEvPKcS5_S5_iDpRKT_
                0x08005708       0x58 bn_affine_bg_animate_actions.o
                0x08005708                _ZN3_bn6assert9show_argsIJA23_ciA4_ciEEEvPKcS5_S5_iDpRKT_
 .text._ZN3_bn6assert9show_argsIA23_ciEEvPKcS4_S4_iRKT_RKT0_
                0x08005760       0x54 bn_affine_bg_animate_actions.o
                0x08005760                _ZN3_bn6assert9show_argsIA23_ciEEvPKcS4_S4_iRKT_RKT0_
 .text._ZN3_bn6assert9show_argsIA24_ciEEvPKcS4_S4_iRKT_RKT0_
                0x080057b4       0x54 bn_affine_bg_animate_actions.o
                0x080057b4                _ZN3_bn6assert9show_argsIA24_ciEEvPKcS4_S4_iRKT_RKT0_
 .text._ZN3_bn6assert9show_argsIA28_ciEEvPKcS4_S4_iRKT_RKT0_
                0x08005808       0x54 bn_affine_bg_animate_actions.o
                0x08005808                _ZN3_bn6assert9show_argsIA28_ciEEvPKcS4_S4_iRKT_RKT0_
 .text._ZN2bn13audio_manager4initEv
                0x0800585c       0x60 bn_audio_manager.bn_noflto.o
                0x0800585c                _ZN2bn13audio_manager4initEv
 .text._ZN2bn13audio_manager7disableEv
                0x080058bc       0x10 bn_audio_manager.bn_noflto.o
                0x080058bc                _ZN2bn13audio_manager7disableEv
 .text._ZN2bn13audio_manager10sound_dataEt
                0x080058cc       0x6c bn_audio_manager.bn_noflto.o
                0x080058cc                _ZN2bn13audio_manager10sound_dataEt
 .text._ZN2bn13audio_manager6updateEv
                0x08005938       0x18 bn_audio_manager.bn_noflto.o
                0x08005938                _ZN2bn13audio_manager6updateEv
 .text._ZN2bn13audio_manager13vblank_commitEv
                0x08005950       0x2c bn_audio_manager.bn_noflto.o
                0x08005950                _ZN2bn13audio_manager13vblank_commitEv
 .text._ZN2bn13audio_manager14delayed_commitEv
                0x0800597c       0x34 bn_audio_manager.bn_noflto.o
                0x0800597c                _ZN2bn13audio_manager14delayed_commitEv
 .text._ZN2bn13audio_manager4stopEv
                0x080059b0       0x78 bn_audio_manager.bn_noflto.o
                0x080059b0                _ZN2bn13audio_manager4stopEv
 .text._ZN3_bn6assert9show_argsIA18_ciEEvPKcS4_S4_iRKT_RKT0_
                0x08005a28       0x54 bn_audio_manager.bn_noflto.o
                0x08005a28                _ZN3_bn6assert9show_argsIA18_ciEEvPKcS4_S4_iRKT_RKT0_
 .text._ZN3_bn6assert9show_argsIA14_ciEEvPKcS4_S4_iRKT_RKT0_
                0x08005a7c       0x54 bn_audio_manager.bn_noflto.o
                0x08005a7c                _ZN3_bn6assert9show_argsIA14_ciEEvPKcS4_S4_iRKT_RKT0_
 .text._ZN3_bn6assert9show_argsIA19_ciEEvPKcS4_S4_iRKT_RKT0_
                0x08005ad0       0x54 bn_audio_manager.bn_noflto.o
                0x08005ad0                _ZN3_bn6assert9show_argsIA19_ciEEvPKcS4_S4_iRKT_RKT0_
 .text._ZN3_bn6assert9show_argsIA26_ciEEvPKcS4_S4_iRKT_RKT0_
                0x08005b24       0x54 bn_audio_manager.bn_noflto.o
                0x08005b24                _ZN3_bn6assert9show_argsIA26_ciEEvPKcS4_S4_iRKT_RKT0_
 .text._ZN3_bn6assert9show_argsIA33_cEEvPKcS4_S4_iRKT_
                0x08005b78       0x48 bn_audio_manager.bn_noflto.o
                0x08005b78                _ZN3_bn6assert9show_argsIA33_cEEvPKcS4_S4_iRKT_
 .text._ZN3_bn6assert9show_argsIA25_cEEvPKcS4_S4_iRKT_
                0x08005bc0       0x48 bn_audio_manager.bn_noflto.o
                0x08005bc0                _ZN3_bn6assert9show_argsIA25_cEEvPKcS4_S4_iRKT_
 .text._ZN3_bn6assert9show_argsIA24_cEEvPKcS4_S4_iRKT_
                0x08005c08       0x48 bn_audio_manager.bn_noflto.o
                0x08005c08                _ZN3_bn6assert9show_argsIA24_cEEvPKcS4_S4_iRKT_
 .text._ZN3_bn6assert9show_argsIA20_cEEvPKcS4_S4_iRKT_
                0x08005c50       0x48 bn_audio_manager.bn_noflto.o
                0x08005c50                _ZN3_bn6assert9show_argsIA20_cEEvPKcS4_S4_iRKT_
 .text._ZN3_bn6assert9show_argsIA26_cEEvPKcS4_S4_iRKT_
                0x08005c98       0x48 bn_audio_manager.bn_noflto.o
                0x08005c98                _ZN3_bn6assert9show_argsIA26_cEEvPKcS4_S4_iRKT_
 .text._ZN3_bn6assert9show_argsIA21_cEEvPKcS4_S4_iRKT_
                0x08005ce0       0x48 bn_audio_manager.bn_noflto.o
                0x08005ce0                _ZN3_bn6assert9show_argsIA21_cEEvPKcS4_S4_iRKT_
 .text._ZN3_bn6assert9show_argsIA32_cEEvPKcS4_S4_iRKT_
                0x08005d28       0x48 bn_audio_manager.bn_noflto.o
                0x08005d28                _ZN3_bn6assert9show_argsIA32_cEEvPKcS4_S4_iRKT_
 .text._ZN3_bn6assert9show_argsIA25_ciEEvPKcS4_S4_iRKT_RKT0_
                0x08005d70       0x54 bn_audio_manager.bn_noflto.o
                0x08005d70                _ZN3_bn6assert9show_argsIA25_ciEEvPKcS4_S4_iRKT_RKT0_
 .text._ZN2bn13audio_manager16execute_commandsEv
                0x08005dc4      0x788 bn_audio_manager.bn_noflto.o
                0x08005dc4                _ZN2bn13audio_manager16execute_commandsEv
 .text._ZN3_bn6assert9show_argsIA17_cEEvPKcS4_S4_iRKT_
                0x0800654c       0x48 bn_audio_manager.bn_noflto.o
                0x0800654c                _ZN3_bn6assert9show_argsIA17_cEEvPKcS4_S4_iRKT_
 .text._ZN2bn14iunordered_mapIjNS_13audio_manager15sound_data_typeENS_15identity_hasherENS_8equal_toIjEEEclEjRKj
                0x08006594      0x11c bn_audio_manager.bn_noflto.o
                0x08006594                _ZN2bn14iunordered_mapIjNS_13audio_manager15sound_data_typeENS_15identity_hasherENS_8equal_toIjEEEclEjRKj
 .text._ZN2bn13audio_manager10play_soundEiNS_10sound_itemE
                0x080066b0       0xc4 bn_audio_manager.bn_noflto.o
                0x080066b0                _ZN2bn13audio_manager10play_soundEiNS_10sound_itemE
 .text._ZNK2bn10sound_item4playEv
                0x08006774       0x10 bn_audio_manager.bn_noflto.o
                0x08006774                _ZNK2bn10sound_item4playEv
 .text._ZN2bn18best_fit_allocator4freeEPv
                0x08006784      0x110 bn_best_fit_allocator.o
                0x08006784                _ZN2bn18best_fit_allocator4freeEPv
 .text._ZN3_bn6assert9show_argsIA23_cEEvPKcS4_S4_iRKT_
                0x08006894       0x48 bn_best_fit_allocator.o
                0x08006894                _ZN3_bn6assert9show_argsIA23_cEEvPKcS4_S4_iRKT_
 .text._ZN2bn18best_fit_allocator5allocEi
                0x080068dc      0x144 bn_best_fit_allocator.o
                0x080068dc                _ZN2bn18best_fit_allocator5allocEi
 .text._ZN3_bn6assert9show_argsIA20_ciEEvPKcS4_S4_iRKT_RKT0_
                0x08006a20       0x54 bn_best_fit_allocator.o
                0x08006a20                _ZN3_bn6assert9show_argsIA20_ciEEvPKcS4_S4_iRKT_RKT0_
 .text._ZN3_bn6assert9show_argsIA14_cEEvPKcS4_S4_iRKT_
                0x08006a74       0x48 bn_best_fit_allocator.o
                0x08006a74                _ZN3_bn6assert9show_argsIA14_cEEvPKcS4_S4_iRKT_
 .text._ZN2bn18best_fit_allocator5resetEPvi
                0x08006abc       0xd4 bn_best_fit_allocator.o
                0x08006abc                _ZN2bn18best_fit_allocator5resetEPvi
 .text._ZN2bn17bg_blocks_manager12_GLOBAL__N_1L17_hw_commit_offsetEPKtjtPt
                0x08006b90       0x74 bn_bg_blocks_manager.o
 .text._ZN2bn13ostringstream11append_argsIiJA4_ctEEEvRKT_DpRKT0_.isra.0
                0x08006c04       0x24 bn_bg_blocks_manager.o
 .text._ZN2bn13ostringstream11append_argsIiJA4_ciEEEvRKT_DpRKT0_.isra.0
                0x08006c28       0x24 bn_bg_blocks_manager.o
 .text._ZN2bn17bg_blocks_manager15decrease_usagesEi.part.0
                0x08006c4c      0x130 bn_bg_blocks_manager.o
 .text._ZN2bn17bg_blocks_manager12_GLOBAL__N_110items_list12insert_afterEiRKNS1_9item_typeE.constprop.0
                0x08006d7c      0x2b4 bn_bg_blocks_manager.o
 .text._ZN2bn18regular_bg_map_ptrD2Ev
                0x08007030       0x34 bn_bg_blocks_manager.o
                0x08007030                _ZN2bn18regular_bg_map_ptrD2Ev
                0x08007030                _ZN2bn18regular_bg_map_ptrD1Ev
 .text._ZNK2bn18regular_bg_map_ptr2idEv
                0x08007064       0x18 bn_bg_blocks_manager.o
                0x08007064                _ZNK2bn18regular_bg_map_ptr2idEv
 .text._ZNK2bn18regular_bg_map_ptr10dimensionsEv
                0x0800707c       0x20 bn_bg_blocks_manager.o
                0x0800707c                _ZNK2bn18regular_bg_map_ptr10dimensionsEv
 .text._ZNK2bn18regular_bg_map_ptr3bigEv
                0x0800709c       0x1c bn_bg_blocks_manager.o
                0x0800709c                _ZNK2bn18regular_bg_map_ptr3bigEv
 .text._ZNK2bn18regular_bg_map_ptr3bppEv
                0x080070b8       0x1c bn_bg_blocks_manager.o
                0x080070b8                _ZNK2bn18regular_bg_map_ptr3bppEv
 .text._ZNK2bn20regular_bg_tiles_ptr3cbbEv
                0x080070d4       0x18 bn_bg_blocks_manager.o
                0x080070d4                _ZNK2bn20regular_bg_tiles_ptr3cbbEv
 .text._ZN2bn17affine_bg_map_ptrD2Ev
                0x080070ec       0x34 bn_bg_blocks_manager.o
                0x080070ec                _ZN2bn17affine_bg_map_ptrD2Ev
                0x080070ec                _ZN2bn17affine_bg_map_ptrD1Ev
 .text._ZNK2bn17affine_bg_map_ptr2idEv
                0x08007120       0x18 bn_bg_blocks_manager.o
                0x08007120                _ZNK2bn17affine_bg_map_ptr2idEv
 .text._ZNK2bn17affine_bg_map_ptr10dimensionsEv
                0x08007138       0x20 bn_bg_blocks_manager.o
                0x08007138                _ZNK2bn17affine_bg_map_ptr10dimensionsEv
 .text._ZNK2bn19affine_bg_tiles_ptr3cbbEv
                0x08007158       0x18 bn_bg_blocks_manager.o
                0x08007158                _ZNK2bn19affine_bg_tiles_ptr3cbbEv
 .text._ZN2bn17bg_blocks_manager4initEv
                0x08007170       0x94 bn_bg_blocks_manager.o
                0x08007170                _ZN2bn17bg_blocks_manager4initEv
 .text._ZN2bn17bg_blocks_manager10log_statusEv
                0x08007204      0x44c bn_bg_blocks_manager.o
                0x08007204                _ZN2bn17bg_blocks_manager10log_statusEv
 .text._ZN2bn17bg_blocks_manager15decrease_usagesEi
                0x08007650       0x28 bn_bg_blocks_manager.o
                0x08007650                _ZN2bn17bg_blocks_manager15decrease_usagesEi
 .text._ZN2bn17bg_blocks_manager11must_commitEi
                0x08007678       0x18 bn_bg_blocks_manager.o
                0x08007678                _ZN2bn17bg_blocks_manager11must_commitEi
 .text._ZN2bn17bg_blocks_manager6updateEv
                0x08007690      0x254 bn_bg_blocks_manager.o
                0x08007690                _ZN2bn17bg_blocks_manager6updateEv
 .text._ZN3_bn6assert9show_argsIA52_ctEEvPKcS4_S4_iRKT_RKT0_
                0x080078e4       0x54 bn_bg_blocks_manager.o
                0x080078e4                _ZN3_bn6assert9show_argsIA52_ctEEvPKcS4_S4_iRKT_RKT0_
 .text._ZN3_bn6assert9show_argsIJA20_ciA4_ctEEEvPKcS5_S5_iDpRKT_
                0x08007938       0x58 bn_bg_blocks_manager.o
                0x08007938                _ZN3_bn6assert9show_argsIJA20_ciA4_ctEEEvPKcS5_S5_iDpRKT_
 .text._ZN3_bn6assert9show_argsIJA22_ciA4_ciEEEvPKcS5_S5_iDpRKT_
                0x08007990       0x58 bn_bg_blocks_manager.o
                0x08007990                _ZN3_bn6assert9show_argsIJA22_ciA4_ciEEEvPKcS5_S5_iDpRKT_
 .text._ZN3_bn6assert9show_argsIJA58_ciA4_ciEEEvPKcS5_S5_iDpRKT_
                0x080079e8       0x58 bn_bg_blocks_manager.o
                0x080079e8                _ZN3_bn6assert9show_argsIJA58_ciA4_ciEEEvPKcS5_S5_iDpRKT_
 .text._ZN3_bn6assert9show_argsIA38_cEEvPKcS4_S4_iRKT_
                0x08007a40       0x48 bn_bg_blocks_manager.o
                0x08007a40                _ZN3_bn6assert9show_argsIA38_cEEvPKcS4_S4_iRKT_
 .text._ZN3_bn6assert9show_argsIA27_ciEEvPKcS4_S4_iRKT_RKT0_
                0x08007a88       0x54 bn_bg_blocks_manager.o
                0x08007a88                _ZN3_bn6assert9show_argsIA27_ciEEvPKcS4_S4_iRKT_RKT0_
 .text._ZN2bn17bg_blocks_manager12_GLOBAL__N_1L10_hw_commitEPKtNS_16compression_typeEibPt
                0x08007adc       0x68 bn_bg_blocks_manager.o
 .text._ZN3_bn6assert9show_argsIA19_cEEvPKcS4_S4_iRKT_
                0x08007b44       0x48 bn_bg_blocks_manager.o
                0x08007b44                _ZN3_bn6assert9show_argsIA19_cEEvPKcS4_S4_iRKT_
 .text._ZN3_bn6assert9show_argsIA22_ciEEvPKcS4_S4_iRKT_RKT0_
                0x08007b8c       0x54 bn_bg_blocks_manager.o
                0x08007b8c                _ZN3_bn6assert9show_argsIA22_ciEEvPKcS4_S4_iRKT_RKT0_
 .text._ZN2bn17bg_blocks_manager12_GLOBAL__N_1L16_find_tiles_implEPKtNS_16compression_typeEiNS_8bpp_modeEb
                0x08007be0      0x104 bn_bg_blocks_manager.o
 .text._ZN2bn17bg_blocks_manager12_GLOBAL__N_1L17_fix_blocks_countERKNS1_9item_typeEi
                0x08007ce4       0x7c bn_bg_blocks_manager.o
 .text._ZN3_bn6assert9show_argsIJA32_cA15_cPKtA16_ciA17_ciA34_cN2bn11string_viewEEEEvPKcSC_SC_iDpRKT_
                0x08007d60       0x90 bn_bg_blocks_manager.o
                0x08007d60                _ZN3_bn6assert9show_argsIJA32_cA15_cPKtA16_ciA17_ciA34_cN2bn11string_viewEEEEvPKcSC_SC_iDpRKT_
 .text._ZN3_bn6assert9show_argsIJA39_ciA4_ciEEEvPKcS5_S5_iDpRKT_
                0x08007df0       0x58 bn_bg_blocks_manager.o
                0x08007df0                _ZN3_bn6assert9show_argsIJA39_ciA4_ciEEEvPKcS5_S5_iDpRKT_
 .text._ZN3_bn6assert9show_argsIA31_cEEvPKcS4_S4_iRKT_
                0x08007e48       0x48 bn_bg_blocks_manager.o
                0x08007e48                _ZN3_bn6assert9show_argsIA31_cEEvPKcS4_S4_iRKT_
 .text._ZN3_bn6assert9show_argsIJA35_ciA4_ciEEEvPKcS5_S5_iDpRKT_
                0x08007e90       0x58 bn_bg_blocks_manager.o
                0x08007e90                _ZN3_bn6assert9show_argsIJA35_ciA4_ciEEEvPKcS5_S5_iDpRKT_
 .text._ZN3_bn6assert9show_argsIJA37_ciA4_ciEEEvPKcS5_S5_iDpRKT_
                0x08007ee8       0x58 bn_bg_blocks_manager.o
                0x08007ee8                _ZN3_bn6assert9show_argsIJA37_ciA4_ciEEEvPKcS5_S5_iDpRKT_
 .text._ZNK2bn18regular_bg_map_ptr5tilesEv
                0x08007f40       0x48 bn_bg_blocks_manager.o
                0x08007f40                _ZNK2bn18regular_bg_map_ptr5tilesEv
 .text._ZNK2bn17affine_bg_map_ptr5tilesEv
                0x08007f88       0x48 bn_bg_blocks_manager.o
                0x08007f88                _ZNK2bn17affine_bg_map_ptr5tilesEv
 .text._ZN2bn17bg_blocks_manager21set_regular_map_tilesEiONS_20regular_bg_tiles_ptrE
                0x08007fd0      0x204 bn_bg_blocks_manager.o
                0x08007fd0                _ZN2bn17bg_blocks_manager21set_regular_map_tilesEiONS_20regular_bg_tiles_ptrE
 .text._ZN2bn17bg_blocks_manager21update_affine_map_rowEiii
                0x080081d4      0x160 bn_bg_blocks_manager.o
                0x080081d4                _ZN2bn17bg_blocks_manager21update_affine_map_rowEiii
 .text._ZN2bn17bg_blocks_manager28update_affine_map_bottom_rowEiii
                0x08008334       0x30 bn_bg_blocks_manager.o
                0x08008334                _ZN2bn17bg_blocks_manager28update_affine_map_bottom_rowEiii
 .text._ZN2bn17bg_blocks_manager22update_regular_map_rowEiii
                0x08008364      0x184 bn_bg_blocks_manager.o
                0x08008364                _ZN2bn17bg_blocks_manager22update_regular_map_rowEiii
 .text._ZN2bn17bg_blocks_manager22update_regular_map_colEiii
                0x080084e8      0x1dc bn_bg_blocks_manager.o
                0x080084e8                _ZN2bn17bg_blocks_manager22update_regular_map_colEiii
 .text._ZN2bn17bg_blocks_manager23set_affine_map_positionEiii
                0x080086c4      0x1f0 bn_bg_blocks_manager.o
                0x080086c4                _ZN2bn17bg_blocks_manager23set_affine_map_positionEiii
 .text._ZN2bn17bg_blocks_manager24set_regular_map_positionEiii
                0x080088b4      0x214 bn_bg_blocks_manager.o
                0x080088b4                _ZN2bn17bg_blocks_manager24set_regular_map_positionEiii
 .text._ZN2bn17bg_blocks_manager21update_affine_map_colEiii
                0x08008ac8      0x314 bn_bg_blocks_manager.o
                0x08008ac8                _ZN2bn17bg_blocks_manager21update_affine_map_colEiii
 .text._ZN2bn17bg_blocks_manager27update_affine_map_right_colEiii
                0x08008ddc       0x30 bn_bg_blocks_manager.o
                0x08008ddc                _ZN2bn17bg_blocks_manager27update_affine_map_right_colEiii
 .text._ZN2bn17bg_blocks_manager23set_regular_map_paletteEiONS_14bg_palette_ptrE
                0x08008e0c      0x1b4 bn_bg_blocks_manager.o
                0x08008e0c                _ZN2bn17bg_blocks_manager23set_regular_map_paletteEiONS_14bg_palette_ptrE
 .text._ZN2bn17bg_blocks_manager33set_regular_map_tiles_and_paletteEiONS_20regular_bg_tiles_ptrEONS_14bg_palette_ptrE
                0x08008fc0      0x2e8 bn_bg_blocks_manager.o
                0x08008fc0                _ZN2bn17bg_blocks_manager33set_regular_map_tiles_and_paletteEiONS_20regular_bg_tiles_ptrEONS_14bg_palette_ptrE
 .text._ZN2bn17bg_blocks_manager12_GLOBAL__N_1L22_find_regular_map_implERKNS_19regular_bg_map_itemEPKtRKNS_20regular_bg_tiles_ptrERKNS_14bg_palette_ptrE
                0x080092a8      0x2d4 bn_bg_blocks_manager.o
 .text._ZN2bn17bg_blocks_manager12_GLOBAL__N_1L12_commit_itemERKNS1_9item_typeEb
                0x0800957c      0x1cc bn_bg_blocks_manager.o
 .text._ZN2bn17bg_blocks_manager19commit_uncompressedEb
                0x08009748       0xf0 bn_bg_blocks_manager.o
                0x08009748                _ZN2bn17bg_blocks_manager19commit_uncompressedEb
 .text._ZN2bn17bg_blocks_manager17commit_compressedEv
                0x08009838       0x48 bn_bg_blocks_manager.o
                0x08009838                _ZN2bn17bg_blocks_manager17commit_compressedEv
 .text._ZN2bn17bg_blocks_manager12_GLOBAL__N_1L12_create_itemEiibONS1_11create_dataE
                0x08009880      0x65c bn_bg_blocks_manager.o
 .text._ZN2bn17bg_blocks_manager12_GLOBAL__N_1L12_create_implEONS1_11create_dataE
                0x08009edc      0x1fc bn_bg_blocks_manager.o
 .text._ZN2bn17bg_blocks_manager20create_regular_tilesERKNS_21regular_bg_tiles_itemEbb
                0x0800a0d8      0x1d8 bn_bg_blocks_manager.o
                0x0800a0d8                _ZN2bn17bg_blocks_manager20create_regular_tilesERKNS_21regular_bg_tiles_itemEbb
 .text._ZN2bn17bg_blocks_manager18create_regular_mapERKNS_19regular_bg_map_itemEPKtONS_20regular_bg_tiles_ptrEONS_14bg_palette_ptrEb
                0x0800a2b0      0x314 bn_bg_blocks_manager.o
                0x0800a2b0                _ZN2bn17bg_blocks_manager18create_regular_mapERKNS_19regular_bg_map_itemEPKtONS_20regular_bg_tiles_ptrEONS_14bg_palette_ptrEb
 .text._ZN2bn18regular_bg_map_ptr6createERKNS_15regular_bg_itemEi
                0x0800a5c4       0xf8 bn_bg_blocks_manager.o
                0x0800a5c4                _ZN2bn18regular_bg_map_ptr6createERKNS_15regular_bg_itemEi
 .text._ZN3_bn6assert9show_argsIA39_ciEEvPKcS4_S4_iRKT_RKT0_
                0x0800a6bc       0x54 bn_bg_blocks_manager.o
                0x0800a6bc                _ZN3_bn6assert9show_argsIA39_ciEEvPKcS4_S4_iRKT_RKT0_
 .text._ZN2bn11bgs_manager12_GLOBAL__N_1L29_check_unique_regular_big_mapERNS1_9item_typeE
                0x0800a710       0x6c bn_bgs_manager.o
 .text._ZN2bn11bgs_manager12_GLOBAL__N_1L33_update_item_hw_affine_attributesERKNS1_9item_typeE
                0x0800a77c       0x48 bn_bgs_manager.o
 .text._ZN2bn13ostringstream11append_argsIiJA4_ciEEEvRKT_DpRKT0_.isra.0
                0x0800a7c4       0x24 bn_bgs_manager.o
 .text._ZNK2bn14regular_bg_ptr1xEv
                0x0800a7e8        0x8 bn_bgs_manager.o
                0x0800a7e8                _ZNK2bn14regular_bg_ptr1xEv
 .text._ZN2bn14regular_bg_ptr5set_xENS_7fixed_tILi12EEE
                0x0800a7f0       0x64 bn_bgs_manager.o
                0x0800a7f0                _ZN2bn14regular_bg_ptr5set_xENS_7fixed_tILi12EEE
 .text._ZNK2bn14regular_bg_ptr1yEv
                0x0800a854        0x8 bn_bgs_manager.o
                0x0800a854                _ZNK2bn14regular_bg_ptr1yEv
 .text._ZN2bn14regular_bg_ptr5set_yENS_7fixed_tILi12EEE
                0x0800a85c       0x64 bn_bgs_manager.o
                0x0800a85c                _ZN2bn14regular_bg_ptr5set_yENS_7fixed_tILi12EEE
 .text._ZN2bn11bgs_manager4initEv
                0x0800a8c0       0x98 bn_bgs_manager.o
                0x0800a8c0                _ZN2bn11bgs_manager4initEv
 .text._ZN2bn11bgs_manager5hw_idEPv
                0x0800a958        0x8 bn_bgs_manager.o
                0x0800a958                _ZN2bn11bgs_manager5hw_idEPv
 .text._ZN2bn11bgs_manager11hw_positionEPv
                0x0800a960        0x4 bn_bgs_manager.o
                0x0800a960                _ZN2bn11bgs_manager11hw_positionEPv
 .text._ZN2bn11bgs_manager14mat_attributesEPv
                0x0800a964        0x4 bn_bgs_manager.o
                0x0800a964                _ZN2bn11bgs_manager14mat_attributesEPv
 .text._ZN2bn11bgs_manager20update_windows_flagsEPj
                0x0800a968       0x7c bn_bgs_manager.o
                0x0800a968                _ZN2bn11bgs_manager20update_windows_flagsEPj
 .text._ZN2bn11bgs_manager14update_camerasEv
                0x0800a9e4      0x138 bn_bgs_manager.o
                0x0800a9e4                _ZN2bn11bgs_manager14update_camerasEv
 .text._ZN2bn11bgs_manager28update_regular_map_tiles_cbbEii
                0x0800ab1c       0x94 bn_bgs_manager.o
                0x0800ab1c                _ZN2bn11bgs_manager28update_regular_map_tiles_cbbEii
 .text._ZN2bn11bgs_manager22update_regular_map_bppEiNS_8bpp_modeE
                0x0800abb0       0x98 bn_bgs_manager.o
                0x0800abb0                _ZN2bn11bgs_manager22update_regular_map_bppEiNS_8bpp_modeE
 .text._ZN2bn11bgs_manager36fill_hblank_effect_regular_positionsEiPKNS_7fixed_tILi12EEEPt
                0x0800ac48       0x38 bn_bgs_manager.o
                0x0800ac48                _ZN2bn11bgs_manager36fill_hblank_effect_regular_positionsEiPKNS_7fixed_tILi12EEEPt
 .text._ZN2bn11bgs_manager45fill_hblank_effect_pivot_horizontal_positionsEPvPKNS_7fixed_tILi12EEEPj
                0x0800ac80       0x28 bn_bgs_manager.o
                0x0800ac80                _ZN2bn11bgs_manager45fill_hblank_effect_pivot_horizontal_positionsEPvPKNS_7fixed_tILi12EEEPj
 .text._ZN2bn11bgs_manager43fill_hblank_effect_pivot_vertical_positionsEPvPKNS_7fixed_tILi12EEEPj
                0x0800aca8       0x28 bn_bgs_manager.o
                0x0800aca8                _ZN2bn11bgs_manager43fill_hblank_effect_pivot_vertical_positionsEPvPKNS_7fixed_tILi12EEEPj
 .text._ZN2bn11bgs_manager36fill_hblank_effect_bitmap_attributesEPvPKNS_20bitmap_bg_attributesEPt
                0x0800acd0       0x50 bn_bgs_manager.o
                0x0800acd0                _ZN2bn11bgs_manager36fill_hblank_effect_bitmap_attributesEPvPKNS_20bitmap_bg_attributesEPt
 .text._ZN2bn11bgs_manager6commitEb
                0x0800ad20       0x58 bn_bgs_manager.o
                0x0800ad20                _ZN2bn11bgs_manager6commitEb
 .text._ZN2bn11bgs_manager4stopEv
                0x0800ad78       0x28 bn_bgs_manager.o
                0x0800ad78                _ZN2bn11bgs_manager4stopEv
 .text._ZN3_bn6assert9show_argsIA17_ciEEvPKcS4_S4_iRKT_RKT0_
                0x0800ada0       0x54 bn_bgs_manager.o
                0x0800ada0                _ZN3_bn6assert9show_argsIA17_ciEEvPKcS4_S4_iRKT_RKT0_
 .text._ZN3_bn6assert9show_argsIA30_cEEvPKcS4_S4_iRKT_
                0x0800adf4       0x48 bn_bgs_manager.o
                0x0800adf4                _ZN3_bn6assert9show_argsIA30_cEEvPKcS4_S4_iRKT_
 .text._ZN3_bn6assert9show_argsIJA20_ciA4_ciEEEvPKcS5_S5_iDpRKT_
                0x0800ae3c       0x58 bn_bgs_manager.o
                0x0800ae3c                _ZN3_bn6assert9show_argsIJA20_ciA4_ciEEEvPKcS5_S5_iDpRKT_
 .text._ZN2bn11bgs_manager15commit_big_mapsEv
                0x0800ae94      0x208 bn_bgs_manager.o
                0x0800ae94                _ZN2bn11bgs_manager15commit_big_mapsEv
 .text._ZN2bn11bgs_manager12_GLOBAL__N_19item_type18update_regular_mapEv
                0x0800b09c      0x1b4 bn_bgs_manager.o
 .text._ZN2bn11bgs_manager10affine_mapEPv
                0x0800b250       0x34 bn_bgs_manager.o
                0x0800b250                _ZN2bn11bgs_manager10affine_mapEPv
 .text._ZN2bn11bgs_manager11regular_mapEPv
                0x0800b284       0x34 bn_bgs_manager.o
                0x0800b284                _ZN2bn11bgs_manager11regular_mapEPv
 .text._ZN3_bn6assert9show_argsIA27_cEEvPKcS4_S4_iRKT_
                0x0800b2b8       0x48 bn_bgs_manager.o
                0x0800b2b8                _ZN3_bn6assert9show_argsIA27_cEEvPKcS4_S4_iRKT_
 .text._ZN3_bn6assert9show_argsIA46_cEEvPKcS4_S4_iRKT_
                0x0800b300       0x48 bn_bgs_manager.o
                0x0800b300                _ZN3_bn6assert9show_argsIA46_cEEvPKcS4_S4_iRKT_
 .text._ZN2bn11bgs_manager36fill_hblank_effect_affine_attributesEPvPKNS_20affine_bg_attributesEPt
                0x0800b348      0x10c bn_bgs_manager.o
                0x0800b348                _ZN2bn11bgs_manager36fill_hblank_effect_affine_attributesEPvPKNS_20affine_bg_attributesEPt
 .text._ZN2bn11bgs_manager37fill_hblank_effect_regular_attributesEPvPKNS_21regular_bg_attributesEPt
                0x0800b454      0x118 bn_bgs_manager.o
                0x0800b454                _ZN2bn11bgs_manager37fill_hblank_effect_regular_attributesEPvPKNS_21regular_bg_attributesEPt
 .text._ZN2bn11bgs_manager15rebuild_handlesEv.part.0
                0x0800b56c      0x27c bn_bgs_manager.o
 .text._ZN2bn11bgs_manager6updateEv
                0x0800b7e8      0x158 bn_bgs_manager.o
                0x0800b7e8                _ZN2bn11bgs_manager6updateEv
 .text._ZN3_bn6assert9show_argsIA38_cN2bn7fixed_tILi12EEEEEvPKcS7_S7_iRKT_RKT0_
                0x0800b940       0x54 bn_bgs_manager.o
                0x0800b940                _ZN3_bn6assert9show_argsIA38_cN2bn7fixed_tILi12EEEEEvPKcS7_S7_iRKT_RKT0_
 .text._ZN2bn11bgs_manager12_GLOBAL__N_1L12_insert_itemERNS1_9item_typeE
                0x0800b994      0x124 bn_bgs_manager.o
 .text._ZN3_bn6assert9show_argsIA13_cEEvPKcS4_S4_iRKT_
                0x0800bab8       0x48 bn_bgs_manager.o
                0x0800bab8                _ZN3_bn6assert9show_argsIA13_cEEvPKcS4_S4_iRKT_
 .text._ZN2bn11bgs_manager6createEONS_18regular_bg_builderE
                0x0800bb00      0x25c bn_bgs_manager.o
                0x0800bb00                _ZN2bn11bgs_manager6createEONS_18regular_bg_builderE
 .text._ZNK2bn15regular_bg_item9create_bgEi
                0x0800bd5c       0xc0 bn_bgs_manager.o
                0x0800bd5c                _ZNK2bn15regular_bg_item9create_bgEi
 .text._ZN2bn5eraseIPNS_11bgs_manager12_GLOBAL__N_19item_typeEEENS_7ivectorIT_E9size_typeERS7_RKS6_.constprop.0.isra.0
                0x0800be1c      0x144 bn_bgs_manager.o
 .text._ZN2bn11bgs_manager15decrease_usagesEPv
                0x0800bf60       0xe8 bn_bgs_manager.o
                0x0800bf60                _ZN2bn11bgs_manager15decrease_usagesEPv
 .text._ZN2bn14regular_bg_ptrD2Ev
                0x0800c048       0x18 bn_bgs_manager.o
                0x0800c048                _ZN2bn14regular_bg_ptrD1Ev
                0x0800c048                _ZN2bn14regular_bg_ptrD2Ev
 .text._ZN2bn14regular_bg_ptr12set_priorityEi
                0x0800c060       0x68 bn_bgs_manager.o
                0x0800c060                _ZN2bn14regular_bg_ptr12set_priorityEi
 .text._ZN2bn10camera_ptrC2ERKS0_
                0x0800c0c8       0x20 bn_cameras_manager.o
                0x0800c0c8                _ZN2bn10camera_ptrC1ERKS0_
                0x0800c0c8                _ZN2bn10camera_ptrC2ERKS0_
 .text._ZN2bn10camera_ptraSERKS0_
                0x0800c0e8       0x70 bn_cameras_manager.o
                0x0800c0e8                _ZN2bn10camera_ptraSERKS0_
 .text._ZN2bn10camera_ptrD2Ev
                0x0800c158       0x38 bn_cameras_manager.o
                0x0800c158                _ZN2bn10camera_ptrD1Ev
                0x0800c158                _ZN2bn10camera_ptrD2Ev
 .text._ZN2bn10camera_ptr5set_xENS_7fixed_tILi12EEE
                0x0800c190       0x20 bn_cameras_manager.o
                0x0800c190                _ZN2bn10camera_ptr5set_xENS_7fixed_tILi12EEE
 .text._ZN2bn10camera_ptr5set_yENS_7fixed_tILi12EEE
                0x0800c1b0       0x24 bn_cameras_manager.o
                0x0800c1b0                _ZN2bn10camera_ptr5set_yENS_7fixed_tILi12EEE
 .text._ZNK2bn10camera_ptr8positionEv
                0x0800c1d4       0x14 bn_cameras_manager.o
                0x0800c1d4                _ZNK2bn10camera_ptr8positionEv
 .text._ZN2bn15cameras_manager4initEv
                0x0800c1e8       0x24 bn_cameras_manager.o
                0x0800c1e8                _ZN2bn15cameras_manager4initEv
 .text._ZN2bn15cameras_manager6updateEv
                0x0800c20c       0x28 bn_cameras_manager.o
                0x0800c20c                _ZN2bn15cameras_manager6updateEv
 .text._ZN2bn10camera_ptr6createENS_7fixed_tILi12EEES2_
                0x0800c234       0x58 bn_cameras_manager.o
                0x0800c234                _ZN2bn10camera_ptr6createENS_7fixed_tILi12EEES2_
 .text._ZN2bn4core12_GLOBAL__N_1L12_vblank_intrEv
                0x0800c28c       0x3c bn_core.o
 .text._ZN2bn4core12_GLOBAL__N_1L4stopEb
                0x0800c2c8       0x60 bn_core.o
 .text._ZN2bn4core12_GLOBAL__N_1L11update_implEv
                0x0800c328      0x110 bn_core.o
 .text._ZN2bn4core6updateEv
                0x0800c438       0x78 bn_core.o
                0x0800c438                _ZN2bn4core6updateEv
 .text._ZN2bn4core4initERKNS_8optionalINS_5colorEEERKNS_11string_viewE
                0x0800c4b0      0x138 bn_core.o
                0x0800c4b0                _ZN2bn4core4initERKNS_8optionalINS_5colorEEERKNS_11string_viewE
 .text._ZN2bn4core4initEv
                0x0800c5e8       0x20 bn_core.o
                0x0800c5e8                _ZN2bn4core4initEv
 .text._ZN2bn11string_viewC2EPKc
                0x0800c608       0x40 bn_core.o
                0x0800c608                _ZN2bn11string_viewC2EPKc
                0x0800c608                _ZN2bn11string_viewC1EPKc
 .text._ZN3_bn6assert12_GLOBAL__N_1L10_show_implEPKcS3_S3_iRKN2bn11string_viewE
                0x0800c648       0x80 bn_core.o
 .text._ZN3_bn6assert4showEPKcS2_S2_iRKN2bn12istring_baseE
                0x0800c6c8       0x18 bn_core.o
                0x0800c6c8                _ZN3_bn6assert4showEPKcS2_S2_iRKN2bn12istring_baseE
 .text._ZN2bn15display_manager12_GLOBAL__N_1L34_update_rect_windows_hw_boundariesEi
                0x0800c6e0       0x84 bn_display_manager.o
 .text._ZN2bn15display_manager4initEv
                0x0800c764       0xa0 bn_display_manager.o
                0x0800c764                _ZN2bn15display_manager4initEv
 .text._ZN2bn15display_manager8set_modeEi
                0x0800c804       0x1c bn_display_manager.o
                0x0800c804                _ZN2bn15display_manager8set_modeEi
 .text._ZN2bn15display_manager14set_bg_enabledEib
                0x0800c820       0x1c bn_display_manager.o
                0x0800c820                _ZN2bn15display_manager14set_bg_enabledEib
 .text._ZN2bn15display_manager15disable_all_bgsEv
                0x0800c83c       0x18 bn_display_manager.o
                0x0800c83c                _ZN2bn15display_manager15disable_all_bgsEv
 .text._ZN2bn15display_manager36fill_mosaic_hblank_effect_attributesEPKNS_17mosaic_attributesEPt
                0x0800c854       0x98 bn_display_manager.o
                0x0800c854                _ZN2bn15display_manager36fill_mosaic_hblank_effect_attributesEPKNS_17mosaic_attributesEPt
 .text._ZN2bn15display_manager27set_blending_top_bg_enabledEib
                0x0800c8ec       0x20 bn_display_manager.o
                0x0800c8ec                _ZN2bn15display_manager27set_blending_top_bg_enabledEib
 .text._ZN2bn15display_manager30set_blending_bottom_bg_enabledEib
                0x0800c90c       0x20 bn_display_manager.o
                0x0800c90c                _ZN2bn15display_manager30set_blending_bottom_bg_enabledEib
 .text._ZN2bn15display_manager32blending_transparency_top_weightEv
                0x0800c92c       0x18 bn_display_manager.o
                0x0800c92c                _ZN2bn15display_manager32blending_transparency_top_weightEv
 .text._ZN2bn15display_manager35blending_transparency_bottom_weightEv
                0x0800c944       0x28 bn_display_manager.o
                0x0800c944                _ZN2bn15display_manager35blending_transparency_bottom_weightEv
 .text._ZN2bn15display_manager51fill_blending_transparency_hblank_effect_attributesEPKNS_32blending_transparency_attributesEPt
                0x0800c96c       0x30 bn_display_manager.o
                0x0800c96c                _ZN2bn15display_manager51fill_blending_transparency_hblank_effect_attributesEPKNS_32blending_transparency_attributesEPt
 .text._ZN2bn15display_manager21blending_fade_enabledEv
                0x0800c99c        0xc bn_display_manager.o
                0x0800c99c                _ZN2bn15display_manager21blending_fade_enabledEv
 .text._ZN2bn15display_manager39fill_blending_fade_hblank_effect_alphasEPKNS_19blending_fade_alphaEPt
                0x0800c9a8       0x24 bn_display_manager.o
                0x0800c9a8                _ZN2bn15display_manager39fill_blending_fade_hblank_effect_alphasEPKNS_19blending_fade_alphaEPt
 .text._ZN2bn15display_manager26update_windows_visible_bgsEv
                0x0800c9cc       0x14 bn_display_manager.o
                0x0800c9cc                _ZN2bn15display_manager26update_windows_visible_bgsEv
 .text._ZN2bn15display_manager36rect_window_hw_horizontal_boundariesEi
                0x0800c9e0       0x18 bn_display_manager.o
                0x0800c9e0                _ZN2bn15display_manager36rect_window_hw_horizontal_boundariesEi
 .text._ZN2bn15display_manager34rect_window_hw_vertical_boundariesEi
                0x0800c9f8       0x18 bn_display_manager.o
                0x0800c9f8                _ZN2bn15display_manager34rect_window_hw_vertical_boundariesEi
 .text._ZN2bn15display_manager52fill_rect_window_hblank_effect_horizontal_boundariesERKSt4pairIiiEPKS1_INS_7fixed_tILi12EEES6_EPt
                0x0800ca10      0x134 bn_display_manager.o
                0x0800ca10                _ZN2bn15display_manager52fill_rect_window_hblank_effect_horizontal_boundariesERKSt4pairIiiEPKS1_INS_7fixed_tILi12EEES6_EPt
 .text._ZN2bn15display_manager50fill_rect_window_hblank_effect_vertical_boundariesERKSt4pairIiiEPKS1_INS_7fixed_tILi12EEES6_EPt
                0x0800cb44      0x134 bn_display_manager.o
                0x0800cb44                _ZN2bn15display_manager50fill_rect_window_hblank_effect_vertical_boundariesERKSt4pairIiiEPKS1_INS_7fixed_tILi12EEES6_EPt
 .text._ZN2bn15display_manager36fill_green_swap_hblank_effect_statesEPKbPt
                0x0800cc78       0x38 bn_display_manager.o
                0x0800cc78                _ZN2bn15display_manager36fill_green_swap_hblank_effect_statesEPKbPt
 .text._ZN2bn15display_manager14update_camerasEv
                0x0800ccb0       0x40 bn_display_manager.o
                0x0800ccb0                _ZN2bn15display_manager14update_camerasEv
 .text._ZN2bn15display_manager6updateEv
                0x0800ccf0      0x250 bn_display_manager.o
                0x0800ccf0                _ZN2bn15display_manager6updateEv
 .text._ZN2bn15display_manager6commitEv
                0x0800cf40      0x14c bn_display_manager.o
                0x0800cf40                _ZN2bn15display_manager6commitEv
 .text._ZN2bn15display_manager4stopEv
                0x0800d08c       0x34 bn_display_manager.o
                0x0800d08c                _ZN2bn15display_manager4stopEv
 .text._ZN3_bn6assert9show_argsIA66_cEEvPKcS4_S4_iRKT_
                0x0800d0c0       0x48 bn_display_manager.o
                0x0800d0c0                _ZN3_bn6assert9show_argsIA66_cEEvPKcS4_S4_iRKT_
 .text._ZN2bn12gpio_manager5sleepEv
                0x0800d108       0x28 bn_gpio_manager.o
                0x0800d108                _ZN2bn12gpio_manager5sleepEv
 .text._ZN2bn22hblank_effects_manager12_GLOBAL__N_19item_type18_output_values_ptrEv
                0x0800d130       0x40 bn_hblank_effects_manager.o
 .text._ZN2bn22hblank_effects_manager7disableEv
                0x0800d170       0x24 bn_hblank_effects_manager.o
                0x0800d170                _ZN2bn22hblank_effects_manager7disableEv
 .text._ZN2bn22hblank_effects_manager4stopEv
                0x0800d194       0x38 bn_hblank_effects_manager.o
                0x0800d194                _ZN2bn22hblank_effects_manager4stopEv
 .text._ZN2bn22hblank_effects_manager6commitEv
                0x0800d1cc       0x8c bn_hblank_effects_manager.o
                0x0800d1cc                _ZN2bn22hblank_effects_manager6commitEv
 .text._ZN2bn22hblank_effects_manager12_GLOBAL__N_1L10_is_uint32ENS0_12handler_typeE
                0x0800d258       0x64 bn_hblank_effects_manager.o
 .text._ZN2bn22hblank_effects_manager12_GLOBAL__N_19item_type12check_updateEv
                0x0800d2bc     0x1664 bn_hblank_effects_manager.o
 .text._ZN2bn22hblank_effects_manager6updateEv
                0x0800e920      0x1ec bn_hblank_effects_manager.o
                0x0800e920                _ZN2bn22hblank_effects_manager6updateEv
 .text._ZN2bn22hblank_effects_manager4initEv
                0x0800eb0c      0x180 bn_hblank_effects_manager.o
                0x0800eb0c                _ZN2bn22hblank_effects_manager4initEv
 .text.startup._GLOBAL__sub_I__ZN2bn4hbes10used_countEv
                0x0800ec8c       0x14 bn_hblank_effects_manager.o
 .text._ZN2bn12hdma_manager4initEv
                0x0800eca0       0x38 bn_hdma_manager.o
                0x0800eca0                _ZN2bn12hdma_manager4initEv
 .text._ZN2bn12hdma_manager10force_stopEv
                0x0800ecd8       0x5c bn_hdma_manager.o
                0x0800ecd8                _ZN2bn12hdma_manager10force_stopEv
 .text._ZN2bn12hdma_manager7disableEv
                0x0800ed34       0x48 bn_hdma_manager.o
                0x0800ed34                _ZN2bn12hdma_manager7disableEv
 .text._ZN2bn12hdma_manager6updateEv
                0x0800ed7c       0x6c bn_hdma_manager.o
                0x0800ed7c                _ZN2bn12hdma_manager6updateEv
 .text._ZN2bn12hdma_manager24commit_interrupt_handlerEv
                0x0800ede8       0x20 bn_hdma_manager.o
                0x0800ede8                _ZN2bn12hdma_manager24commit_interrupt_handlerEv
 .text._ZN2bn12hdma_manager14commit_entriesEb
                0x0800ee08      0x168 bn_hdma_manager.o
                0x0800ee08                _ZN2bn12hdma_manager14commit_entriesEb
 .text._ZN2bn6keypad9a_pressedEv
                0x0800ef70       0x10 bn_keypad_manager.o
                0x0800ef70                _ZN2bn6keypad9a_pressedEv
 .text._ZN2bn6keypad9b_pressedEv
                0x0800ef80       0x10 bn_keypad_manager.o
                0x0800ef80                _ZN2bn6keypad9b_pressedEv
 .text._ZN2bn6keypad13start_pressedEv
                0x0800ef90       0x10 bn_keypad_manager.o
                0x0800ef90                _ZN2bn6keypad13start_pressedEv
 .text._ZN2bn6keypad10right_heldEv
                0x0800efa0       0x10 bn_keypad_manager.o
                0x0800efa0                _ZN2bn6keypad10right_heldEv
 .text._ZN2bn6keypad13right_pressedEv
                0x0800efb0       0x10 bn_keypad_manager.o
                0x0800efb0                _ZN2bn6keypad13right_pressedEv
 .text._ZN2bn6keypad9left_heldEv
                0x0800efc0       0x10 bn_keypad_manager.o
                0x0800efc0                _ZN2bn6keypad9left_heldEv
 .text._ZN2bn6keypad12left_pressedEv
                0x0800efd0       0x10 bn_keypad_manager.o
                0x0800efd0                _ZN2bn6keypad12left_pressedEv
 .text._ZN2bn6keypad10up_pressedEv
                0x0800efe0       0x10 bn_keypad_manager.o
                0x0800efe0                _ZN2bn6keypad10up_pressedEv
 .text._ZN2bn6keypad6l_heldEv
                0x0800eff0       0x10 bn_keypad_manager.o
                0x0800eff0                _ZN2bn6keypad6l_heldEv
 .text._ZN2bn14keypad_manager4stopEv
                0x0800f000        0x4 bn_keypad_manager.o
                0x0800f000                _ZN2bn14keypad_manager4stopEv
 .text._ZN2bn14keypad_manager6updateEv
                0x0800f004       0xb8 bn_keypad_manager.o
                0x0800f004                _ZN2bn14keypad_manager6updateEv
 .text._ZN2bn14keypad_manager4initERKNS_11string_viewE
                0x0800f0bc       0x64 bn_keypad_manager.o
                0x0800f0bc                _ZN2bn14keypad_manager4initERKNS_11string_viewE
 .text._ZN2bn12link_manager4initEv
                0x0800f120        0xc bn_link_manager.o
                0x0800f120                _ZN2bn12link_manager4initEv
 .text._ZN2bn12link_manager6activeEv
                0x0800f12c        0xc bn_link_manager.o
                0x0800f12c                _ZN2bn12link_manager6activeEv
 .text._ZN2bn12link_manager7disableEv
                0x0800f138       0x18 bn_link_manager.o
                0x0800f138                _ZN2bn12link_manager7disableEv
 .text._ZN2bn12link_manager6commitEv
                0x0800f150       0x18 bn_link_manager.o
                0x0800f150                _ZN2bn12link_manager6commitEv
 .text._ZdlPvj  0x0800f168       0x14 bn_memory_manager.o
                0x0800f168                _ZdlPvj
 .text._ZN3_bn6memory18unsafe_clear_wordsEiPv
                0x0800f17c       0x14 bn_memory_manager.o
                0x0800f17c                _ZN3_bn6memory18unsafe_clear_wordsEiPv
 .text._ZN2bn4freeEPv
                0x0800f190       0x14 bn_memory_manager.o
                0x0800f190                _ZN2bn4freeEPv
 .text._ZN2bn14memory_manager4initEv
                0x0800f1a4       0x2c bn_memory_manager.o
                0x0800f1a4                _ZN2bn14memory_manager4initEv
 .text._ZN3_bn6assert9show_argsIA35_cjEEvPKcS4_S4_iRKT_RKT0_
                0x0800f1d0       0x54 bn_memory_manager.o
                0x0800f1d0                _ZN3_bn6assert9show_argsIA35_cjEEvPKcS4_S4_iRKT_RKT0_
 .text._Znwj    0x0800f224       0x40 bn_memory_manager.o
                0x0800f224                _Znwj
 .text._ZN2bn2hw8palettes9grayscaleEPKNS_5colorEiiPS2_.part.0
                0x0800f264       0x40 bn_palettes_manager.o
 .text._ZN2bn14bg_palette_ptrC2ERKS0_
                0x0800f2a4       0x28 bn_palettes_manager.o
                0x0800f2a4                _ZN2bn14bg_palette_ptrC2ERKS0_
                0x0800f2a4                _ZN2bn14bg_palette_ptrC1ERKS0_
 .text._ZNK2bn14bg_palette_ptr3bppEv
                0x0800f2cc       0x20 bn_palettes_manager.o
                0x0800f2cc                _ZNK2bn14bg_palette_ptr3bppEv
 .text._ZN2bn18sprite_palette_ptrC2ERKS0_
                0x0800f2ec       0x1c bn_palettes_manager.o
                0x0800f2ec                _ZN2bn18sprite_palette_ptrC1ERKS0_
                0x0800f2ec                _ZN2bn18sprite_palette_ptrC2ERKS0_
 .text._ZNK2bn18sprite_palette_ptr3bppEv
                0x0800f308       0x1c bn_palettes_manager.o
                0x0800f308                _ZNK2bn18sprite_palette_ptr3bppEv
 .text._ZNK2bn13palettes_bank10log_statusEv
                0x0800f324      0x178 bn_palettes_manager.o
                0x0800f324                _ZNK2bn13palettes_bank10log_statusEv
 .text._ZN2bn13palettes_bank10find_bpp_4ERKNS_4spanIKNS_5colorEEEt
                0x0800f49c      0x118 bn_palettes_manager.o
                0x0800f49c                _ZN2bn13palettes_bank10find_bpp_4ERKNS_4spanIKNS_5colorEEEt
 .text._ZNK2bn13palettes_bank20retrieve_commit_dataEv
                0x0800f5b4       0x4c bn_palettes_manager.o
                0x0800f5b4                _ZNK2bn13palettes_bank20retrieve_commit_dataEv
 .text._ZN2bn13palettes_bank25_on_global_effect_updatedEb
                0x0800f600       0x90 bn_palettes_manager.o
                0x0800f600                _ZN2bn13palettes_bank25_on_global_effect_updatedEb
 .text._ZNK2bn13palettes_bank7palette13apply_effectsEiPNS_5colorE
                0x0800f690       0xb0 bn_palettes_manager.o
                0x0800f690                _ZNK2bn13palettes_bank7palette13apply_effectsEiPNS_5colorE
 .text._ZN2bn13palettes_bank15_update_paletteEi
                0x0800f740       0x70 bn_palettes_manager.o
                0x0800f740                _ZN2bn13palettes_bank15_update_paletteEi
 .text._ZN2bn16palettes_manager4initERKNS_8optionalINS_5colorEEE
                0x0800f7b0      0x16c bn_palettes_manager.o
                0x0800f7b0                _ZN2bn16palettes_manager4initERKNS_8optionalINS_5colorEEE
 .text._ZN2bn16palettes_manager20sprite_palettes_bankEv
                0x0800f91c        0x8 bn_palettes_manager.o
                0x0800f91c                _ZN2bn16palettes_manager20sprite_palettes_bankEv
 .text._ZN2bn16palettes_manager16bg_palettes_bankEv
                0x0800f924        0x8 bn_palettes_manager.o
                0x0800f924                _ZN2bn16palettes_manager16bg_palettes_bankEv
 .text._ZN2bn16palettes_manager6commitEb
                0x0800f92c       0xf8 bn_palettes_manager.o
                0x0800f92c                _ZN2bn16palettes_manager6commitEb
 .text._ZN2bn16palettes_manager4stopEv
                0x0800fa24       0x20 bn_palettes_manager.o
                0x0800fa24                _ZN2bn16palettes_manager4stopEv
 .text._ZN3_bn6assert9show_argsIA35_cEEvPKcS4_S4_iRKT_
                0x0800fa44       0x48 bn_palettes_manager.o
                0x0800fa44                _ZN3_bn6assert9show_argsIA35_cEEvPKcS4_S4_iRKT_
 .text._ZN2bn13palettes_bank11colors_hashERKNS_4spanIKNS_5colorEEE
                0x0800fa8c       0x48 bn_palettes_manager.o
                0x0800fa8c                _ZN2bn13palettes_bank11colors_hashERKNS_4spanIKNS_5colorEEE
 .text._ZN3_bn6assert9show_argsIJA43_ciA38_cA42_cEEEvPKcS6_S6_iDpRKT_
                0x0800fad4       0x64 bn_palettes_manager.o
                0x0800fad4                _ZN3_bn6assert9show_argsIJA43_ciA38_cA42_cEEEvPKcS6_S6_iDpRKT_
 .text._ZN2bn13palettes_bank12create_bpp_8ERKNS_4spanIKNS_5colorEEENS_16compression_typeEb
                0x0800fb38      0x230 bn_palettes_manager.o
                0x0800fb38                _ZN2bn13palettes_bank12create_bpp_8ERKNS_4spanIKNS_5colorEEENS_16compression_typeEb
 .text._ZN3_bn6assert9show_argsIA20_cN2bn7fixed_tILi12EEEEEvPKcS7_S7_iRKT_RKT0_
                0x0800fd68       0x54 bn_palettes_manager.o
                0x0800fd68                _ZN3_bn6assert9show_argsIA20_cN2bn7fixed_tILi12EEEEEvPKcS7_S7_iRKT_RKT0_
 .text._ZN2bn11bg_palettes8set_fadeENS_5colorENS_7fixed_tILi12EEE
                0x0800fdbc       0x98 bn_palettes_manager.o
                0x0800fdbc                _ZN2bn11bg_palettes8set_fadeENS_5colorENS_7fixed_tILi12EEE
 .text._ZN2bn15sprite_palettes8set_fadeENS_5colorENS_7fixed_tILi12EEE
                0x0800fe54       0x94 bn_palettes_manager.o
                0x0800fe54                _ZN2bn15sprite_palettes8set_fadeENS_5colorENS_7fixed_tILi12EEE
 .text._ZNK2bn13palettes_bank21_apply_global_effectsEiPNS_5colorE
                0x0800fee8      0x190 bn_palettes_manager.o
                0x0800fee8                _ZNK2bn13palettes_bank21_apply_global_effectsEiPNS_5colorE
 .text._ZN2bn13palettes_bank6updateEv
                0x08010078      0x138 bn_palettes_manager.o
                0x08010078                _ZN2bn13palettes_bank6updateEv
 .text._ZN2bn16palettes_manager6updateEv
                0x080101b0       0x20 bn_palettes_manager.o
                0x080101b0                _ZN2bn16palettes_manager6updateEv
 .text._ZNK2bn13palettes_bank25fill_hblank_effect_colorsEiPKNS_5colorEPt
                0x080101d0       0x44 bn_palettes_manager.o
                0x080101d0                _ZNK2bn13palettes_bank25fill_hblank_effect_colorsEiPKNS_5colorEPt
 .text._ZNK2bn13palettes_bank25fill_hblank_effect_colorsEPKNS_5colorEPt
                0x08010214       0x30 bn_palettes_manager.o
                0x08010214                _ZNK2bn13palettes_bank25fill_hblank_effect_colorsEPKNS_5colorEPt
 .text._ZNK2bn19sprite_palette_item10decompressENS_4spanINS_5colorEEE
                0x08010244      0x168 bn_palettes_manager.o
                0x08010244                _ZNK2bn19sprite_palette_item10decompressENS_4spanINS_5colorEEE
 .text._ZNK2bn15bg_palette_item10decompressENS_4spanINS_5colorEEE
                0x080103ac      0x168 bn_palettes_manager.o
                0x080103ac                _ZNK2bn15bg_palette_item10decompressENS_4spanINS_5colorEEE
 .text._ZN2bn14iunordered_mapItsNS_15identity_hasherENS_8equal_toItEEE21insert_or_assign_hashEjOSt4pairIKtsE.isra.0
                0x08010514      0x108 bn_palettes_manager.o
 .text._ZN2bn13palettes_bank12create_bpp_4ERKNS_4spanIKNS_5colorEEEtb
                0x0801061c      0x164 bn_palettes_manager.o
                0x0801061c                _ZN2bn13palettes_bank12create_bpp_4ERKNS_4spanIKNS_5colorEEEtb
 .text._ZN2bn12_GLOBAL__N_1L12_create_implERKNS_15bg_palette_itemEb
                0x08010780       0xa0 bn_palettes_manager.o
 .text._ZN2bn14bg_palette_ptr6createERKNS_15bg_palette_itemE
                0x08010820       0x54 bn_palettes_manager.o
                0x08010820                _ZN2bn14bg_palette_ptr6createERKNS_15bg_palette_itemE
 .text._ZN2bn12_GLOBAL__N_1L12_create_implERKNS_19sprite_palette_itemEb
                0x08010874       0x88 bn_palettes_manager.o
 .text._ZN2bn18sprite_palette_ptr6createERKNS_19sprite_palette_itemE
                0x080108fc       0x48 bn_palettes_manager.o
                0x080108fc                _ZN2bn18sprite_palette_ptr6createERKNS_19sprite_palette_itemE
 .text._ZN2bn13palettes_bank30_erase_bpp_4_indexes_map_indexEt
                0x08010944      0x1c4 bn_palettes_manager.o
                0x08010944                _ZN2bn13palettes_bank30_erase_bpp_4_indexes_map_indexEt
 .text._ZN2bn13palettes_bank15decrease_usagesEi
                0x08010b08       0x80 bn_palettes_manager.o
                0x08010b08                _ZN2bn13palettes_bank15decrease_usagesEi
 .text._ZN2bn14bg_palette_ptraSERKS0_
                0x08010b88       0x48 bn_palettes_manager.o
                0x08010b88                _ZN2bn14bg_palette_ptraSERKS0_
 .text._ZN2bn14bg_palette_ptrD2Ev
                0x08010bd0       0x20 bn_palettes_manager.o
                0x08010bd0                _ZN2bn14bg_palette_ptrD2Ev
                0x08010bd0                _ZN2bn14bg_palette_ptrD1Ev
 .text._ZN2bn18sprite_palette_ptrD2Ev
                0x08010bf0       0x20 bn_palettes_manager.o
                0x08010bf0                _ZN2bn18sprite_palette_ptrD2Ev
                0x08010bf0                _ZN2bn18sprite_palette_ptrD1Ev
 .text._ZN2bn26sprite_affine_mats_manager12_GLOBAL__N_1L19_sprite_double_sizeILi32ELi16EEEbiiiii
                0x08010c10       0x80 bn_sprite_affine_mats_manager.o
 .text._ZN2bn26sprite_affine_mats_manager12_GLOBAL__N_1L19_sprite_double_sizeILi16ELi32EEEbiiiii
                0x08010c90       0x80 bn_sprite_affine_mats_manager.o
 .text._ZNK2bn26sprite_affine_mats_manager12_GLOBAL__N_19item_type18sprite_double_sizeEiRKNS_17sprite_shape_sizeE.isra.0
                0x08010d10      0x1b4 bn_sprite_affine_mats_manager.o
 .text._ZN2bn26sprite_affine_mats_manager12_GLOBAL__N_1L24_update_flipped_identityEi
                0x08010ec4       0xcc bn_sprite_affine_mats_manager.o
 .text._ZNK2bn21sprite_affine_mat_ptr15horizontal_flipEv
                0x08010f90       0x18 bn_sprite_affine_mats_manager.o
                0x08010f90                _ZNK2bn21sprite_affine_mat_ptr15horizontal_flipEv
 .text._ZN2bn21sprite_affine_mat_ptr19set_horizontal_flipEb
                0x08010fa8       0x88 bn_sprite_affine_mats_manager.o
                0x08010fa8                _ZN2bn21sprite_affine_mat_ptr19set_horizontal_flipEb
 .text._ZNK2bn21sprite_affine_mat_ptr13vertical_flipEv
                0x08011030       0x18 bn_sprite_affine_mats_manager.o
                0x08011030                _ZNK2bn21sprite_affine_mat_ptr13vertical_flipEv
 .text._ZNK2bn21sprite_affine_mat_ptr16flipped_identityEv
                0x08011048       0x14 bn_sprite_affine_mats_manager.o
                0x08011048                _ZNK2bn21sprite_affine_mat_ptr16flipped_identityEv
 .text._ZN2bn26sprite_affine_mats_manager13attach_spriteEiRNS_24intrusive_list_node_typeE
                0x0801105c       0x2c bn_sprite_affine_mats_manager.o
                0x0801105c                _ZN2bn26sprite_affine_mats_manager13attach_spriteEiRNS_24intrusive_list_node_typeE
 .text._ZN2bn26sprite_affine_mats_manager18sprite_double_sizeEiRKNS_17sprite_shape_sizeE
                0x08011088       0x54 bn_sprite_affine_mats_manager.o
                0x08011088                _ZN2bn26sprite_affine_mats_manager18sprite_double_sizeEiRKNS_17sprite_shape_sizeE
 .text._ZN2bn26sprite_affine_mats_manager20retrieve_commit_dataEv
                0x080110dc       0x3c bn_sprite_affine_mats_manager.o
                0x080110dc                _ZN2bn26sprite_affine_mats_manager20retrieve_commit_dataEv
 .text._ZN3_bn6assert9show_argsIA37_cEEvPKcS4_S4_iRKT_
                0x08011118       0x48 bn_sprite_affine_mats_manager.o
                0x08011118                _ZN3_bn6assert9show_argsIA37_cEEvPKcS4_S4_iRKT_
 .text._ZN2bn26sprite_affine_mats_manager18set_rotation_angleEiNS_7fixed_tILi12EEE
                0x08011160      0x134 bn_sprite_affine_mats_manager.o
                0x08011160                _ZN2bn26sprite_affine_mats_manager18set_rotation_angleEiNS_7fixed_tILi12EEE
 .text._ZN2bn21sprite_affine_mat_ptr18set_rotation_angleENS_7fixed_tILi12EEE
                0x08011294       0x14 bn_sprite_affine_mats_manager.o
                0x08011294                _ZN2bn21sprite_affine_mat_ptr18set_rotation_angleENS_7fixed_tILi12EEE
 .text._ZN2bn26sprite_affine_mats_manager9set_scaleEiNS_7fixed_tILi12EEE
                0x080112a8      0x14c bn_sprite_affine_mats_manager.o
                0x080112a8                _ZN2bn26sprite_affine_mats_manager9set_scaleEiNS_7fixed_tILi12EEE
 .text._ZN2bn21sprite_affine_mat_ptr9set_scaleENS_7fixed_tILi12EEE
                0x080113f4       0x14 bn_sprite_affine_mats_manager.o
                0x080113f4                _ZN2bn21sprite_affine_mat_ptr9set_scaleENS_7fixed_tILi12EEE
 .text._ZN3_bn6assert9show_argsIA16_cEEvPKcS4_S4_iRKT_
                0x08011408       0x48 bn_sprite_affine_mats_manager.o
                0x08011408                _ZN3_bn6assert9show_argsIA16_cEEvPKcS4_S4_iRKT_
 .text._ZN2bn26sprite_affine_mats_manager12_GLOBAL__N_1L15_new_item_indexEv
                0x08011450       0xdc bn_sprite_affine_mats_manager.o
 .text._ZN2bn26sprite_affine_mats_manager15create_optionalERKNS_21affine_mat_attributesE
                0x0801152c       0xdc bn_sprite_affine_mats_manager.o
                0x0801152c                _ZN2bn26sprite_affine_mats_manager15create_optionalERKNS_21affine_mat_attributesE
 .text._ZN2bn21sprite_affine_mat_ptr6createERKNS_21affine_mat_attributesE
                0x08011608       0x40 bn_sprite_affine_mats_manager.o
                0x08011608                _ZN2bn21sprite_affine_mat_ptr6createERKNS_21affine_mat_attributesE
 .text._ZN2bn26sprite_affine_mats_manager15decrease_usagesEi.part.0
                0x08011648       0x70 bn_sprite_affine_mats_manager.o
 .text._ZN2bn21sprite_affine_mat_ptrD2Ev
                0x080116b8       0x34 bn_sprite_affine_mats_manager.o
                0x080116b8                _ZN2bn21sprite_affine_mat_ptrD2Ev
                0x080116b8                _ZN2bn21sprite_affine_mat_ptrD1Ev
 .text._ZN2bn26sprite_affine_mats_manager6updateEv
                0x080116ec      0x2a4 bn_sprite_affine_mats_manager.o
                0x080116ec                _ZN2bn26sprite_affine_mats_manager6updateEv
 .text._ZN2bn26sprite_affine_mats_manager4initEPv
                0x08011990      0x100 bn_sprite_affine_mats_manager.o
                0x08011990                _ZN2bn26sprite_affine_mats_manager4initEPv
 .text._ZN2bn26sprite_affine_mats_manager14dettach_spriteEiRNS_24intrusive_list_node_typeE
                0x08011a90       0x4c bn_sprite_affine_mats_manager.o
                0x08011a90                _ZN2bn26sprite_affine_mats_manager14dettach_spriteEiRNS_24intrusive_list_node_typeE
 .text._ZN2bn13ostringstream11append_argsIiJA4_ciEEEvRKT_DpRKT0_.isra.0
                0x08011adc       0x24 bn_sprite_animate_actions.o
 .text._ZN2bn22isprite_animate_action9_set_refsERNS_10sprite_ptrERNS_17sprite_tiles_itemERNS_7ivectorItEE
                0x08011b00        0x4 bn_sprite_animate_actions.o
                0x08011b00                _ZN2bn22isprite_animate_action9_set_refsERNS_10sprite_ptrERNS_17sprite_tiles_itemERNS_7ivectorItEE
 .text._ZN2bn22isprite_animate_action7_assignERKS0_
                0x08011b04       0x10 bn_sprite_animate_actions.o
                0x08011b04                _ZN2bn22isprite_animate_action7_assignERKS0_
 .text._ZN2bn22isprite_animate_action16set_wait_updatesEi
                0x08011b14       0x68 bn_sprite_animate_actions.o
                0x08011b14                _ZN2bn22isprite_animate_action16set_wait_updatesEi
 .text._ZN3_bn6assert9show_argsIJA33_ciA4_ciEEEvPKcS5_S5_iDpRKT_
                0x08011b7c       0x58 bn_sprite_animate_actions.o
                0x08011b7c                _ZN3_bn6assert9show_argsIJA33_ciA4_ciEEEvPKcS5_S5_iDpRKT_
 .text._ZN2bn22isprite_animate_action24_assign_graphics_indexesERKNS_4spanIKtEE
                0x08011bd4       0x94 bn_sprite_animate_actions.o
                0x08011bd4                _ZN2bn22isprite_animate_action24_assign_graphics_indexesERKNS_4spanIKtEE
 .text._ZN2bn22isprite_animate_action6updateEv
                0x08011c68       0xb8 bn_sprite_animate_actions.o
                0x08011c68                _ZN2bn22isprite_animate_action6updateEv
 .text._ZN2bn15sprites_manager12_GLOBAL__N_1L32_always_update_indexes_to_commitERKNS_20sprites_manager_itemE
                0x08011d20       0x4c bn_sprites_manager.o
 .text._ZN2bn13ostringstream11append_argsIiJA4_ciEEEvRKT_DpRKT0_.isra.0
                0x08011d6c       0x24 bn_sprites_manager.o
 .text._ZN2bn15sprites_manager12_GLOBAL__N_1L23_update_item_dimensionsERNS_20sprites_manager_itemE
                0x08011d90       0xc0 bn_sprites_manager.o
 .text._ZN2bn10sprite_ptrC2ERKS0_
                0x08011e50        0xc bn_sprites_manager.o
                0x08011e50                _ZN2bn10sprite_ptrC2ERKS0_
                0x08011e50                _ZN2bn10sprite_ptrC1ERKS0_
 .text._ZNK2bn10sprite_ptr1xEv
                0x08011e5c        0x8 bn_sprites_manager.o
                0x08011e5c                _ZNK2bn10sprite_ptr1xEv
 .text._ZN2bn10sprite_ptr5set_xENS_7fixed_tILi12EEE
                0x08011e64       0x48 bn_sprites_manager.o
                0x08011e64                _ZN2bn10sprite_ptr5set_xENS_7fixed_tILi12EEE
 .text._ZNK2bn10sprite_ptr1yEv
                0x08011eac        0x8 bn_sprites_manager.o
                0x08011eac                _ZNK2bn10sprite_ptr1yEv
 .text._ZN2bn10sprite_ptr5set_yENS_7fixed_tILi12EEE
                0x08011eb4       0x48 bn_sprites_manager.o
                0x08011eb4                _ZN2bn10sprite_ptr5set_yENS_7fixed_tILi12EEE
 .text._ZN2bn10sprite_ptr19set_horizontal_flipEb
                0x08011efc       0x54 bn_sprites_manager.o
                0x08011efc                _ZN2bn10sprite_ptr19set_horizontal_flipEb
 .text._ZN2bn10sprite_ptr11set_visibleEb
                0x08011f50       0x6c bn_sprites_manager.o
                0x08011f50                _ZN2bn10sprite_ptr11set_visibleEb
 .text._ZN2bn15sprites_manager4initEv
                0x08011fbc       0xd4 bn_sprites_manager.o
                0x08011fbc                _ZN2bn15sprites_manager4initEv
 .text._ZN2bn15sprites_manager5hw_idEPv
                0x08012090        0x8 bn_sprites_manager.o
                0x08012090                _ZN2bn15sprites_manager5hw_idEPv
 .text._ZN2bn15sprites_manager5shapeEPv
                0x08012098        0x8 bn_sprites_manager.o
                0x08012098                _ZN2bn15sprites_manager5shapeEPv
 .text._ZN2bn15sprites_manager4sizeEPv
                0x080120a0        0x8 bn_sprites_manager.o
                0x080120a0                _ZN2bn15sprites_manager4sizeEPv
 .text._ZN2bn15sprites_manager10shape_sizeEPv
                0x080120a8       0x14 bn_sprites_manager.o
                0x080120a8                _ZN2bn15sprites_manager10shape_sizeEPv
 .text._ZN2bn15sprites_manager11hw_positionEPv
                0x080120bc        0x4 bn_sprites_manager.o
                0x080120bc                _ZN2bn15sprites_manager11hw_positionEPv
 .text._ZN2bn15sprites_manager9view_modeEPv
                0x080120c0        0xc bn_sprites_manager.o
                0x080120c0                _ZN2bn15sprites_manager9view_modeEPv
 .text._ZN2bn15sprites_manager10set_cameraEPvONS_10camera_ptrE
                0x080120cc       0xa4 bn_sprites_manager.o
                0x080120cc                _ZN2bn15sprites_manager10set_cameraEPvONS_10camera_ptrE
 .text._ZN2bn10sprite_ptr10set_cameraERKNS_8optionalINS_10camera_ptrEEE
                0x08012170       0xa0 bn_sprites_manager.o
                0x08012170                _ZN2bn10sprite_ptr10set_cameraERKNS_8optionalINS_10camera_ptrEEE
 .text._ZN2bn15sprites_manager10affine_matEPv
                0x08012210        0x4 bn_sprites_manager.o
                0x08012210                _ZN2bn15sprites_manager10affine_matEPv
 .text._ZN2bn15sprites_manager22reserved_handles_countEv
                0x08012214       0x10 bn_sprites_manager.o
                0x08012214                _ZN2bn15sprites_manager22reserved_handles_countEv
 .text._ZN2bn15sprites_manager39fill_hblank_effect_horizontal_positionsEPviPKNS_7fixed_tILi12EEEPt
                0x08012224       0x4c bn_sprites_manager.o
                0x08012224                _ZN2bn15sprites_manager39fill_hblank_effect_horizontal_positionsEPviPKNS_7fixed_tILi12EEEPt
 .text._ZN2bn15sprites_manager37fill_hblank_effect_vertical_positionsEPviPKNS_7fixed_tILi12EEEPt
                0x08012270       0x4c bn_sprites_manager.o
                0x08012270                _ZN2bn15sprites_manager37fill_hblank_effect_vertical_positionsEPviPKNS_7fixed_tILi12EEEPt
 .text._ZN2bn15sprites_manager35fill_hblank_effect_first_attributesEiNS_12sprite_shapeENS_8bpp_modeEiPKNS_23sprite_first_attributesEPt
                0x080122bc       0xd4 bn_sprites_manager.o
                0x080122bc                _ZN2bn15sprites_manager35fill_hblank_effect_first_attributesEiNS_12sprite_shapeENS_8bpp_modeEiPKNS_23sprite_first_attributesEPt
 .text._ZN2bn15sprites_manager44fill_hblank_effect_regular_second_attributesEPviNS_11sprite_sizeEPKNS_32sprite_regular_second_attributesEPt
                0x08012390       0x60 bn_sprites_manager.o
                0x08012390                _ZN2bn15sprites_manager44fill_hblank_effect_regular_second_attributesEPviNS_11sprite_sizeEPKNS_32sprite_regular_second_attributesEPt
 .text._ZN2bn15sprites_manager43fill_hblank_effect_affine_second_attributesEPviNS_11sprite_sizeEPKNS_31sprite_affine_second_attributesEPt
                0x080123f0       0x58 bn_sprites_manager.o
                0x080123f0                _ZN2bn15sprites_manager43fill_hblank_effect_affine_second_attributesEPviNS_11sprite_sizeEPKNS_31sprite_affine_second_attributesEPt
 .text._ZN2bn15sprites_manager14update_camerasEv
                0x08012448       0x20 bn_sprites_manager.o
                0x08012448                _ZN2bn15sprites_manager14update_camerasEv
 .text._ZN2bn15sprites_manager23update_auto_double_sizeEPv
                0x08012468       0x2c bn_sprites_manager.o
                0x08012468                _ZN2bn15sprites_manager23update_auto_double_sizeEPv
 .text._ZN2bn15sprites_manager6commitEb
                0x08012494       0xa4 bn_sprites_manager.o
                0x08012494                _ZN2bn15sprites_manager6commitEb
 .text._ZN3_bn6assert9show_argsIA54_cEEvPKcS4_S4_iRKT_
                0x08012538       0x48 bn_sprites_manager.o
                0x08012538                _ZN3_bn6assert9show_argsIA54_cEEvPKcS4_S4_iRKT_
 .text._ZN2bn14sprite_builder20set_blending_enabledEb
                0x08012580       0x3c bn_sprites_manager.o
                0x08012580                _ZN2bn14sprite_builder20set_blending_enabledEb
 .text._ZNK2bn17sprite_shape_size6heightEv.isra.0
                0x080125bc       0xd0 bn_sprites_manager.o
 .text._ZNK2bn17sprite_shape_size5widthEv.isra.0
                0x0801268c       0xcc bn_sprites_manager.o
 .text._ZN2bn15sprites_manager12_GLOBAL__N_1L18_remove_affine_matERNS_20sprites_manager_itemE
                0x08012758       0xe4 bn_sprites_manager.o
 .text._ZN2bn15sprites_manager42remove_identity_affine_mat_when_not_neededEPv
                0x0801283c        0xc bn_sprites_manager.o
                0x0801283c                _ZN2bn15sprites_manager42remove_identity_affine_mat_when_not_neededEPv
 .text._ZN2bn14sprite_builder15release_paletteEv
                0x08012848       0x6c bn_sprites_manager.o
                0x08012848                _ZN2bn14sprite_builder15release_paletteEv
 .text._ZN2bn14sprite_builder13release_tilesEv
                0x080128b4       0x6c bn_sprites_manager.o
                0x080128b4                _ZN2bn14sprite_builder13release_tilesEv
 .text._ZN2bn15sprites_manager7paletteEPv
                0x08012920       0x34 bn_sprites_manager.o
                0x08012920                _ZN2bn15sprites_manager7paletteEPv
 .text._ZN3_bn6assert9show_argsIA27_chEEvPKcS4_S4_iRKT_RKT0_
                0x08012954       0x54 bn_sprites_manager.o
                0x08012954                _ZN3_bn6assert9show_argsIA27_chEEvPKcS4_S4_iRKT_RKT0_
 .text._ZN2bn20sprites_manager_item13_builder_initERKNS_14sprite_builderE
                0x080129a8      0x34c bn_sprites_manager.o
                0x080129a8                _ZN2bn20sprites_manager_item13_builder_initERKNS_14sprite_builderE
 .text._ZNK2bn20sprites_manager_item15new_double_sizeEi.part.0
                0x08012cf4       0x30 bn_sprites_manager.o
 .text._ZN2bn15sprites_manager12_GLOBAL__N_1L18_assign_affine_matEbRNS_20sprites_manager_itemEONS_21sprite_affine_mat_ptrE
                0x08012d24      0x118 bn_sprites_manager.o
 .text._ZN2bn15sprites_manager18set_new_affine_matEPvRNS_21affine_mat_attributesE
                0x08012e3c       0x84 bn_sprites_manager.o
                0x08012e3c                _ZN2bn15sprites_manager18set_new_affine_matEPvRNS_21affine_mat_attributesE
 .text._ZN2bn14sprite_builder11set_z_orderEi
                0x08012ec0       0x48 bn_sprites_manager.o
                0x08012ec0                _ZN2bn14sprite_builder11set_z_orderEi
 .text._ZN2bn14sprite_builderC2ERKNS_17sprite_shape_sizeENS_16sprite_tiles_ptrENS_18sprite_palette_ptrE
                0x08012f08      0x288 bn_sprites_manager.o
                0x08012f08                _ZN2bn14sprite_builderC1ERKNS_17sprite_shape_sizeENS_16sprite_tiles_ptrENS_18sprite_palette_ptrE
                0x08012f08                _ZN2bn14sprite_builderC2ERKNS_17sprite_shape_sizeENS_16sprite_tiles_ptrENS_18sprite_palette_ptrE
 .text._ZN2bn15sprites_manager9set_tilesEPvONS_16sprite_tiles_ptrE
                0x08013190      0x24c bn_sprites_manager.o
                0x08013190                _ZN2bn15sprites_manager9set_tilesEPvONS_16sprite_tiles_ptrE
 .text._ZN2bn10sprite_ptr9set_tilesERKNS_17sprite_tiles_itemEi
                0x080133dc       0x7c bn_sprites_manager.o
                0x080133dc                _ZN2bn10sprite_ptr9set_tilesERKNS_17sprite_tiles_itemEi
 .text._ZN2bn14sprite_builder15set_bg_priorityEi
                0x08013458       0x38 bn_sprites_manager.o
                0x08013458                _ZN2bn14sprite_builder15set_bg_priorityEi
 .text._ZN2bn15sprites_manager6updateEv
                0x08013490      0x13c bn_sprites_manager.o
                0x08013490                _ZN2bn15sprites_manager6updateEv
 .text._ZN3_bn6assert9show_argsIJA27_ciA4_ciEEEvPKcS5_S5_iDpRKT_
                0x080135cc       0x58 bn_sprites_manager.o
                0x080135cc                _ZN3_bn6assert9show_argsIJA27_ciA4_ciEEEvPKcS5_S5_iDpRKT_
 .text._ZN2bn15sprites_manager35fill_hblank_effect_third_attributesENS_17sprite_shape_sizeEPKNS_23sprite_third_attributesEPt
                0x08013624      0x2f0 bn_sprites_manager.o
                0x08013624                _ZN2bn15sprites_manager35fill_hblank_effect_third_attributesENS_17sprite_shape_sizeEPKNS_23sprite_third_attributesEPt
 .text._ZN2bn14sorted_sprites6sorter6insertERNS_20sprites_manager_itemE
                0x08013914      0x184 bn_sprites_manager.o
                0x08013914                _ZN2bn14sorted_sprites6sorter6insertERNS_20sprites_manager_itemE
 .text._ZN2bn15sprites_manager6createERKNS_13fixed_point_tILi12EEERKNS_17sprite_shape_sizeEONS_16sprite_tiles_ptrEONS_18sprite_palette_ptrE
                0x08013a98      0x1d0 bn_sprites_manager.o
                0x08013a98                _ZN2bn15sprites_manager6createERKNS_13fixed_point_tILi12EEERKNS_17sprite_shape_sizeEONS_16sprite_tiles_ptrEONS_18sprite_palette_ptrE
 .text._ZNK2bn11sprite_item13create_spriteENS_7fixed_tILi12EEES2_i
                0x08013c68       0x44 bn_sprites_manager.o
                0x08013c68                _ZNK2bn11sprite_item13create_spriteENS_7fixed_tILi12EEES2_i
 .text._ZN2bn15sprites_manager6createEONS_14sprite_builderE
                0x08013cac      0x17c bn_sprites_manager.o
                0x08013cac                _ZN2bn15sprites_manager6createEONS_14sprite_builderE
 .text._ZN2bn10sprite_ptr6createEONS_14sprite_builderE
                0x08013e28       0x14 bn_sprites_manager.o
                0x08013e28                _ZN2bn10sprite_ptr6createEONS_14sprite_builderE
 .text._ZN2bn15sprites_manager15set_bg_priorityEPvi
                0x08013e3c      0x148 bn_sprites_manager.o
                0x08013e3c                _ZN2bn15sprites_manager15set_bg_priorityEPvi
 .text._ZN2bn10sprite_ptr15set_bg_priorityEi
                0x08013f84       0x10 bn_sprites_manager.o
                0x08013f84                _ZN2bn10sprite_ptr15set_bg_priorityEi
 .text._ZN2bn15sprites_manager15decrease_usagesEPv
                0x08013f94      0x17c bn_sprites_manager.o
                0x08013f94                _ZN2bn15sprites_manager15decrease_usagesEPv
 .text._ZN2bn10sprite_ptrD2Ev
                0x08014110       0x18 bn_sprites_manager.o
                0x08014110                _ZN2bn10sprite_ptrD1Ev
                0x08014110                _ZN2bn10sprite_ptrD2Ev
 .text._ZN2bn10sprite_ptr11set_z_orderEi
                0x08014128      0x14c bn_sprites_manager.o
                0x08014128                _ZN2bn10sprite_ptr11set_z_orderEi
 .text._ZN2bn10sprite_ptr18set_rotation_angleENS_7fixed_tILi12EEE
                0x08014274       0xc0 bn_sprites_manager.o
                0x08014274                _ZN2bn10sprite_ptr18set_rotation_angleENS_7fixed_tILi12EEE
 .text._ZN2bn10sprite_ptr23set_rotation_angle_safeENS_7fixed_tILi12EEE
                0x08014334       0x34 bn_sprites_manager.o
                0x08014334                _ZN2bn10sprite_ptr23set_rotation_angle_safeENS_7fixed_tILi12EEE
 .text._ZN2bn10sprite_ptr9set_scaleENS_7fixed_tILi12EEE
                0x08014368       0xbc bn_sprites_manager.o
                0x08014368                _ZN2bn10sprite_ptr9set_scaleENS_7fixed_tILi12EEE
 .text._ZN2bn12_GLOBAL__N_1L14_setup_builderERKNS_21sprite_text_generatorERNS_14sprite_builderE
                0x08014424       0x68 bn_sprite_text_generator.o
 .text._ZN2bn21sprite_text_generator5_initEv
                0x0801448c      0x1b4 bn_sprite_text_generator.o
                0x0801448c                _ZN2bn21sprite_text_generator5_initEv
 .text._ZN2bn21sprite_text_generatorC2ERKNS_11sprite_fontE
                0x08014640       0x38 bn_sprite_text_generator.o
                0x08014640                _ZN2bn21sprite_text_generatorC1ERKNS_11sprite_fontE
                0x08014640                _ZN2bn21sprite_text_generatorC2ERKNS_11sprite_fontE
 .text._ZN3_bn6assert9show_argsIJA25_ciA4_ctEEEvPKcS5_S5_iDpRKT_
                0x08014678       0x64 bn_sprite_text_generator.o
                0x08014678                _ZN3_bn6assert9show_argsIJA25_ciA4_ctEEEvPKcS5_S5_iDpRKT_
 .text._ZN2bn14utf8_characterC2ERKc
                0x080146dc      0x140 bn_sprite_text_generator.o
                0x080146dc                _ZN2bn14utf8_characterC1ERKc
                0x080146dc                _ZN2bn14utf8_characterC2ERKc
 .text._ZN2bn12_GLOBAL__N_1L15_graphics_indexEcRKNS_23utf8_characters_map_refEPKcRi.part.0
                0x0801481c       0x8c bn_sprite_text_generator.o
 .text._ZN2bn21sprite_text_generator15set_bg_priorityEi
                0x080148a8       0x3c bn_sprite_text_generator.o
                0x080148a8                _ZN2bn21sprite_text_generator15set_bg_priorityEi
 .text._ZN2bn21sprite_text_generator11set_z_orderEi
                0x080148e4       0x4c bn_sprite_text_generator.o
                0x080148e4                _ZN2bn21sprite_text_generator11set_z_orderEi
 .text._ZN3_bn6assert9show_argsIJA20_ccA9_cN2bn11string_viewEA2_cEEEvPKcS8_S8_iDpRKT_
                0x08014930       0x6c bn_sprite_text_generator.o
                0x08014930                _ZN3_bn6assert9show_argsIJA20_ccA9_cN2bn11string_viewEA2_cEEEvPKcS8_S8_iDpRKT_
 .text._ZNK2bn21sprite_text_generator5widthERKNS_11string_viewE
                0x0801499c      0x238 bn_sprite_text_generator.o
                0x0801499c                _ZNK2bn21sprite_text_generator5widthERKNS_11string_viewE
 .text._ZN3_bn6assert9show_argsIA55_cEEvPKcS4_S4_iRKT_
                0x08014bd4       0x48 bn_sprite_text_generator.o
                0x08014bd4                _ZN3_bn6assert9show_argsIA55_cEEvPKcS4_S4_iRKT_
 .text._ZN2bn12_GLOBAL__N_1L20_build_sprite_assertILNS_11sprite_sizeE2EEEPNS_4tileERKNS_21sprite_text_generatorERKNS_18sprite_palette_ptrERKNS_13fixed_point_tILi12EEERNS_7ivectorINS_10sprite_ptrEEE
                0x08014c1c      0x198 bn_sprite_text_generator.o
 .text._ZN2bn12_GLOBAL__N_1L20_build_sprite_assertILNS_11sprite_sizeE1EEEPNS_4tileERKNS_21sprite_text_generatorERKNS_18sprite_palette_ptrERKNS_13fixed_point_tILi12EEERNS_7ivectorINS_10sprite_ptrEEE
                0x08014db4      0x198 bn_sprite_text_generator.o
 .text._ZN2bn12_GLOBAL__N_1L9_generateILb0EEEbRKNS_21sprite_text_generatorERKNS_13fixed_point_tILi12EEERKNS_11string_viewERKNS_23utf8_characters_map_refEiibRNS_7ivectorINS_10sprite_ptrEEE.isra.0
                0x08014f4c     0x1164 bn_sprite_text_generator.o
 .text._ZNK2bn21sprite_text_generator8generateENS_7fixed_tILi12EEES2_RKNS_11string_viewERNS_7ivectorINS_10sprite_ptrEEE
                0x080160b0       0x40 bn_sprite_text_generator.o
                0x080160b0                _ZNK2bn21sprite_text_generator8generateENS_7fixed_tILi12EEES2_RKNS_11string_viewERNS_7ivectorINS_10sprite_ptrEEE
 .text._ZNK2bn16sprite_tiles_ptr2idEv
                0x080160f0       0x18 bn_sprite_tiles_manager.o
                0x080160f0                _ZNK2bn16sprite_tiles_ptr2idEv
 .text._ZNK2bn16sprite_tiles_ptr11tiles_countEv
                0x08016108       0x18 bn_sprite_tiles_manager.o
                0x08016108                _ZNK2bn16sprite_tiles_ptr11tiles_countEv
 .text._ZN2bn20sprite_tiles_manager10log_statusEv
                0x08016120      0x1ec bn_sprite_tiles_manager.o
                0x08016120                _ZN2bn20sprite_tiles_manager10log_statusEv
 .text._ZN2bn20sprite_tiles_manager19commit_uncompressedEb
                0x0801630c       0xc4 bn_sprite_tiles_manager.o
                0x0801630c                _ZN2bn20sprite_tiles_manager19commit_uncompressedEb
 .text._ZN3_bn6assert9show_argsIJA44_cPKN2bn4tileEA4_cS6_EEEvPKcS9_S9_iDpRKT_
                0x080163d0       0x64 bn_sprite_tiles_manager.o
                0x080163d0                _ZN3_bn6assert9show_argsIJA44_cPKN2bn4tileEA4_cS6_EEEvPKcS9_S9_iDpRKT_
 .text._ZN3_bn6assert9show_argsIJA46_ciA4_cjEEEvPKcS5_S5_iDpRKT_
                0x08016434       0x64 bn_sprite_tiles_manager.o
                0x08016434                _ZN3_bn6assert9show_argsIJA46_ciA4_cjEEEvPKcS5_S5_iDpRKT_
 .text._ZN2bn20sprite_tiles_manager12_GLOBAL__N_1L10_hw_commitEPKNS_4tileENS_16compression_typeEii
                0x08016498       0x88 bn_sprite_tiles_manager.o
 .text._ZN2bn20sprite_tiles_manager17commit_compressedEv
                0x08016520       0x5c bn_sprite_tiles_manager.o
                0x08016520                _ZN2bn20sprite_tiles_manager17commit_compressedEv
 .text._ZN3_bn6assert9show_argsIJA28_cA15_cPKN2bn4tileEA16_ciA34_cNS4_11string_viewEEEEvPKcSC_SC_iDpRKT_
                0x0801657c       0x7c bn_sprite_tiles_manager.o
                0x0801657c                _ZN3_bn6assert9show_argsIJA28_cA15_cPKN2bn4tileEA16_ciA34_cNS4_11string_viewEEEEvPKcSC_SC_iDpRKT_
 .text._ZN3_bn6assert9show_argsIJA44_ciA34_cN2bn11string_viewEEEEvPKcS7_S7_iDpRKT_
                0x080165f8       0x64 bn_sprite_tiles_manager.o
                0x080165f8                _ZN3_bn6assert9show_argsIJA44_ciA34_cN2bn11string_viewEEEEvPKcS7_S7_iDpRKT_
 .text._ZN2bn20sprite_tiles_manager4initEv
                0x0801665c      0x188 bn_sprite_tiles_manager.o
                0x0801665c                _ZN2bn20sprite_tiles_manager4initEv
 .text._ZN2bn20sprite_tiles_manager12_GLOBAL__N_1L22_insert_to_commit_itemEiRNS1_9item_typeE.part.0
                0x080167e4       0x64 bn_sprite_tiles_manager.o
 .text._ZN2bn20sprite_tiles_manager12_GLOBAL__N_1L17_insert_free_itemEi
                0x08016848       0xe0 bn_sprite_tiles_manager.o
 .text._ZN2bn20sprite_tiles_manager12_GLOBAL__N_1L16_erase_free_itemEi
                0x08016928       0xe8 bn_sprite_tiles_manager.o
 .text._ZN2bn20sprite_tiles_manager12_GLOBAL__N_1L21_erase_to_commit_itemEiRNS1_9item_typeE.part.0
                0x08016a10       0xac bn_sprite_tiles_manager.o
 .text._ZN2bn20sprite_tiles_manager15decrease_usagesEi
                0x08016abc      0x138 bn_sprite_tiles_manager.o
                0x08016abc                _ZN2bn20sprite_tiles_manager15decrease_usagesEi
 .text._ZN2bn16sprite_tiles_ptrD2Ev
                0x08016bf4       0x18 bn_sprite_tiles_manager.o
                0x08016bf4                _ZN2bn16sprite_tiles_ptrD1Ev
                0x08016bf4                _ZN2bn16sprite_tiles_ptrD2Ev
 .text._ZN2bn20sprite_tiles_manager12_GLOBAL__N_1L10_find_implEPKNS_4tileENS_16compression_typeEi
                0x08016c0c      0x288 bn_sprite_tiles_manager.o
 .text._ZN2bn20sprite_tiles_manager4vramEi
                0x08016e94       0x3c bn_sprite_tiles_manager.o
                0x08016e94                _ZN2bn20sprite_tiles_manager4vramEi
 .text._ZN2bn16sprite_tiles_ptr4vramEv
                0x08016ed0       0x14 bn_sprite_tiles_manager.o
                0x08016ed0                _ZN2bn16sprite_tiles_ptr4vramEv
 .text._ZNK2bn17sprite_tiles_item10find_tilesEi
                0x08016ee4       0xcc bn_sprite_tiles_manager.o
                0x08016ee4                _ZNK2bn17sprite_tiles_item10find_tilesEi
 .text._ZN2bn20sprite_tiles_manager12_GLOBAL__N_1L21_erase_items_map_itemEPKNS_4tileE
                0x08016fb0      0x1fc bn_sprite_tiles_manager.o
 .text._ZN2bn20sprite_tiles_manager12_GLOBAL__N_1L12_create_itemEiPKNS_4tileENS_16compression_typeEib
                0x080171ac      0x1e0 bn_sprite_tiles_manager.o
 .text._ZN2bn20sprite_tiles_manager12_GLOBAL__N_1L14_allocate_implEi
                0x0801738c      0x10c bn_sprite_tiles_manager.o
 .text._ZN2bn20sprite_tiles_manager8allocateEiNS_8bpp_modeE
                0x08017498       0xc0 bn_sprite_tiles_manager.o
                0x08017498                _ZN2bn20sprite_tiles_manager8allocateEiNS_8bpp_modeE
 .text._ZN2bn16sprite_tiles_ptr8allocateEiNS_8bpp_modeE
                0x08017558       0x18 bn_sprite_tiles_manager.o
                0x08017558                _ZN2bn16sprite_tiles_ptr8allocateEiNS_8bpp_modeE
 .text._ZN2bn20sprite_tiles_manager6updateEv
                0x08017570      0x1a0 bn_sprite_tiles_manager.o
                0x08017570                _ZN2bn20sprite_tiles_manager6updateEv