Archive member included to satisfy reference by file (symbol)

/opt/devkitpro/devkitARM/lib/gcc/arm-none-eabi/15.2.0/thumb/libgcc.a(_aeabi_ldivmod.o)
                              bn_hw_text.o (__aeabi_ldivmod)
/opt/devkitpro/devkitARM/lib/gcc/arm-none-eabi/15.2.0/thumb/libgcc.a(_aeabi_uldivmod.o)
                              bn_hw_text.o (__aeabi_uldivmod)
/opt/devkitpro/devkitARM/lib/gcc/arm-none-eabi/15.2.0/thumb/libgcc.a(_sync_none.o)
                              (__sync_synchronize_none)
/opt/devkitpro/devkitARM/lib/gcc/arm-none-eabi/15.2.0/thumb/libgcc.a(_udivmoddi4.o)
                              /opt/devkitpro/devkitARM/lib/gcc/arm-none-eabi/15.2.0/thumb/libgcc.a(_aeabi_ldivmod.o) (__udivmoddi4)

Discarded input sections

 .text          0x00000000        0x0 /opt/devkitpro/devkitARM/lib/gcc/arm-none-eabi/15.2.0/../../../../arm-none-eabi/lib/thumb/gba_crt0.o
 .data          0x00000000        0x0 /opt/devkitpro/devkitARM/lib/gcc/arm-none-eabi/15.2.0/../../../../arm-none-eabi/lib/thumb/gba_crt0.o
 .bss           0x00000000        0x0 /opt/devkitpro/devkitARM/lib/gcc/arm-none-eabi/15.2.0/../../../../arm-none-eabi/lib/thumb/gba_crt0.o
 .text          0x00000000        0x0 /opt/devkitpro/devkitARM/lib/gcc/arm-none-eabi/15.2.0/thumb/crti.o
 .data          0x00000000        0x0 /opt/devkitpro/devkitARM/lib/gcc/arm-none-eabi/15.2.0/thumb/crti.o
 .bss           0x00000000        0x0 /opt/devkitpro/devkitARM/lib/gcc/arm-none-eabi/15.2.0/thumb/crti.o
 .text          0x00000000        0x0 /opt/devkitpro/devkitARM/lib/gcc/arm-none-eabi/15.2.0/thumb/crtbegin.o
 .data          0x00000000        0x0 /opt/devkitpro/devkitARM/lib/gcc/arm-none-eabi/15.2.0/thumb/crtbegin.o
 .bss           0x00000000        0x0 /opt/devkitpro/devkitARM/lib/gcc/arm-none-eabi/15.2.0/thumb/crtbegin.o
 .rodata.all_implied_fbits
                0x00000000       0x24 /opt/devkitpro/devkitARM/lib/gcc/arm-none-eabi/15.2.0/thumb/crtbegin.o
 .text          0x00000000        0x0 bn_audio_soundbank.bin.o
 .data          0x00000000        0x0 bn_audio_soundbank.bin.o
 .bss           0x00000000        0x0 bn_audio_soundbank.bin.o
 .text          0x00000000        0x0 bg_s1_bn_gfx.o
 .data          0x00000000        0x0 bg_s1_bn_gfx.o
 .bss           0x00000000        0x0 bg_s1_bn_gfx.o
 .text          0x00000000        0x0 bg_s2_bn_gfx.o
 .data          0x00000000        0x0 bg_s2_bn_gfx.o
 .bss           0x00000000        0x0 bg_s2_bn_gfx.o
 .text          0x00000000        0x0 cat_bn_gfx.o
 .data          0x00000000        0x0 cat_bn_gfx.o
 .bss           0x00000000        0x0 cat_bn_gfx.o
 .rodata        0x00000000      0xc20 cat_bn_gfx.o
 .text          0x00000000        0x0 cover_bn_gfx.o
 .data          0x00000000        0x0 cover_bn_gfx.o
 .bss           0x00000000        0x0 cover_bn_gfx.o
 .text          0x00000000        0x0 dog2_bn_gfx.o
 .data          0x00000000        0x0 dog2_bn_gfx.o
 .bss           0x00000000        0x0 dog2_bn_gfx.o
 .rodata        0x00000000     0x1820 dog2_bn_gfx.o
 .text          0x00000000        0x0 dog3_bn_gfx.o
 .data          0x00000000        0x0 dog3_bn_gfx.o
 .bss           0x00000000        0x0 dog3_bn_gfx.o
 .rodata        0x00000000     0x1820 dog3_bn_gfx.o
 .text          0x00000000        0x0 dog4_bn_gfx.o
 .data          0x00000000        0x0 dog4_bn_gfx.o
 .bss           0x00000000        0x0 dog4_bn_gfx.o
 .rodata        0x00000000     0x1820 dog4_bn_gfx.o
 .text          0x00000000        0x0 dog5_bn_gfx.o
 .data          0x00000000        0x0 dog5_bn_gfx.o
 .bss           0x00000000        0x0 dog5_bn_gfx.o
 .text          0x00000000        0x0 dog_bn_gfx.o
 .data          0x00000000        0x0 dog_bn_gfx.o
 .bss           0x00000000        0x0 dog_bn_gfx.o
 .text          0x00000000        0x0 doors_bn_gfx.o
 .data          0x00000000        0x0 doors_bn_gfx.o
 .bss           0x00000000        0x0 doors_bn_gfx.o
 .text          0x00000000        0x0 enemies2_bn_gfx.o
 .data          0x00000000        0x0 enemies2_bn_gfx.o
 .bss           0x00000000        0x0 enemies2_bn_gfx.o
 .text          0x00000000        0x0 enemies_bn_gfx.o
 .data          0x00000000        0x0 enemies_bn_gfx.o
 .bss           0x00000000        0x0 enemies_bn_gfx.o
 .text          0x00000000        0x0 font_bn_gfx.o
 .data          0x00000000        0x0 font_bn_gfx.o
 .bss           0x00000000        0x0 font_bn_gfx.o
 .rodata        0x00000000      0xf00 font_bn_gfx.o
 .text          0x00000000        0x0 fox_bn_gfx.o
 .data          0x00000000        0x0 fox_bn_gfx.o
 .bss           0x00000000        0x0 fox_bn_gfx.o
 .text          0x00000000        0x0 items_bn_gfx.o
 .data          0x00000000        0x0 items_bn_gfx.o
 .bss           0x00000000        0x0 items_bn_gfx.o
 .text          0x00000000        0x0 king_bn_gfx.o
 .data          0x00000000        0x0 king_bn_gfx.o
 .bss           0x00000000        0x0 king_bn_gfx.o
 .text          0x00000000        0x0 s1_bn_gfx.o
[...]
Memory Configuration

Name             Origin             Length             Attributes
rom              0x08000000         0x02000000
iwram            0x03000000         0x00008000
ewram            0x02000000         0x00040000
*default*        0x00000000         0xffffffff

Linker script and memory map

                0x00000000                        __sync_synchronize = __sync_synchronize_none
                0x08000000                        __text_start = ORIGIN (rom)
                0x02040000                        __eheap_end = (ORIGIN (ewram) + LENGTH (ewram))
                0x03000000                        __iwram_start = ORIGIN (iwram)
                0x03008000                        __iwram_top = (ORIGIN (iwram) + LENGTH (iwram))
                0x03007fa0                        __sp_irq = (__iwram_top - 0x60)
                0x03007f00                        __sp_usr = (__sp_irq - 0xa0)
                0x03007ff8                        __irq_flags = 0x3007ff8
                0x08000000                        . = __text_start

.crt0           0x08000000      0x210
 *(.crt0)
 .crt0          0x08000000      0x210 /opt/devkitpro/devkitARM/lib/gcc/arm-none-eabi/15.2.0/../../../../arm-none-eabi/lib/thumb/gba_crt0.o
                0x08000000                _start
                0x080000c4                __boot_method
                0x080000c5                __slave_number
                0x080000e0                start_vector
                0x08000210                        . = ALIGN (0x4)

.init           0x08000210        0xc
 *(SORT_NONE(.init))
 .init          0x08000210        0x4 /opt/devkitpro/devkitARM/lib/gcc/arm-none-eabi/15.2.0/thumb/crti.o
                0x08000210                _init
 .init          0x08000214        0x8 /opt/devkitpro/devkitARM/lib/gcc/arm-none-eabi/15.2.0/thumb/crtn.o

.plt            0x0800021c        0x0
 *(.plt)
                0x0800021c                        . = ALIGN (0x4)

.text           0x08000220    0x1e8b8
 *(EXCLUDE_FILE(*.iwram*) .text*)
 .text.__do_global_dtors_aux
                0x08000220       0x2c /opt/devkitpro/devkitARM/lib/gcc/arm-none-eabi/15.2.0/thumb/crtbegin.o
 .text.frame_dummy
                0x0800024c       0x24 /opt/devkitpro/devkitARM/lib/gcc/arm-none-eabi/15.2.0/thumb/crtbegin.o
 .text._ZN3_bn6assert9show_argsIA22_cEEvPKcS4_S4_iRKT_
                0x08000270       0x48 bau.o
                0x08000270                _ZN3_bn6assert9show_argsIA22_cEEvPKcS4_S4_iRKT_
 .text._ZN3bauC2Ev
                0x080002b8       0xac bau.o
                0x080002b8                _ZN3bauC2Ev
                0x080002b8                _ZN3bauC1Ev
 .text._ZN3bau8do_spawnEv
                0x08000364       0xb4 bau.o
                0x08000364                _ZN3bau8do_spawnEv
 .text._ZN3bau6updateEv
                0x08000418       0xf8 bau.o
                0x08000418                _ZN3bau6updateEv
 .text._ZN4bomb7explodeEv
                0x08000510       0xb8 bomb.o
                0x08000510                _ZN4bomb7explodeEv
 .text._ZN4bombC2EN2bn7fixed_tILi12EEES2_S2_S2_i
                0x080005c8      0x11c bomb.o
                0x080005c8                _ZN4bombC2EN2bn7fixed_tILi12EEES2_S2_S2_i
                0x080005c8                _ZN4bombC1EN2bn7fixed_tILi12EEES2_S2_S2_i
 .text._ZN4bomb16update_explosionEv
                0x080006e4       0x80 bomb.o
                0x080006e4                _ZN4bomb16update_explosionEv
 .text._ZN4bomb6updateEv
                0x08000764      0x148 bomb.o
                0x08000764                _ZN4bomb6updateEv
 .text._Z18check_collision_16RKN2bn10sprite_ptrES2_
                0x080008ac       0x58 collision.o
                0x080008ac                _Z18check_collision_16RKN2bn10sprite_ptrES2_
 .text._Z18check_collision_16RKN2bn10sprite_ptrE
                0x08000904       0xa0 collision.o
                0x08000904                _Z18check_collision_16RKN2bn10sprite_ptrE
 .text._Z21check_collision_meleeRK5enemy
                0x080009a4       0xd8 collision.o
                0x080009a4                _Z21check_collision_meleeRK5enemy
 .text._Z18check_collision_16RK5enemy
                0x08000a7c       0xc8 collision.o
                0x08000a7c                _Z18check_collision_16RK5enemy
 .text._ZN2bn13ostringstream6appendILi12EEEvNS_7fixed_tIXT_EEE
                0x08000b44       0xa0 collision.o
                0x08000b44                _ZN2bn13ostringstream6appendILi12EEEvNS_7fixed_tIXT_EEE
 .text._ZN3_bn6assert9show_argsIA16_cN2bn7fixed_tILi12EEEEEvPKcS7_S7_iRKT_RKT0_
                0x08000be4       0x54 collision.o
                0x08000be4                _ZN3_bn6assert9show_argsIA16_cN2bn7fixed_tILi12EEEEEvPKcS7_S7_iRKT_RKT0_
 .text._ZN3dog15applica_powerupEh
                0x08000c38       0x4c dog.o
                0x08000c38                _ZN3dog15applica_powerupEh
 .text._ZN3dog6updateEv
                0x08000c84      0x390 dog.o
                0x08000c84                _ZN3dog6updateEv
 .text._ZN3_bn6assert9show_argsIJA19_ciA4_ciEEEvPKcS5_S5_iDpRKT_
                0x08001014       0x64 dog.o
                0x08001014                _ZN3_bn6assert9show_argsIJA19_ciA4_ciEEEvPKcS5_S5_iDpRKT_
 .text._ZN3dogC2Ei
                0x08001078      0x554 dog.o
                0x08001078                _ZN3dogC2Ei
                0x08001078                _ZN3dogC1Ei
 .text._Z20dog_selection_screenRN2bn21sprite_text_generatorE
                0x080015cc      0x408 dog_selection.o
                0x080015cc                _Z20dog_selection_screenRN2bn21sprite_text_generatorE
 .text._ZN4doorC2ERK9door_info
                0x080019d4       0xc0 door.o
                0x080019d4                _ZN4doorC1ERK9door_info
                0x080019d4                _ZN4doorC2ERK9door_info
 .text._ZN4door6updateEv
                0x08001a94       0xf4 door.o
                0x08001a94                _ZN4door6updateEv
 .text._ZN5enemyD2Ev
                0x08001b88       0xe0 enemy.o
                0x08001b88                _ZN5enemyD1Ev
                0x08001b88                _ZN5enemyD2Ev
 .text._ZN5enemyD0Ev
                0x08001c68       0xec enemy.o
                0x08001c68                _ZN5enemyD0Ev
 .text._ZN5enemy10beHitByDogEv
                0x08001d54       0x88 enemy.o
                0x08001d54                _ZN5enemy10beHitByDogEv
 .text._ZN5enemy11beHitByBarkEv
                0x08001ddc       0x84 enemy.o
                0x08001ddc                _ZN5enemy11beHitByBarkEv
 .text._ZN5enemy11throw_shellEv
                0x08001e60       0x98 enemy.o
                0x08001e60                _ZN5enemy11throw_shellEv
 .text._ZN5enemy10throw_bombEv
                0x08001ef8       0xfc enemy.o
                0x08001ef8                _ZN5enemy10throw_bombEv
 .text._ZN5enemy20update_pattugliatoreEv
                0x08001ff4      0x2ec enemy.o
                0x08001ff4                _ZN5enemy20update_pattugliatoreEv
 .text._ZN5enemy6updateEv
                0x080022e0      0x7d8 enemy.o
                0x080022e0                _ZN5enemy6updateEv
 .text._ZN5enemyC2ERK9enemy_def
                0x08002ab8     0x233c enemy.o
                0x08002ab8                _ZN5enemyC2ERK9enemy_def
                0x08002ab8                _ZN5enemyC1ERK9enemy_def
 .text._ZN2bn8optionalI10game_timerED2EvQnt27is_trivially_destructible_vIT_E
                0x08004df4       0x30 globals.o
                0x08004df4                _ZN2bn8optionalI10game_timerED2EvQnt27is_trivially_destructible_vIT_E
                0x08004df4                _ZN2bn8optionalI10game_timerED1Ev
                0x08004df4                _ZN2bn8optionalI10game_timerED1EvQnt27is_trivially_destructible_vIT_E
                0x08004df4                _ZN2bn8optionalI10game_timerED2Ev
 .text._ZN2bn8optionalI3dogED2EvQnt27is_trivially_destructible_vIT_E
                0x08004e24       0x48 globals.o
                0x08004e24                _ZN2bn8optionalI3dogED2Ev
                0x08004e24                _ZN2bn8optionalI3dogED1EvQnt27is_trivially_destructible_vIT_E
                0x08004e24                _ZN2bn8optionalI3dogED1Ev
                0x08004e24                _ZN2bn8optionalI3dogED2EvQnt27is_trivially_destructible_vIT_E
 .text._ZN2bn8optionalINS_10camera_ptrEED2EvQnt27is_trivially_destructible_vIT_E
                0x08004e6c       0x18 globals.o
                0x08004e6c                _ZN2bn8optionalINS_10camera_ptrEED2Ev
                0x08004e6c                _ZN2bn8optionalINS_10camera_ptrEED2EvQnt27is_trivially_destructible_vIT_E
                0x08004e6c                _ZN2bn8optionalINS_10camera_ptrEED1EvQnt27is_trivially_destructible_vIT_E
                0x08004e6c                _ZN2bn8optionalINS_10camera_ptrEED1Ev
 .text._ZN2bn8optionalI3bauED2EvQnt27is_trivially_destructible_vIT_E
                0x08004e84       0x20 globals.o
                0x08004e84                _ZN2bn8optionalI3bauED1EvQnt27is_trivially_destructible_vIT_E
                0x08004e84                _ZN2bn8optionalI3bauED2Ev
                0x08004e84                _ZN2bn8optionalI3bauED2EvQnt27is_trivially_destructible_vIT_E
                0x08004e84                _ZN2bn8optionalI3bauED1Ev
 .text._Z3capN2bn7fixed_tILi12EEES1_
                0x08004ea4       0x10 globals.o
                0x08004ea4                _Z3capN2bn7fixed_tILi12EEES1_
 .text._Z7capzeroii
                0x08004eb4       0x10 globals.o
                0x08004eb4                _Z7capzeroii
 .text.startup._GLOBAL__sub_I_g_rng
                0x08004ec4       0x58 globals.o
 .text._ZN2bn6vectorINS_10sprite_ptrELi8EED2Ev
                0x08004f1c       0x24 hud.o
                0x08004f1c                _ZN2bn6vectorINS_10sprite_ptrELi8EED2Ev
                0x08004f1c                _ZN2bn6vectorINS_10sprite_ptrELi8EED1Ev
 .text._ZN2bn6vectorINS_10sprite_ptrELi4EED2Ev
                0x08004f40       0x24 hud.o
                0x08004f40                _ZN2bn6vectorINS_10sprite_ptrELi4EED1Ev
                0x08004f40                _ZN2bn6vectorINS_10sprite_ptrELi4EED2Ev
 .text._ZN2bn6vectorINS_10sprite_ptrELi2EED2Ev
                0x08004f64       0x24 hud.o
                0x08004f64                _ZN2bn6vectorINS_10sprite_ptrELi2EED2Ev
                0x08004f64                _ZN2bn6vectorINS_10sprite_ptrELi2EED1Ev
 .text._ZN2bn6vectorINS_10sprite_ptrELi24EED2Ev
                0x08004f88       0x24 hud.o
                0x08004f88                _ZN2bn6vectorINS_10sprite_ptrELi24EED1Ev
                0x08004f88                _ZN2bn6vectorINS_10sprite_ptrELi24EED2Ev
 .text._Z16update_text_initPN2bn21sprite_text_generatorE
                0x08004fac       0x24 hud.o
                0x08004fac                _Z16update_text_initPN2bn21sprite_text_generatorE
 .text._Z17update_text_clearv
                0x08004fd0       0x34 hud.o
                0x08004fd0                _Z17update_text_clearv
 .text._Z16update_text_tickv
                0x08005004       0x8c hud.o
                0x08005004                _Z16update_text_tickv
 .text._ZN3_bn6assert9show_argsIA15_cEEvPKcS4_S4_iRKT_
                0x08005090       0x48 hud.o
                0x08005090                _ZN3_bn6assert9show_argsIA15_cEEvPKcS4_S4_iRKT_
 .text._ZN12_GLOBAL__N_1L10draw_scoreEv
                0x080050d8       0xdc hud.o
 .text._ZN12_GLOBAL__N_1L9draw_keysEv
                0x080051b4       0x94 hud.o
 .text._ZN12_GLOBAL__N_1L9draw_lifeEv
                0x08005248       0xd8 hud.o
 .text._Z10hud_updateiii
                0x08005320      0x2cc hud.o
                0x08005320                _Z10hud_updateiii
 .text.startup._GLOBAL__sub_I__Z16update_text_initPN2bn21sprite_text_generatorE
                0x080055ec       0xdc hud.o
 .text._ZN4itemD0Ev
                0x080056c8       0x58 item.o
                0x080056c8                _ZN4itemD0Ev
 .text._ZN4itemD2Ev
                0x08005720       0x50 item.o
                0x08005720                _ZN4itemD2Ev
                0x08005720                _ZN4itemD1Ev
 .text._ZN4item8raccogliEv
                0x08005770       0xa4 item.o
                0x08005770                _ZN4item8raccogliEv
 .text._ZN4itemC2ERK8item_def
                0x08005814      0x18c item.o
                0x08005814                _ZN4itemC2ERK8item_def
                0x08005814                _ZN4itemC1ERK8item_def
 .text._ZN4item6updateEv
                0x080059a0      0x164 item.o
                0x080059a0                _ZN4item6updateEv
 .text._ZN2bn8optionalI3dogEptEv.part.0
                0x08005b04       0x28 main.o
 .text._ZN2bn8optionalINS_6vectorIP5enemyLi24EEEEdeEv.part.0
                0x08005b2c       0x28 main.o
 .text._ZN12_GLOBAL__N_1L13update_cameraERN2bn14regular_bg_ptrES2_S2_S2_
                0x08005b54      0x144 main.o
 .text.startup.main
                0x08005c98      0x740 main.o
                0x08005c98                main
 .text._ZN8live_obj14apply_frictionEv
                0x080063d8       0x4c obj.o
                0x080063d8                _ZN8live_obj14apply_frictionEv
 .text._ZN8live_obj13apply_gravityEv
                0x08006424      0x130 obj.o
                0x08006424                _ZN8live_obj13apply_gravityEv
 .text._ZN8live_obj9apply_mapEv
                0x08006554       0xcc obj.o
                0x08006554                _ZN8live_obj9apply_mapEv
 .text._Z11is_solid_atN2bn7fixed_tILi12EEES1_i
                0x08006620       0x3c obj.o
                0x08006620                _Z11is_solid_atN2bn7fixed_tILi12EEES1_i
 .text._Z16get_schema_doorsi
                0x0800665c       0x14 schemi.o
                0x0800665c                _Z16get_schema_doorsi
 .text._Z17get_collision_mapi
                0x08006670       0x18 schemi.o
                0x08006670                _Z17get_collision_mapi
 .text._Z17create_schema_bg0i
                0x08006688       0x2c schemi.o
                0x08006688                _Z17create_schema_bg0i
 .text._Z17create_schema_bg1i
                0x080066b4       0x2c schemi.o
                0x080066b4                _Z17create_schema_bg1i
 .text._Z16create_schema_bgi
                0x080066e0       0x2c schemi.o
                0x080066e0                _Z16create_schema_bgi
 .text._Z16create_schema_fgi
                0x0800670c       0x2c schemi.o
                0x0800670c                _Z16create_schema_fgi
 .text._ZN3_bn6assert9show_argsIA16_ciEEvPKcS4_S4_iRKT_RKT0_
                0x08006738       0x54 common_info.o
                0x08006738                _ZN3_bn6assert9show_argsIA16_ciEEvPKcS4_S4_iRKT_RKT0_
 .text._ZN3_bn6assert9show_argsIA15_ciEEvPKcS4_S4_iRKT_RKT0_
                0x0800678c       0x54 common_stats.o
                0x0800678c                _ZN3_bn6assert9show_argsIA15_ciEEvPKcS4_S4_iRKT_RKT0_
 .text._ZN2bn13ostringstream11append_argsIiJA4_ciEEEvRKT_DpRKT0_.isra.0
                0x080067e0       0x24 bn_affine_bg_animate_actions.o
 .text._ZN3_bn6assert9show_argsIJA16_ciA4_ciEEEvPKcS5_S5_iDpRKT_
                0x08006804       0x58 bn_affine_bg_animate_actions.o
                0x08006804                _ZN3_bn6assert9show_argsIJA16_ciA4_ciEEEvPKcS5_S5_iDpRKT_
 .text._ZN3_bn6assert9show_argsIJA23_ciA4_ciEEEvPKcS5_S5_iDpRKT_
                0x0800685c       0x58 bn_affine_bg_animate_actions.o
                0x0800685c                _ZN3_bn6assert9show_argsIJA23_ciA4_ciEEEvPKcS5_S5_iDpRKT_
 .text._ZN3_bn6assert9show_argsIA23_ciEEvPKcS4_S4_iRKT_RKT0_
                0x080068b4       0x54 bn_affine_bg_animate_actions.o
                0x080068b4                _ZN3_bn6assert9show_argsIA23_ciEEvPKcS4_S4_iRKT_RKT0_
 .text._ZN3_bn6assert9show_argsIA24_ciEEvPKcS4_S4_iRKT_RKT0_
                0x08006908       0x54 bn_affine_bg_animate_actions.o
                0x08006908                _ZN3_bn6assert9show_argsIA24_ciEEvPKcS4_S4_iRKT_RKT0_
 .text._ZN3_bn6assert9show_argsIA28_ciEEvPKcS4_S4_iRKT_RKT0_
                0x0800695c       0x54 bn_affine_bg_animate_actions.o
                0x0800695c                _ZN3_bn6assert9show_argsIA28_ciEEvPKcS4_S4_iRKT_RKT0_
 .text._ZN2bn13audio_manager4initEv
                0x080069b0       0x60 bn_audio_manager.bn_noflto.o
                0x080069b0                _ZN2bn13audio_manager4initEv
 .text._ZN2bn13audio_manager7disableEv
                0x08006a10       0x10 bn_audio_manager.bn_noflto.o
                0x08006a10                _ZN2bn13audio_manager7disableEv
 .text._ZN2bn13audio_manager10sound_dataEt
                0x08006a20       0x6c bn_audio_manager.bn_noflto.o
                0x08006a20                _ZN2bn13audio_manager10sound_dataEt
 .text._ZN2bn13audio_manager6updateEv
                0x08006a8c       0x18 bn_audio_manager.bn_noflto.o
                0x08006a8c                _ZN2bn13audio_manager6updateEv
 .text._ZN2bn13audio_manager13vblank_commitEv
                0x08006aa4       0x2c bn_audio_manager.bn_noflto.o
                0x08006aa4                _ZN2bn13audio_manager13vblank_commitEv
 .text._ZN2bn13audio_manager14delayed_commitEv
                0x08006ad0       0x34 bn_audio_manager.bn_noflto.o
                0x08006ad0                _ZN2bn13audio_manager14delayed_commitEv
 .text._ZN2bn13audio_manager4stopEv
                0x08006b04       0x78 bn_audio_manager.bn_noflto.o
                0x08006b04                _ZN2bn13audio_manager4stopEv
 .text._ZN3_bn6assert9show_argsIA18_ciEEvPKcS4_S4_iRKT_RKT0_
                0x08006b7c       0x54 bn_audio_manager.bn_noflto.o
                0x08006b7c                _ZN3_bn6assert9show_argsIA18_ciEEvPKcS4_S4_iRKT_RKT0_
 .text._ZN3_bn6assert9show_argsIA14_ciEEvPKcS4_S4_iRKT_RKT0_
                0x08006bd0       0x54 bn_audio_manager.bn_noflto.o
                0x08006bd0                _ZN3_bn6assert9show_argsIA14_ciEEvPKcS4_S4_iRKT_RKT0_
 .text._ZN3_bn6assert9show_argsIA19_ciEEvPKcS4_S4_iRKT_RKT0_
                0x08006c24       0x54 bn_audio_manager.bn_noflto.o
                0x08006c24                _ZN3_bn6assert9show_argsIA19_ciEEvPKcS4_S4_iRKT_RKT0_
 .text._ZN3_bn6assert9show_argsIA26_ciEEvPKcS4_S4_iRKT_RKT0_
                0x08006c78       0x54 bn_audio_manager.bn_noflto.o
                0x08006c78                _ZN3_bn6assert9show_argsIA26_ciEEvPKcS4_S4_iRKT_RKT0_
 .text._ZN3_bn6assert9show_argsIA33_cEEvPKcS4_S4_iRKT_
                0x08006ccc       0x48 bn_audio_manager.bn_noflto.o
                0x08006ccc                _ZN3_bn6assert9show_argsIA33_cEEvPKcS4_S4_iRKT_
 .text._ZN3_bn6assert9show_argsIA25_cEEvPKcS4_S4_iRKT_
                0x08006d14       0x48 bn_audio_manager.bn_noflto.o
                0x08006d14                _ZN3_bn6assert9show_argsIA25_cEEvPKcS4_S4_iRKT_
 .text._ZN3_bn6assert9show_argsIA24_cEEvPKcS4_S4_iRKT_
                0x08006d5c       0x48 bn_audio_manager.bn_noflto.o
                0x08006d5c                _ZN3_bn6assert9show_argsIA24_cEEvPKcS4_S4_iRKT_
 .text._ZN3_bn6assert9show_argsIA20_cEEvPKcS4_S4_iRKT_
                0x08006da4       0x48 bn_audio_manager.bn_noflto.o
                0x08006da4                _ZN3_bn6assert9show_argsIA20_cEEvPKcS4_S4_iRKT_
 .text._ZN3_bn6assert9show_argsIA26_cEEvPKcS4_S4_iRKT_
                0x08006dec       0x48 bn_audio_manager.bn_noflto.o
                0x08006dec                _ZN3_bn6assert9show_argsIA26_cEEvPKcS4_S4_iRKT_
 .text._ZN3_bn6assert9show_argsIA21_cEEvPKcS4_S4_iRKT_
                0x08006e34       0x48 bn_audio_manager.bn_noflto.o
                0x08006e34                _ZN3_bn6assert9show_argsIA21_cEEvPKcS4_S4_iRKT_
 .text._ZN3_bn6assert9show_argsIA32_cEEvPKcS4_S4_iRKT_
                0x08006e7c       0x48 bn_audio_manager.bn_noflto.o
                0x08006e7c                _ZN3_bn6assert9show_argsIA32_cEEvPKcS4_S4_iRKT_
 .text._ZN3_bn6assert9show_argsIA25_ciEEvPKcS4_S4_iRKT_RKT0_
                0x08006ec4       0x54 bn_audio_manager.bn_noflto.o
                0x08006ec4                _ZN3_bn6assert9show_argsIA25_ciEEvPKcS4_S4_iRKT_RKT0_
 .text._ZN2bn13audio_manager16execute_commandsEv
                0x08006f18      0x788 bn_audio_manager.bn_noflto.o
                0x08006f18                _ZN2bn13audio_manager16execute_commandsEv
 .text._ZN3_bn6assert9show_argsIA17_cEEvPKcS4_S4_iRKT_
                0x080076a0       0x48 bn_audio_manager.bn_noflto.o
                0x080076a0                _ZN3_bn6assert9show_argsIA17_cEEvPKcS4_S4_iRKT_
 .text._ZN2bn14iunordered_mapIjNS_13audio_manager15sound_data_typeENS_15identity_hasherENS_8equal_toIjEEEclEjRKj
                0x080076e8      0x11c bn_audio_manager.bn_noflto.o
                0x080076e8                _ZN2bn14iunordered_mapIjNS_13audio_manager15sound_data_typeENS_15identity_hasherENS_8equal_toIjEEEclEjRKj
 .text._ZN2bn13audio_manager10play_soundEiNS_10sound_itemE
                0x08007804       0xc4 bn_audio_manager.bn_noflto.o
                0x08007804                _ZN2bn13audio_manager10play_soundEiNS_10sound_itemE
 .text._ZNK2bn10sound_item4playEv
                0x080078c8       0x10 bn_audio_manager.bn_noflto.o
                0x080078c8                _ZNK2bn10sound_item4playEv
 .text._ZN2bn18best_fit_allocator4freeEPv
                0x080078d8      0x110 bn_best_fit_allocator.o
                0x080078d8                _ZN2bn18best_fit_allocator4freeEPv
 .text._ZN3_bn6assert9show_argsIA23_cEEvPKcS4_S4_iRKT_
                0x080079e8       0x48 bn_best_fit_allocator.o
                0x080079e8                _ZN3_bn6assert9show_argsIA23_cEEvPKcS4_S4_iRKT_
 .text._ZN2bn18best_fit_allocator5allocEi
                0x08007a30      0x144 bn_best_fit_allocator.o
                0x08007a30                _ZN2bn18best_fit_allocator5allocEi
 .text._ZN3_bn6assert9show_argsIA20_ciEEvPKcS4_S4_iRKT_RKT0_
                0x08007b74       0x54 bn_best_fit_allocator.o
                0x08007b74                _ZN3_bn6assert9show_argsIA20_ciEEvPKcS4_S4_iRKT_RKT0_
 .text._ZN3_bn6assert9show_argsIA14_cEEvPKcS4_S4_iRKT_
                0x08007bc8       0x48 bn_best_fit_allocator.o
                0x08007bc8                _ZN3_bn6assert9show_argsIA14_cEEvPKcS4_S4_iRKT_
 .text._ZN2bn18best_fit_allocator5resetEPvi
                0x08007c10       0xd4 bn_best_fit_allocator.o
                0x08007c10                _ZN2bn18best_fit_allocator5resetEPvi
 .text._ZN2bn17bg_blocks_manager12_GLOBAL__N_1L17_hw_commit_offsetEPKtjtPt
                0x08007ce4       0x74 bn_bg_blocks_manager.o
 .text._ZN2bn13ostringstream11append_argsIiJA4_ctEEEvRKT_DpRKT0_.isra.0
                0x08007d58       0x24 bn_bg_blocks_manager.o
 .text._ZN2bn13ostringstream11append_argsIiJA4_ciEEEvRKT_DpRKT0_.isra.0
                0x08007d7c       0x24 bn_bg_blocks_manager.o
 .text._ZN2bn17bg_blocks_manager15decrease_usagesEi.part.0
                0x08007da0      0x130 bn_bg_blocks_manager.o
 .text._ZN2bn17bg_blocks_manager12_GLOBAL__N_110items_list12insert_afterEiRKNS1_9item_typeE.constprop.0
                0x08007ed0      0x2b4 bn_bg_blocks_manager.o
 .text._ZN2bn18regular_bg_map_ptrD2Ev
                0x08008184       0x34 bn_bg_blocks_manager.o
                0x08008184                _ZN2bn18regular_bg_map_ptrD2Ev
                0x08008184                _ZN2bn18regular_bg_map_ptrD1Ev
 .text._ZNK2bn18regular_bg_map_ptr2idEv
                0x080081b8       0x18 bn_bg_blocks_manager.o
                0x080081b8                _ZNK2bn18regular_bg_map_ptr2idEv
 .text._ZNK2bn18regular_bg_map_ptr10dimensionsEv
                0x080081d0       0x20 bn_bg_blocks_manager.o
                0x080081d0                _ZNK2bn18regular_bg_map_ptr10dimensionsEv
 .text._ZNK2bn18regular_bg_map_ptr3bigEv
                0x080081f0       0x1c bn_bg_blocks_manager.o
                0x080081f0                _ZNK2bn18regular_bg_map_ptr3bigEv
 .text._ZNK2bn18regular_bg_map_ptr3bppEv
                0x0800820c       0x1c bn_bg_blocks_manager.o
                0x0800820c                _ZNK2bn18regular_bg_map_ptr3bppEv
 .text._ZNK2bn20regular_bg_tiles_ptr3cbbEv
                0x08008228       0x18 bn_bg_blocks_manager.o
                0x08008228                _ZNK2bn20regular_bg_tiles_ptr3cbbEv
 .text._ZN2bn17affine_bg_map_ptrD2Ev
                0x08008240       0x34 bn_bg_blocks_manager.o
                0x08008240                _ZN2bn17affine_bg_map_ptrD2Ev
                0x08008240                _ZN2bn17affine_bg_map_ptrD1Ev
 .text._ZNK2bn17affine_bg_map_ptr2idEv
                0x08008274       0x18 bn_bg_blocks_manager.o
                0x08008274                _ZNK2bn17affine_bg_map_ptr2idEv
 .text._ZNK2bn17affine_bg_map_ptr10dimensionsEv
                0x0800828c       0x20 bn_bg_blocks_manager.o
                0x0800828c                _ZNK2bn17affine_bg_map_ptr10dimensionsEv
 .text._ZNK2bn19affine_bg_tiles_ptr3cbbEv
                0x080082ac       0x18 bn_bg_blocks_manager.o
                0x080082ac                _ZNK2bn19affine_bg_tiles_ptr3cbbEv
 .text._ZN2bn17bg_blocks_manager4initEv
                0x080082c4       0x94 bn_bg_blocks_manager.o
                0x080082c4                _ZN2bn17bg_blocks_manager4initEv
 .text._ZN2bn17bg_blocks_manager10log_statusEv
                0x08008358      0x44c bn_bg_blocks_manager.o
                0x08008358                _ZN2bn17bg_blocks_manager10log_statusEv
 .text._ZN2bn17bg_blocks_manager15decrease_usagesEi
                0x080087a4       0x28 bn_bg_blocks_manager.o
                0x080087a4                _ZN2bn17bg_blocks_manager15decrease_usagesEi
 .text._ZN2bn17bg_blocks_manager11must_commitEi
                0x080087cc       0x18 bn_bg_blocks_manager.o
                0x080087cc                _ZN2bn17bg_blocks_manager11must_commitEi
 .text._ZN2bn17bg_blocks_manager6updateEv
                0x080087e4      0x254 bn_bg_blocks_manager.o
                0x080087e4                _ZN2bn17bg_blocks_manager6updateEv
 .text._ZN3_bn6assert9show_argsIA52_ctEEvPKcS4_S4_iRKT_RKT0_
                0x08008a38       0x54 bn_bg_blocks_manager.o
                0x08008a38                _ZN3_bn6assert9show_argsIA52_ctEEvPKcS4_S4_iRKT_RKT0_
 .text._ZN3_bn6assert9show_argsIJA20_ciA4_ctEEEvPKcS5_S5_iDpRKT_
                0x08008a8c       0x58 bn_bg_blocks_manager.o
                0x08008a8c                _ZN3_bn6assert9show_argsIJA20_ciA4_ctEEEvPKcS5_S5_iDpRKT_
 .text._ZN3_bn6assert9show_argsIJA22_ciA4_ciEEEvPKcS5_S5_iDpRKT_
                0x08008ae4       0x58 bn_bg_blocks_manager.o
                0x08008ae4                _ZN3_bn6assert9show_argsIJA22_ciA4_ciEEEvPKcS5_S5_iDpRKT_
 .text._ZN3_bn6assert9show_argsIJA58_ciA4_ciEEEvPKcS5_S5_iDpRKT_
                0x08008b3c       0x58 bn_bg_blocks_manager.o
                0x08008b3c                _ZN3_bn6assert9show_argsIJA58_ciA4_ciEEEvPKcS5_S5_iDpRKT_
 .text._ZN3_bn6assert9show_argsIA38_cEEvPKcS4_S4_iRKT_
                0x08008b94       0x48 bn_bg_blocks_manager.o
                0x08008b94                _ZN3_bn6assert9show_argsIA38_cEEvPKcS4_S4_iRKT_
 .text._ZN3_bn6assert9show_argsIA27_ciEEvPKcS4_S4_iRKT_RKT0_
                0x08008bdc       0x54 bn_bg_blocks_manager.o
                0x08008bdc                _ZN3_bn6assert9show_argsIA27_ciEEvPKcS4_S4_iRKT_RKT0_
 .text._ZN2bn17bg_blocks_manager12_GLOBAL__N_1L10_hw_commitEPKtNS_16compression_typeEibPt
                0x08008c30       0x68 bn_bg_blocks_manager.o
 .text._ZN3_bn6assert9show_argsIA19_cEEvPKcS4_S4_iRKT_
                0x08008c98       0x48 bn_bg_blocks_manager.o
                0x08008c98                _ZN3_bn6assert9show_argsIA19_cEEvPKcS4_S4_iRKT_
 .text._ZN3_bn6assert9show_argsIA22_ciEEvPKcS4_S4_iRKT_RKT0_
                0x08008ce0       0x54 bn_bg_blocks_manager.o
                0x08008ce0                _ZN3_bn6assert9show_argsIA22_ciEEvPKcS4_S4_iRKT_RKT0_
 .text._ZN2bn17bg_blocks_manager12_GLOBAL__N_1L16_find_tiles_implEPKtNS_16compression_typeEiNS_8bpp_modeEb
                0x08008d34      0x104 bn_bg_blocks_manager.o
 .text._ZN2bn17bg_blocks_manager12_GLOBAL__N_1L17_fix_blocks_countERKNS1_9item_typeEi
                0x08008e38       0x7c bn_bg_blocks_manager.o
 .text._ZN3_bn6assert9show_argsIJA32_cA15_cPKtA16_ciA17_ciA34_cN2bn11string_viewEEEEvPKcSC_SC_iDpRKT_
                0x08008eb4       0x90 bn_bg_blocks_manager.o
                0x08008eb4                _ZN3_bn6assert9show_argsIJA32_cA15_cPKtA16_ciA17_ciA34_cN2bn11string_viewEEEEvPKcSC_SC_iDpRKT_
 .text._ZN3_bn6assert9show_argsIJA39_ciA4_ciEEEvPKcS5_S5_iDpRKT_
                0x08008f44       0x58 bn_bg_blocks_manager.o
                0x08008f44                _ZN3_bn6assert9show_argsIJA39_ciA4_ciEEEvPKcS5_S5_iDpRKT_
 .text._ZN3_bn6assert9show_argsIA31_cEEvPKcS4_S4_iRKT_
                0x08008f9c       0x48 bn_bg_blocks_manager.o
                0x08008f9c                _ZN3_bn6assert9show_argsIA31_cEEvPKcS4_S4_iRKT_
 .text._ZN3_bn6assert9show_argsIJA35_ciA4_ciEEEvPKcS5_S5_iDpRKT_
                0x08008fe4       0x58 bn_bg_blocks_manager.o
                0x08008fe4                _ZN3_bn6assert9show_argsIJA35_ciA4_ciEEEvPKcS5_S5_iDpRKT_
 .text._ZN3_bn6assert9show_argsIJA37_ciA4_ciEEEvPKcS5_S5_iDpRKT_
                0x0800903c       0x58 bn_bg_blocks_manager.o
                0x0800903c                _ZN3_bn6assert9show_argsIJA37_ciA4_ciEEEvPKcS5_S5_iDpRKT_
 .text._ZNK2bn18regular_bg_map_ptr5tilesEv
                0x08009094       0x48 bn_bg_blocks_manager.o
                0x08009094                _ZNK2bn18regular_bg_map_ptr5tilesEv
 .text._ZNK2bn17affine_bg_map_ptr5tilesEv
                0x080090dc       0x48 bn_bg_blocks_manager.o
                0x080090dc                _ZNK2bn17affine_bg_map_ptr5tilesEv
 .text._ZN2bn17bg_blocks_manager21set_regular_map_tilesEiONS_20regular_bg_tiles_ptrE
                0x08009124      0x204 bn_bg_blocks_manager.o
                0x08009124                _ZN2bn17bg_blocks_manager21set_regular_map_tilesEiONS_20regular_bg_tiles_ptrE
 .text._ZN2bn17bg_blocks_manager21update_affine_map_rowEiii
                0x08009328      0x160 bn_bg_blocks_manager.o
                0x08009328                _ZN2bn17bg_blocks_manager21update_affine_map_rowEiii
 .text._ZN2bn17bg_blocks_manager28update_affine_map_bottom_rowEiii
                0x08009488       0x30 bn_bg_blocks_manager.o
                0x08009488                _ZN2bn17bg_blocks_manager28update_affine_map_bottom_rowEiii
 .text._ZN2bn17bg_blocks_manager22update_regular_map_rowEiii
                0x080094b8      0x184 bn_bg_blocks_manager.o
                0x080094b8                _ZN2bn17bg_blocks_manager22update_regular_map_rowEiii
 .text._ZN2bn17bg_blocks_manager22update_regular_map_colEiii
                0x0800963c      0x1dc bn_bg_blocks_manager.o
                0x0800963c                _ZN2bn17bg_blocks_manager22update_regular_map_colEiii
 .text._ZN2bn17bg_blocks_manager23set_affine_map_positionEiii
                0x08009818      0x1f0 bn_bg_blocks_manager.o
                0x08009818                _ZN2bn17bg_blocks_manager23set_affine_map_positionEiii
 .text._ZN2bn17bg_blocks_manager24set_regular_map_positionEiii
                0x08009a08      0x214 bn_bg_blocks_manager.o
                0x08009a08                _ZN2bn17bg_blocks_manager24set_regular_map_positionEiii
 .text._ZN2bn17bg_blocks_manager21update_affine_map_colEiii
                0x08009c1c      0x314 bn_bg_blocks_manager.o
                0x08009c1c                _ZN2bn17bg_blocks_manager21update_affine_map_colEiii
 .text._ZN2bn17bg_blocks_manager27update_affine_map_right_colEiii
                0x08009f30       0x30 bn_bg_blocks_manager.o
                0x08009f30                _ZN2bn17bg_blocks_manager27update_affine_map_right_colEiii
 .text._ZN2bn17bg_blocks_manager23set_regular_map_paletteEiONS_14bg_palette_ptrE
                0x08009f60      0x1b4 bn_bg_blocks_manager.o
                0x08009f60                _ZN2bn17bg_blocks_manager23set_regular_map_paletteEiONS_14bg_palette_ptrE
 .text._ZN2bn17bg_blocks_manager33set_regular_map_tiles_and_paletteEiONS_20regular_bg_tiles_ptrEONS_14bg_palette_ptrE
                0x0800a114      0x2e8 bn_bg_blocks_manager.o
                0x0800a114                _ZN2bn17bg_blocks_manager33set_regular_map_tiles_and_paletteEiONS_20regular_bg_tiles_ptrEONS_14bg_palette_ptrE
 .text._ZN2bn17bg_blocks_manager12_GLOBAL__N_1L22_find_regular_map_implERKNS_19regular_bg_map_itemEPKtRKNS_20regular_bg_tiles_ptrERKNS_14bg_palette_ptrE
                0x0800a3fc      0x2d4 bn_bg_blocks_manager.o
 .text._ZN2bn17bg_blocks_manager12_GLOBAL__N_1L12_commit_itemERKNS1_9item_typeEb
                0x0800a6d0      0x1cc bn_bg_blocks_manager.o
 .text._ZN2bn17bg_blocks_manager19commit_uncompressedEb
                0x0800a89c       0xf0 bn_bg_blocks_manager.o
                0x0800a89c                _ZN2bn17bg_blocks_manager19commit_uncompressedEb
 .text._ZN2bn17bg_blocks_manager17commit_compressedEv
                0x0800a98c       0x48 bn_bg_blocks_manager.o
                0x0800a98c                _ZN2bn17bg_blocks_manager17commit_compressedEv
 .text._ZN2bn17bg_blocks_manager12_GLOBAL__N_1L12_create_itemEiibONS1_11create_dataE
                0x0800a9d4      0x65c bn_bg_blocks_manager.o
 .text._ZN2bn17bg_blocks_manager12_GLOBAL__N_1L12_create_implEONS1_11create_dataE
                0x0800b030      0x1fc bn_bg_blocks_manager.o
 .text._ZN2bn17bg_blocks_manager20create_regular_tilesERKNS_21regular_bg_tiles_itemEbb
                0x0800b22c      0x1d8 bn_bg_blocks_manager.o
                0x0800b22c                _ZN2bn17bg_blocks_manager20create_regular_tilesERKNS_21regular_bg_tiles_itemEbb
 .text._ZN2bn17bg_blocks_manager18create_regular_mapERKNS_19regular_bg_map_itemEPKtONS_20regular_bg_tiles_ptrEONS_14bg_palette_ptrEb
                0x0800b404      0x314 bn_bg_blocks_manager.o
                0x0800b404                _ZN2bn17bg_blocks_manager18create_regular_mapERKNS_19regular_bg_map_itemEPKtONS_20regular_bg_tiles_ptrEONS_14bg_palette_ptrEb
 .text._ZN2bn18regular_bg_map_ptr6createERKNS_15regular_bg_itemEi
                0x0800b718       0xf8 bn_bg_blocks_manager.o
                0x0800b718                _ZN2bn18regular_bg_map_ptr6createERKNS_15regular_bg_itemEi
 .text._ZN3_bn6assert9show_argsIA39_ciEEvPKcS4_S4_iRKT_RKT0_
                0x0800b810       0x54 bn_bg_blocks_manager.o
                0x0800b810                _ZN3_bn6assert9show_argsIA39_ciEEvPKcS4_S4_iRKT_RKT0_
 .text._ZN2bn11bgs_manager12_GLOBAL__N_1L29_check_unique_regular_big_mapERNS1_9item_typeE
                0x0800b864       0x6c bn_bgs_manager.o
 .text._ZN2bn11bgs_manager12_GLOBAL__N_1L33_update_item_hw_affine_attributesERKNS1_9item_typeE
                0x0800b8d0       0x48 bn_bgs_manager.o
 .text._ZN2bn13ostringstream11append_argsIiJA4_ciEEEvRKT_DpRKT0_.isra.0
                0x0800b918       0x24 bn_bgs_manager.o
 .text._ZNK2bn14regular_bg_ptr1xEv
                0x0800b93c        0x8 bn_bgs_manager.o
                0x0800b93c                _ZNK2bn14regular_bg_ptr1xEv
 .text._ZN2bn14regular_bg_ptr5set_xENS_7fixed_tILi12EEE
                0x0800b944       0x64 bn_bgs_manager.o
                0x0800b944                _ZN2bn14regular_bg_ptr5set_xENS_7fixed_tILi12EEE
 .text._ZNK2bn14regular_bg_ptr1yEv
                0x0800b9a8        0x8 bn_bgs_manager.o
                0x0800b9a8                _ZNK2bn14regular_bg_ptr1yEv
 .text._ZN2bn14regular_bg_ptr5set_yENS_7fixed_tILi12EEE
                0x0800b9b0       0x64 bn_bgs_manager.o
                0x0800b9b0                _ZN2bn14regular_bg_ptr5set_yENS_7fixed_tILi12EEE
 .text._ZN2bn11bgs_manager4initEv
                0x0800ba14       0x98 bn_bgs_manager.o
                0x0800ba14                _ZN2bn11bgs_manager4initEv
 .text._ZN2bn11bgs_manager5hw_idEPv
                0x0800baac        0x8 bn_bgs_manager.o
                0x0800baac                _ZN2bn11bgs_manager5hw_idEPv
 .text._ZN2bn11bgs_manager11hw_positionEPv
                0x0800bab4        0x4 bn_bgs_manager.o
                0x0800bab4                _ZN2bn11bgs_manager11hw_positionEPv
 .text._ZN2bn11bgs_manager14mat_attributesEPv
                0x0800bab8        0x4 bn_bgs_manager.o
                0x0800bab8                _ZN2bn11bgs_manager14mat_attributesEPv
 .text._ZN2bn11bgs_manager20update_windows_flagsEPj
                0x0800babc       0x7c bn_bgs_manager.o
                0x0800babc                _ZN2bn11bgs_manager20update_windows_flagsEPj
 .text._ZN2bn11bgs_manager14update_camerasEv
                0x0800bb38      0x138 bn_bgs_manager.o
                0x0800bb38                _ZN2bn11bgs_manager14update_camerasEv
 .text._ZN2bn11bgs_manager28update_regular_map_tiles_cbbEii
                0x0800bc70       0x94 bn_bgs_manager.o
                0x0800bc70                _ZN2bn11bgs_manager28update_regular_map_tiles_cbbEii
 .text._ZN2bn11bgs_manager22update_regular_map_bppEiNS_8bpp_modeE
                0x0800bd04       0x98 bn_bgs_manager.o
                0x0800bd04                _ZN2bn11bgs_manager22update_regular_map_bppEiNS_8bpp_modeE
 .text._ZN2bn11bgs_manager36fill_hblank_effect_regular_positionsEiPKNS_7fixed_tILi12EEEPt
                0x0800bd9c       0x38 bn_bgs_manager.o
                0x0800bd9c                _ZN2bn11bgs_manager36fill_hblank_effect_regular_positionsEiPKNS_7fixed_tILi12EEEPt
 .text._ZN2bn11bgs_manager45fill_hblank_effect_pivot_horizontal_positionsEPvPKNS_7fixed_tILi12EEEPj
                0x0800bdd4       0x28 bn_bgs_manager.o
                0x0800bdd4                _ZN2bn11bgs_manager45fill_hblank_effect_pivot_horizontal_positionsEPvPKNS_7fixed_tILi12EEEPj
 .text._ZN2bn11bgs_manager43fill_hblank_effect_pivot_vertical_positionsEPvPKNS_7fixed_tILi12EEEPj
                0x0800bdfc       0x28 bn_bgs_manager.o
                0x0800bdfc                _ZN2bn11bgs_manager43fill_hblank_effect_pivot_vertical_positionsEPvPKNS_7fixed_tILi12EEEPj
 .text._ZN2bn11bgs_manager36fill_hblank_effect_bitmap_attributesEPvPKNS_20bitmap_bg_attributesEPt
                0x0800be24       0x50 bn_bgs_manager.o
                0x0800be24                _ZN2bn11bgs_manager36fill_hblank_effect_bitmap_attributesEPvPKNS_20bitmap_bg_attributesEPt
 .text._ZN2bn11bgs_manager6commitEb
                0x0800be74       0x58 bn_bgs_manager.o
                0x0800be74                _ZN2bn11bgs_manager6commitEb
 .text._ZN2bn11bgs_manager4stopEv
                0x0800becc       0x28 bn_bgs_manager.o
                0x0800becc                _ZN2bn11bgs_manager4stopEv
 .text._ZN3_bn6assert9show_argsIA17_ciEEvPKcS4_S4_iRKT_RKT0_
                0x0800bef4       0x54 bn_bgs_manager.o
                0x0800bef4                _ZN3_bn6assert9show_argsIA17_ciEEvPKcS4_S4_iRKT_RKT0_
 .text._ZN3_bn6assert9show_argsIA30_cEEvPKcS4_S4_iRKT_
                0x0800bf48       0x48 bn_bgs_manager.o
                0x0800bf48                _ZN3_bn6assert9show_argsIA30_cEEvPKcS4_S4_iRKT_
 .text._ZN3_bn6assert9show_argsIJA20_ciA4_ciEEEvPKcS5_S5_iDpRKT_
                0x0800bf90       0x58 bn_bgs_manager.o
                0x0800bf90                _ZN3_bn6assert9show_argsIJA20_ciA4_ciEEEvPKcS5_S5_iDpRKT_
 .text._ZN2bn11bgs_manager15commit_big_mapsEv
                0x0800bfe8      0x208 bn_bgs_manager.o
                0x0800bfe8                _ZN2bn11bgs_manager15commit_big_mapsEv
 .text._ZN2bn11bgs_manager12_GLOBAL__N_19item_type18update_regular_mapEv
                0x0800c1f0      0x1b4 bn_bgs_manager.o
 .text._ZN2bn11bgs_manager10affine_mapEPv
                0x0800c3a4       0x34 bn_bgs_manager.o
                0x0800c3a4                _ZN2bn11bgs_manager10affine_mapEPv
 .text._ZN2bn11bgs_manager11regular_mapEPv
                0x0800c3d8       0x34 bn_bgs_manager.o
                0x0800c3d8                _ZN2bn11bgs_manager11regular_mapEPv
 .text._ZN3_bn6assert9show_argsIA27_cEEvPKcS4_S4_iRKT_
                0x0800c40c       0x48 bn_bgs_manager.o
                0x0800c40c                _ZN3_bn6assert9show_argsIA27_cEEvPKcS4_S4_iRKT_
 .text._ZN3_bn6assert9show_argsIA46_cEEvPKcS4_S4_iRKT_
                0x0800c454       0x48 bn_bgs_manager.o
                0x0800c454                _ZN3_bn6assert9show_argsIA46_cEEvPKcS4_S4_iRKT_
 .text._ZN2bn11bgs_manager36fill_hblank_effect_affine_attributesEPvPKNS_20affine_bg_attributesEPt
                0x0800c49c      0x10c bn_bgs_manager.o
                0x0800c49c                _ZN2bn11bgs_manager36fill_hblank_effect_affine_attributesEPvPKNS_20affine_bg_attributesEPt
 .text._ZN2bn11bgs_manager37fill_hblank_effect_regular_attributesEPvPKNS_21regular_bg_attributesEPt
                0x0800c5a8      0x118 bn_bgs_manager.o
                0x0800c5a8                _ZN2bn11bgs_manager37fill_hblank_effect_regular_attributesEPvPKNS_21regular_bg_attributesEPt
 .text._ZN2bn11bgs_manager15rebuild_handlesEv.part.0
                0x0800c6c0      0x27c bn_bgs_manager.o
 .text._ZN2bn11bgs_manager6updateEv
                0x0800c93c      0x158 bn_bgs_manager.o
                0x0800c93c                _ZN2bn11bgs_manager6updateEv
 .text._ZN3_bn6assert9show_argsIA38_cN2bn7fixed_tILi12EEEEEvPKcS7_S7_iRKT_RKT0_
                0x0800ca94       0x54 bn_bgs_manager.o
                0x0800ca94                _ZN3_bn6assert9show_argsIA38_cN2bn7fixed_tILi12EEEEEvPKcS7_S7_iRKT_RKT0_
 .text._ZN2bn11bgs_manager12_GLOBAL__N_1L12_insert_itemERNS1_9item_typeE
                0x0800cae8      0x124 bn_bgs_manager.o
 .text._ZN3_bn6assert9show_argsIA13_cEEvPKcS4_S4_iRKT_
                0x0800cc0c       0x48 bn_bgs_manager.o
                0x0800cc0c                _ZN3_bn6assert9show_argsIA13_cEEvPKcS4_S4_iRKT_
 .text._ZN2bn11bgs_manager6createEONS_18regular_bg_builderE
                0x0800cc54      0x25c bn_bgs_manager.o
                0x0800cc54                _ZN2bn11bgs_manager6createEONS_18regular_bg_builderE
 .text._ZNK2bn15regular_bg_item9create_bgEi
                0x0800ceb0       0xc0 bn_bgs_manager.o
                0x0800ceb0                _ZNK2bn15regular_bg_item9create_bgEi
 .text._ZN2bn5eraseIPNS_11bgs_manager12_GLOBAL__N_19item_typeEEENS_7ivectorIT_E9size_typeERS7_RKS6_.constprop.0.isra.0
                0x0800cf70      0x144 bn_bgs_manager.o
 .text._ZN2bn11bgs_manager15decrease_usagesEPv
                0x0800d0b4       0xe8 bn_bgs_manager.o
                0x0800d0b4                _ZN2bn11bgs_manager15decrease_usagesEPv
 .text._ZN2bn14regular_bg_ptrD2Ev
                0x0800d19c       0x18 bn_bgs_manager.o
                0x0800d19c                _ZN2bn14regular_bg_ptrD1Ev
                0x0800d19c                _ZN2bn14regular_bg_ptrD2Ev
 .text._ZN2bn14regular_bg_ptr12set_priorityEi
                0x0800d1b4       0x68 bn_bgs_manager.o
                0x0800d1b4                _ZN2bn14regular_bg_ptr12set_priorityEi
 .text._ZN2bn10camera_ptrC2ERKS0_
                0x0800d21c       0x20 bn_cameras_manager.o
                0x0800d21c                _ZN2bn10camera_ptrC1ERKS0_
                0x0800d21c                _ZN2bn10camera_ptrC2ERKS0_
 .text._ZN2bn10camera_ptraSERKS0_
                0x0800d23c       0x70 bn_cameras_manager.o
                0x0800d23c                _ZN2bn10camera_ptraSERKS0_
 .text._ZN2bn10camera_ptrD2Ev
                0x0800d2ac       0x38 bn_cameras_manager.o
                0x0800d2ac                _ZN2bn10camera_ptrD1Ev
                0x0800d2ac                _ZN2bn10camera_ptrD2Ev
 .text._ZN2bn10camera_ptr5set_xENS_7fixed_tILi12EEE
                0x0800d2e4       0x20 bn_cameras_manager.o
                0x0800d2e4                _ZN2bn10camera_ptr5set_xENS_7fixed_tILi12EEE
 .text._ZN2bn10camera_ptr5set_yENS_7fixed_tILi12EEE
                0x0800d304       0x24 bn_cameras_manager.o
                0x0800d304                _ZN2bn10camera_ptr5set_yENS_7fixed_tILi12EEE
 .text._ZNK2bn10camera_ptr8positionEv
                0x0800d328       0x14 bn_cameras_manager.o
                0x0800d328                _ZNK2bn10camera_ptr8positionEv
 .text._ZN2bn15cameras_manager4initEv
                0x0800d33c       0x24 bn_cameras_manager.o
                0x0800d33c                _ZN2bn15cameras_manager4initEv
 .text._ZN2bn15cameras_manager6updateEv
                0x0800d360       0x28 bn_cameras_manager.o
                0x0800d360                _ZN2bn15cameras_manager6updateEv
 .text._ZN2bn10camera_ptr6createENS_7fixed_tILi12EEES2_
                0x0800d388       0x58 bn_cameras_manager.o
                0x0800d388                _ZN2bn10camera_ptr6createENS_7fixed_tILi12EEES2_
 .text._ZN2bn4core12_GLOBAL__N_1L12_vblank_intrEv
                0x0800d3e0       0x3c bn_core.o
 .text._ZN2bn4core12_GLOBAL__N_1L4stopEb
                0x0800d41c       0x60 bn_core.o
 .text._ZN2bn4core12_GLOBAL__N_1L11update_implEv
                0x0800d47c      0x110 bn_core.o
 .text._ZN2bn4core6updateEv
                0x0800d58c       0x78 bn_core.o
                0x0800d58c                _ZN2bn4core6updateEv
 .text._ZN2bn4core4initERKNS_8optionalINS_5colorEEERKNS_11string_viewE
                0x0800d604      0x138 bn_core.o
                0x0800d604                _ZN2bn4core4initERKNS_8optionalINS_5colorEEERKNS_11string_viewE
 .text._ZN2bn4core4initEv
                0x0800d73c       0x20 bn_core.o
                0x0800d73c                _ZN2bn4core4initEv
 .text._ZN2bn11string_viewC2EPKc
                0x0800d75c       0x40 bn_core.o
                0x0800d75c                _ZN2bn11string_viewC2EPKc
                0x0800d75c                _ZN2bn11string_viewC1EPKc
 .text._ZN3_bn6assert12_GLOBAL__N_1L10_show_implEPKcS3_S3_iRKN2bn11string_viewE
                0x0800d79c       0x80 bn_core.o
 .text._ZN3_bn6assert4showEPKcS2_S2_iRKN2bn12istring_baseE
                0x0800d81c       0x18 bn_core.o
                0x0800d81c                _ZN3_bn6assert4showEPKcS2_S2_iRKN2bn12istring_baseE
 .text._ZN2bn15display_manager12_GLOBAL__N_1L34_update_rect_windows_hw_boundariesEi
                0x0800d834       0x84 bn_display_manager.o
 .text._ZN2bn15display_manager4initEv
                0x0800d8b8       0xa0 bn_display_manager.o
                0x0800d8b8                _ZN2bn15display_manager4initEv
 .text._ZN2bn15display_manager8set_modeEi
                0x0800d958       0x1c bn_display_manager.o
                0x0800d958                _ZN2bn15display_manager8set_modeEi
 .text._ZN2bn15display_manager14set_bg_enabledEib
                0x0800d974       0x1c bn_display_manager.o
                0x0800d974                _ZN2bn15display_manager14set_bg_enabledEib
 .text._ZN2bn15display_manager15disable_all_bgsEv
                0x0800d990       0x18 bn_display_manager.o
                0x0800d990                _ZN2bn15display_manager15disable_all_bgsEv
 .text._ZN2bn15display_manager36fill_mosaic_hblank_effect_attributesEPKNS_17mosaic_attributesEPt
                0x0800d9a8       0x98 bn_display_manager.o
                0x0800d9a8                _ZN2bn15display_manager36fill_mosaic_hblank_effect_attributesEPKNS_17mosaic_attributesEPt
 .text._ZN2bn15display_manager27set_blending_top_bg_enabledEib
                0x0800da40       0x20 bn_display_manager.o
                0x0800da40                _ZN2bn15display_manager27set_blending_top_bg_enabledEib
 .text._ZN2bn15display_manager30set_blending_bottom_bg_enabledEib
                0x0800da60       0x20 bn_display_manager.o
                0x0800da60                _ZN2bn15display_manager30set_blending_bottom_bg_enabledEib
 .text._ZN2bn15display_manager32blending_transparency_top_weightEv
                0x0800da80       0x18 bn_display_manager.o
                0x0800da80                _ZN2bn15display_manager32blending_transparency_top_weightEv
 .text._ZN2bn15display_manager35blending_transparency_bottom_weightEv
                0x0800da98       0x28 bn_display_manager.o
                0x0800da98                _ZN2bn15display_manager35blending_transparency_bottom_weightEv
 .text._ZN2bn15display_manager51fill_blending_transparency_hblank_effect_attributesEPKNS_32blending_transparency_attributesEPt
                0x0800dac0       0x30 bn_display_manager.o
                0x0800dac0                _ZN2bn15display_manager51fill_blending_transparency_hblank_effect_attributesEPKNS_32blending_transparency_attributesEPt
 .text._ZN2bn15display_manager21blending_fade_enabledEv
                0x0800daf0        0xc bn_display_manager.o
                0x0800daf0                _ZN2bn15display_manager21blending_fade_enabledEv
 .text._ZN2bn15display_manager39fill_blending_fade_hblank_effect_alphasEPKNS_19blending_fade_alphaEPt
                0x0800dafc       0x24 bn_display_manager.o
                0x0800dafc                _ZN2bn15display_manager39fill_blending_fade_hblank_effect_alphasEPKNS_19blending_fade_alphaEPt
 .text._ZN2bn15display_manager26update_windows_visible_bgsEv
                0x0800db20       0x14 bn_display_manager.o
                0x0800db20                _ZN2bn15display_manager26update_windows_visible_bgsEv
 .text._ZN2bn15display_manager36rect_window_hw_horizontal_boundariesEi
                0x0800db34       0x18 bn_display_manager.o
                0x0800db34                _ZN2bn15display_manager36rect_window_hw_horizontal_boundariesEi
 .text._ZN2bn15display_manager34rect_window_hw_vertical_boundariesEi
                0x0800db4c       0x18 bn_display_manager.o
                0x0800db4c                _ZN2bn15display_manager34rect_window_hw_vertical_boundariesEi
 .text._ZN2bn15display_manager52fill_rect_window_hblank_effect_horizontal_boundariesERKSt4pairIiiEPKS1_INS_7fixed_tILi12EEES6_EPt
                0x0800db64      0x134 bn_display_manager.o
                0x0800db64                _ZN2bn15display_manager52fill_rect_window_hblank_effect_horizontal_boundariesERKSt4pairIiiEPKS1_INS_7fixed_tILi12EEES6_EPt
 .text._ZN2bn15display_manager50fill_rect_window_hblank_effect_vertical_boundariesERKSt4pairIiiEPKS1_INS_7fixed_tILi12EEES6_EPt
                0x0800dc98      0x134 bn_display_manager.o
                0x0800dc98                _ZN2bn15display_manager50fill_rect_window_hblank_effect_vertical_boundariesERKSt4pairIiiEPKS1_INS_7fixed_tILi12EEES6_EPt
 .text._ZN2bn15display_manager36fill_green_swap_hblank_effect_statesEPKbPt
                0x0800ddcc       0x38 bn_display_manager.o
                0x0800ddcc                _ZN2bn15display_manager36fill_green_swap_hblank_effect_statesEPKbPt
 .text._ZN2bn15display_manager14update_camerasEv
                0x0800de04       0x40 bn_display_manager.o
                0x0800de04                _ZN2bn15display_manager14update_camerasEv
 .text._ZN2bn15display_manager6updateEv
                0x0800de44      0x250 bn_display_manager.o
                0x0800de44                _ZN2bn15display_manager6updateEv
 .text._ZN2bn15display_manager6commitEv
                0x0800e094      0x14c bn_display_manager.o
                0x0800e094                _ZN2bn15display_manager6commitEv
 .text._ZN2bn15display_manager4stopEv
                0x0800e1e0       0x34 bn_display_manager.o
                0x0800e1e0                _ZN2bn15display_manager4stopEv
 .text._ZN3_bn6assert9show_argsIA66_cEEvPKcS4_S4_iRKT_
                0x0800e214       0x48 bn_display_manager.o
                0x0800e214                _ZN3_bn6assert9show_argsIA66_cEEvPKcS4_S4_iRKT_
 .text._ZN2bn12gpio_manager5sleepEv
                0x0800e25c       0x28 bn_gpio_manager.o
                0x0800e25c                _ZN2bn12gpio_manager5sleepEv
 .text._ZN2bn22hblank_effects_manager12_GLOBAL__N_19item_type18_output_values_ptrEv
                0x0800e284       0x40 bn_hblank_effects_manager.o
 .text._ZN2bn22hblank_effects_manager7disableEv
                0x0800e2c4       0x24 bn_hblank_effects_manager.o
                0x0800e2c4                _ZN2bn22hblank_effects_manager7disableEv
 .text._ZN2bn22hblank_effects_manager4stopEv
                0x0800e2e8       0x38 bn_hblank_effects_manager.o
                0x0800e2e8                _ZN2bn22hblank_effects_manager4stopEv
 .text._ZN2bn22hblank_effects_manager6commitEv
                0x0800e320       0x8c bn_hblank_effects_manager.o
                0x0800e320                _ZN2bn22hblank_effects_manager6commitEv
 .text._ZN2bn22hblank_effects_manager12_GLOBAL__N_1L10_is_uint32ENS0_12handler_typeE
                0x0800e3ac       0x64 bn_hblank_effects_manager.o
 .text._ZN2bn22hblank_effects_manager12_GLOBAL__N_19item_type12check_updateEv
                0x0800e410     0x1664 bn_hblank_effects_manager.o
 .text._ZN2bn22hblank_effects_manager6updateEv
                0x0800fa74      0x1ec bn_hblank_effects_manager.o
                0x0800fa74                _ZN2bn22hblank_effects_manager6updateEv
 .text._ZN2bn22hblank_effects_manager4initEv
                0x0800fc60      0x180 bn_hblank_effects_manager.o
                0x0800fc60                _ZN2bn22hblank_effects_manager4initEv
 .text.startup._GLOBAL__sub_I__ZN2bn4hbes10used_countEv
                0x0800fde0       0x14 bn_hblank_effects_manager.o
 .text._ZN2bn12hdma_manager4initEv
                0x0800fdf4       0x38 bn_hdma_manager.o
                0x0800fdf4                _ZN2bn12hdma_manager4initEv
 .text._ZN2bn12hdma_manager10force_stopEv
                0x0800fe2c       0x5c bn_hdma_manager.o
                0x0800fe2c                _ZN2bn12hdma_manager10force_stopEv
 .text._ZN2bn12hdma_manager7disableEv
                0x0800fe88       0x48 bn_hdma_manager.o
                0x0800fe88                _ZN2bn12hdma_manager7disableEv
 .text._ZN2bn12hdma_manager6updateEv
                0x0800fed0       0x6c bn_hdma_manager.o
                0x0800fed0                _ZN2bn12hdma_manager6updateEv
 .text._ZN2bn12hdma_manager24commit_interrupt_handlerEv
                0x0800ff3c       0x20 bn_hdma_manager.o
                0x0800ff3c                _ZN2bn12hdma_manager24commit_interrupt_handlerEv
 .text._ZN2bn12hdma_manager14commit_entriesEb
                0x0800ff5c      0x168 bn_hdma_manager.o
                0x0800ff5c                _ZN2bn12hdma_manager14commit_entriesEb
 .text._ZN2bn6keypad9a_pressedEv
                0x080100c4       0x10 bn_keypad_manager.o
                0x080100c4                _ZN2bn6keypad9a_pressedEv
 .text._ZN2bn6keypad9b_pressedEv
                0x080100d4       0x10 bn_keypad_manager.o
                0x080100d4                _ZN2bn6keypad9b_pressedEv
 .text._ZN2bn6keypad13start_pressedEv
                0x080100e4       0x10 bn_keypad_manager.o
                0x080100e4                _ZN2bn6keypad13start_pressedEv
 .text._ZN2bn6keypad10right_heldEv
                0x080100f4       0x10 bn_keypad_manager.o
                0x080100f4                _ZN2bn6keypad10right_heldEv
 .text._ZN2bn6keypad13right_pressedEv
                0x08010104       0x10 bn_keypad_manager.o
                0x08010104                _ZN2bn6keypad13right_pressedEv
 .text._ZN2bn6keypad9left_heldEv
                0x08010114       0x10 bn_keypad_manager.o
                0x08010114                _ZN2bn6keypad9left_heldEv
 .text._ZN2bn6keypad12left_pressedEv
                0x08010124       0x10 bn_keypad_manager.o
                0x08010124                _ZN2bn6keypad12left_pressedEv
 .text._ZN2bn6keypad10up_pressedEv
                0x08010134       0x10 bn_keypad_manager.o
                0x08010134                _ZN2bn6keypad10up_pressedEv
 .text._ZN2bn6keypad6l_heldEv
                0x08010144       0x10 bn_keypad_manager.o
                0x08010144                _ZN2bn6keypad6l_heldEv
 .text._ZN2bn14keypad_manager4stopEv
                0x08010154        0x4 bn_keypad_manager.o
                0x08010154                _ZN2bn14keypad_manager4stopEv
 .text._ZN2bn14keypad_manager6updateEv
                0x08010158       0xb8 bn_keypad_manager.o
                0x08010158                _ZN2bn14keypad_manager6updateEv
 .text._ZN2bn14keypad_manager4initERKNS_11string_viewE
                0x08010210       0x64 bn_keypad_manager.o
                0x08010210                _ZN2bn14keypad_manager4initERKNS_11string_viewE
 .text._ZN2bn12link_manager4initEv
                0x08010274        0xc bn_link_manager.o
                0x08010274                _ZN2bn12link_manager4initEv
 .text._ZN2bn12link_manager6activeEv
                0x08010280        0xc bn_link_manager.o
                0x08010280                _ZN2bn12link_manager6activeEv
 .text._ZN2bn12link_manager7disableEv
                0x0801028c       0x18 bn_link_manager.o
                0x0801028c                _ZN2bn12link_manager7disableEv
 .text._ZN2bn12link_manager6commitEv
                0x080102a4       0x18 bn_link_manager.o
                0x080102a4                _ZN2bn12link_manager6commitEv
 .text._ZdlPvj  0x080102bc       0x14 bn_memory_manager.o
                0x080102bc                _ZdlPvj
 .text._ZN3_bn6memory18unsafe_clear_wordsEiPv
                0x080102d0       0x14 bn_memory_manager.o
                0x080102d0                _ZN3_bn6memory18unsafe_clear_wordsEiPv
 .text._ZN2bn4freeEPv
                0x080102e4       0x14 bn_memory_manager.o
                0x080102e4                _ZN2bn4freeEPv
 .text._ZN2bn14memory_manager4initEv
                0x080102f8       0x2c bn_memory_manager.o
                0x080102f8                _ZN2bn14memory_manager4initEv
 .text._ZN3_bn6assert9show_argsIA35_cjEEvPKcS4_S4_iRKT_RKT0_
                0x08010324       0x54 bn_memory_manager.o
                0x08010324                _ZN3_bn6assert9show_argsIA35_cjEEvPKcS4_S4_iRKT_RKT0_
 .text._Znwj    0x08010378       0x40 bn_memory_manager.o
                0x08010378                _Znwj
 .text._ZN2bn2hw8palettes9grayscaleEPKNS_5colorEiiPS2_.part.0
                0x080103b8       0x40 bn_palettes_manager.o
 .text._ZN2bn14bg_palette_ptrC2ERKS0_
                0x080103f8       0x28 bn_palettes_manager.o
                0x080103f8                _ZN2bn14bg_palette_ptrC2ERKS0_
                0x080103f8                _ZN2bn14bg_palette_ptrC1ERKS0_
 .text._ZNK2bn14bg_palette_ptr3bppEv
                0x08010420       0x20 bn_palettes_manager.o
                0x08010420                _ZNK2bn14bg_palette_ptr3bppEv
 .text._ZN2bn18sprite_palette_ptrC2ERKS0_
                0x08010440       0x1c bn_palettes_manager.o
                0x08010440                _ZN2bn18sprite_palette_ptrC1ERKS0_
                0x08010440                _ZN2bn18sprite_palette_ptrC2ERKS0_
 .text._ZNK2bn18sprite_palette_ptr3bppEv
                0x0801045c       0x1c bn_palettes_manager.o
                0x0801045c                _ZNK2bn18sprite_palette_ptr3bppEv
 .text._ZNK2bn13palettes_bank10log_statusEv
                0x08010478      0x178 bn_palettes_manager.o
                0x08010478                _ZNK2bn13palettes_bank10log_statusEv
 .text._ZN2bn13palettes_bank10find_bpp_4ERKNS_4spanIKNS_5colorEEEt
                0x080105f0      0x118 bn_palettes_manager.o
                0x080105f0                _ZN2bn13palettes_bank10find_bpp_4ERKNS_4spanIKNS_5colorEEEt
 .text._ZNK2bn13palettes_bank20retrieve_commit_dataEv
                0x08010708       0x4c bn_palettes_manager.o
                0x08010708                _ZNK2bn13palettes_bank20retrieve_commit_dataEv
 .text._ZN2bn13palettes_bank25_on_global_effect_updatedEb
                0x08010754       0x90 bn_palettes_manager.o
                0x08010754                _ZN2bn13palettes_bank25_on_global_effect_updatedEb
 .text._ZNK2bn13palettes_bank7palette13apply_effectsEiPNS_5colorE
                0x080107e4       0xb0 bn_palettes_manager.o
                0x080107e4                _ZNK2bn13palettes_bank7palette13apply_effectsEiPNS_5colorE
 .text._ZN2bn13palettes_bank15_update_paletteEi
                0x08010894       0x70 bn_palettes_manager.o
                0x08010894                _ZN2bn13palettes_bank15_update_paletteEi
 .text._ZN2bn16palettes_manager4initERKNS_8optionalINS_5colorEEE
                0x08010904      0x16c bn_palettes_manager.o
                0x08010904                _ZN2bn16palettes_manager4initERKNS_8optionalINS_5colorEEE
 .text._ZN2bn16palettes_manager20sprite_palettes_bankEv
                0x08010a70        0x8 bn_palettes_manager.o
                0x08010a70                _ZN2bn16palettes_manager20sprite_palettes_bankEv
 .text._ZN2bn16palettes_manager16bg_palettes_bankEv
                0x08010a78        0x8 bn_palettes_manager.o
                0x08010a78                _ZN2bn16palettes_manager16bg_palettes_bankEv
 .text._ZN2bn16palettes_manager6commitEb
                0x08010a80       0xf8 bn_palettes_manager.o
                0x08010a80                _ZN2bn16palettes_manager6commitEb
 .text._ZN2bn16palettes_manager4stopEv
                0x08010b78       0x20 bn_palettes_manager.o
                0x08010b78                _ZN2bn16palettes_manager4stopEv
 .text._ZN3_bn6assert9show_argsIA35_cEEvPKcS4_S4_iRKT_
                0x08010b98       0x48 bn_palettes_manager.o
                0x08010b98                _ZN3_bn6assert9show_argsIA35_cEEvPKcS4_S4_iRKT_
 .text._ZN2bn13palettes_bank11colors_hashERKNS_4spanIKNS_5colorEEE
                0x08010be0       0x48 bn_palettes_manager.o
                0x08010be0                _ZN2bn13palettes_bank11colors_hashERKNS_4spanIKNS_5colorEEE
 .text._ZN3_bn6assert9show_argsIJA43_ciA38_cA42_cEEEvPKcS6_S6_iDpRKT_
                0x08010c28       0x64 bn_palettes_manager.o
                0x08010c28                _ZN3_bn6assert9show_argsIJA43_ciA38_cA42_cEEEvPKcS6_S6_iDpRKT_
 .text._ZN2bn13palettes_bank12create_bpp_8ERKNS_4spanIKNS_5colorEEENS_16compression_typeEb
                0x08010c8c      0x230 bn_palettes_manager.o
                0x08010c8c                _ZN2bn13palettes_bank12create_bpp_8ERKNS_4spanIKNS_5colorEEENS_16compression_typeEb
 .text._ZN3_bn6assert9show_argsIA20_cN2bn7fixed_tILi12EEEEEvPKcS7_S7_iRKT_RKT0_
                0x08010ebc       0x54 bn_palettes_manager.o
                0x08010ebc                _ZN3_bn6assert9show_argsIA20_cN2bn7fixed_tILi12EEEEEvPKcS7_S7_iRKT_RKT0_
 .text._ZN2bn11bg_palettes8set_fadeENS_5colorENS_7fixed_tILi12EEE
                0x08010f10       0x98 bn_palettes_manager.o
                0x08010f10                _ZN2bn11bg_palettes8set_fadeENS_5colorENS_7fixed_tILi12EEE
 .text._ZN2bn15sprite_palettes8set_fadeENS_5colorENS_7fixed_tILi12EEE
                0x08010fa8       0x94 bn_palettes_manager.o
                0x08010fa8                _ZN2bn15sprite_palettes8set_fadeENS_5colorENS_7fixed_tILi12EEE
 .text._ZNK2bn13palettes_bank21_apply_global_effectsEiPNS_5colorE
                0x0801103c      0x190 bn_palettes_manager.o
                0x0801103c                _ZNK2bn13palettes_bank21_apply_global_effectsEiPNS_5colorE
 .text._ZN2bn13palettes_bank6updateEv
                0x080111cc      0x138 bn_palettes_manager.o
                0x080111cc                _ZN2bn13palettes_bank6updateEv
 .text._ZN2bn16palettes_manager6updateEv
                0x08011304       0x20 bn_palettes_manager.o
                0x08011304                _ZN2bn16palettes_manager6updateEv
 .text._ZNK2bn13palettes_bank25fill_hblank_effect_colorsEiPKNS_5colorEPt
                0x08011324       0x44 bn_palettes_manager.o
                0x08011324                _ZNK2bn13palettes_bank25fill_hblank_effect_colorsEiPKNS_5colorEPt
 .text._ZNK2bn13palettes_bank25fill_hblank_effect_colorsEPKNS_5colorEPt
                0x08011368       0x30 bn_palettes_manager.o
                0x08011368                _ZNK2bn13palettes_bank25fill_hblank_effect_colorsEPKNS_5colorEPt
 .text._ZNK2bn19sprite_palette_item10decompressENS_4spanINS_5colorEEE
                0x08011398      0x168 bn_palettes_manager.o
                0x08011398                _ZNK2bn19sprite_palette_item10decompressENS_4spanINS_5colorEEE
 .text._ZNK2bn15bg_palette_item10decompressENS_4spanINS_5colorEEE
                0x08011500      0x168 bn_palettes_manager.o
                0x08011500                _ZNK2bn15bg_palette_item10decompressENS_4spanINS_5colorEEE
 .text._ZN2bn14iunordered_mapItsNS_15identity_hasherENS_8equal_toItEEE21insert_or_assign_hashEjOSt4pairIKtsE.isra.0
                0x08011668      0x108 bn_palettes_manager.o
 .text._ZN2bn13palettes_bank12create_bpp_4ERKNS_4spanIKNS_5colorEEEtb
                0x08011770      0x164 bn_palettes_manager.o
                0x08011770                _ZN2bn13palettes_bank12create_bpp_4ERKNS_4spanIKNS_5colorEEEtb
 .text._ZN2bn12_GLOBAL__N_1L12_create_implERKNS_15bg_palette_itemEb
                0x080118d4       0xa0 bn_palettes_manager.o
 .text._ZN2bn14bg_palette_ptr6createERKNS_15bg_palette_itemE
                0x08011974       0x54 bn_palettes_manager.o
                0x08011974                _ZN2bn14bg_palette_ptr6createERKNS_15bg_palette_itemE
 .text._ZN2bn12_GLOBAL__N_1L12_create_implERKNS_19sprite_palette_itemEb
                0x080119c8       0x88 bn_palettes_manager.o
 .text._ZN2bn18sprite_palette_ptr6createERKNS_19sprite_palette_itemE
                0x08011a50       0x48 bn_palettes_manager.o
                0x08011a50                _ZN2bn18sprite_palette_ptr6createERKNS_19sprite_palette_itemE
 .text._ZN2bn13palettes_bank30_erase_bpp_4_indexes_map_indexEt
                0x08011a98      0x1c4 bn_palettes_manager.o
                0x08011a98                _ZN2bn13palettes_bank30_erase_bpp_4_indexes_map_indexEt
 .text._ZN2bn13palettes_bank15decrease_usagesEi
                0x08011c5c       0x80 bn_palettes_manager.o
                0x08011c5c                _ZN2bn13palettes_bank15decrease_usagesEi
 .text._ZN2bn14bg_palette_ptraSERKS0_
                0x08011cdc       0x48 bn_palettes_manager.o
                0x08011cdc                _ZN2bn14bg_palette_ptraSERKS0_
 .text._ZN2bn14bg_palette_ptrD2Ev
                0x08011d24       0x20 bn_palettes_manager.o
                0x08011d24                _ZN2bn14bg_palette_ptrD2Ev
                0x08011d24                _ZN2bn14bg_palette_ptrD1Ev
 .text._ZN2bn18sprite_palette_ptrD2Ev
                0x08011d44       0x20 bn_palettes_manager.o
                0x08011d44                _ZN2bn18sprite_palette_ptrD2Ev
                0x08011d44                _ZN2bn18sprite_palette_ptrD1Ev
 .text._ZN2bn26sprite_affine_mats_manager12_GLOBAL__N_1L19_sprite_double_sizeILi32ELi16EEEbiiiii
                0x08011d64       0x80 bn_sprite_affine_mats_manager.o
 .text._ZN2bn26sprite_affine_mats_manager12_GLOBAL__N_1L19_sprite_double_sizeILi16ELi32EEEbiiiii
                0x08011de4       0x80 bn_sprite_affine_mats_manager.o
 .text._ZNK2bn26sprite_affine_mats_manager12_GLOBAL__N_19item_type18sprite_double_sizeEiRKNS_17sprite_shape_sizeE.isra.0
                0x08011e64      0x1b4 bn_sprite_affine_mats_manager.o
 .text._ZN2bn26sprite_affine_mats_manager12_GLOBAL__N_1L24_update_flipped_identityEi
                0x08012018       0xcc bn_sprite_affine_mats_manager.o
 .text._ZNK2bn21sprite_affine_mat_ptr15horizontal_flipEv
                0x080120e4       0x18 bn_sprite_affine_mats_manager.o
                0x080120e4                _ZNK2bn21sprite_affine_mat_ptr15horizontal_flipEv
 .text._ZN2bn21sprite_affine_mat_ptr19set_horizontal_flipEb
                0x080120fc       0x88 bn_sprite_affine_mats_manager.o
                0x080120fc                _ZN2bn21sprite_affine_mat_ptr19set_horizontal_flipEb
 .text._ZNK2bn21sprite_affine_mat_ptr13vertical_flipEv
                0x08012184       0x18 bn_sprite_affine_mats_manager.o
                0x08012184                _ZNK2bn21sprite_affine_mat_ptr13vertical_flipEv
 .text._ZNK2bn21sprite_affine_mat_ptr16flipped_identityEv
                0x0801219c       0x14 bn_sprite_affine_mats_manager.o
                0x0801219c                _ZNK2bn21sprite_affine_mat_ptr16flipped_identityEv
 .text._ZN2bn26sprite_affine_mats_manager13attach_spriteEiRNS_24intrusive_list_node_typeE
                0x080121b0       0x2c bn_sprite_affine_mats_manager.o
                0x080121b0                _ZN2bn26sprite_affine_mats_manager13attach_spriteEiRNS_24intrusive_list_node_typeE
 .text._ZN2bn26sprite_affine_mats_manager18sprite_double_sizeEiRKNS_17sprite_shape_sizeE
                0x080121dc       0x54 bn_sprite_affine_mats_manager.o
                0x080121dc                _ZN2bn26sprite_affine_mats_manager18sprite_double_sizeEiRKNS_17sprite_shape_sizeE
 .text._ZN2bn26sprite_affine_mats_manager20retrieve_commit_dataEv
                0x08012230       0x3c bn_sprite_affine_mats_manager.o
                0x08012230                _ZN2bn26sprite_affine_mats_manager20retrieve_commit_dataEv
 .text._ZN3_bn6assert9show_argsIA37_cEEvPKcS4_S4_iRKT_
                0x0801226c       0x48 bn_sprite_affine_mats_manager.o
                0x0801226c                _ZN3_bn6assert9show_argsIA37_cEEvPKcS4_S4_iRKT_
 .text._ZN2bn26sprite_affine_mats_manager18set_rotation_angleEiNS_7fixed_tILi12EEE
                0x080122b4      0x134 bn_sprite_affine_mats_manager.o
                0x080122b4                _ZN2bn26sprite_affine_mats_manager18set_rotation_angleEiNS_7fixed_tILi12EEE
 .text._ZN2bn21sprite_affine_mat_ptr18set_rotation_angleENS_7fixed_tILi12EEE
                0x080123e8       0x14 bn_sprite_affine_mats_manager.o
                0x080123e8                _ZN2bn21sprite_affine_mat_ptr18set_rotation_angleENS_7fixed_tILi12EEE
 .text._ZN2bn26sprite_affine_mats_manager9set_scaleEiNS_7fixed_tILi12EEE
                0x080123fc      0x14c bn_sprite_affine_mats_manager.o
                0x080123fc                _ZN2bn26sprite_affine_mats_manager9set_scaleEiNS_7fixed_tILi12EEE
 .text._ZN2bn21sprite_affine_mat_ptr9set_scaleENS_7fixed_tILi12EEE
                0x08012548       0x14 bn_sprite_affine_mats_manager.o
                0x08012548                _ZN2bn21sprite_affine_mat_ptr9set_scaleENS_7fixed_tILi12EEE
 .text._ZN3_bn6assert9show_argsIA16_cEEvPKcS4_S4_iRKT_
                0x0801255c       0x48 bn_sprite_affine_mats_manager.o
                0x0801255c                _ZN3_bn6assert9show_argsIA16_cEEvPKcS4_S4_iRKT_
 .text._ZN2bn26sprite_affine_mats_manager12_GLOBAL__N_1L15_new_item_indexEv
                0x080125a4       0xdc bn_sprite_affine_mats_manager.o
 .text._ZN2bn26sprite_affine_mats_manager15create_optionalERKNS_21affine_mat_attributesE
                0x08012680       0xdc bn_sprite_affine_mats_manager.o
                0x08012680                _ZN2bn26sprite_affine_mats_manager15create_optionalERKNS_21affine_mat_attributesE
 .text._ZN2bn21sprite_affine_mat_ptr6createERKNS_21affine_mat_attributesE
                0x0801275c       0x40 bn_sprite_affine_mats_manager.o
                0x0801275c                _ZN2bn21sprite_affine_mat_ptr6createERKNS_21affine_mat_attributesE
 .text._ZN2bn26sprite_affine_mats_manager15decrease_usagesEi.part.0
                0x0801279c       0x70 bn_sprite_affine_mats_manager.o
 .text._ZN2bn21sprite_affine_mat_ptrD2Ev
                0x0801280c       0x34 bn_sprite_affine_mats_manager.o
                0x0801280c                _ZN2bn21sprite_affine_mat_ptrD2Ev
                0x0801280c                _ZN2bn21sprite_affine_mat_ptrD1Ev
 .text._ZN2bn26sprite_affine_mats_manager6updateEv
                0x08012840      0x2a4 bn_sprite_affine_mats_manager.o
                0x08012840                _ZN2bn26sprite_affine_mats_manager6updateEv
 .text._ZN2bn26sprite_affine_mats_manager4initEPv
                0x08012ae4      0x100 bn_sprite_affine_mats_manager.o
                0x08012ae4                _ZN2bn26sprite_affine_mats_manager4initEPv
 .text._ZN2bn26sprite_affine_mats_manager14dettach_spriteEiRNS_24intrusive_list_node_typeE
                0x08012be4       0x4c bn_sprite_affine_mats_manager.o
                0x08012be4                _ZN2bn26sprite_affine_mats_manager14dettach_spriteEiRNS_24intrusive_list_node_typeE
 .text._ZN2bn13ostringstream11append_argsIiJA4_ciEEEvRKT_DpRKT0_.isra.0
                0x08012c30       0x24 bn_sprite_animate_actions.o
 .text._ZN2bn22isprite_animate_action9_set_refsERNS_10sprite_ptrERNS_17sprite_tiles_itemERNS_7ivectorItEE
                0x08012c54        0x4 bn_sprite_animate_actions.o
                0x08012c54                _ZN2bn22isprite_animate_action9_set_refsERNS_10sprite_ptrERNS_17sprite_tiles_itemERNS_7ivectorItEE
 .text._ZN2bn22isprite_animate_action7_assignERKS0_
                0x08012c58       0x10 bn_sprite_animate_actions.o
                0x08012c58                _ZN2bn22isprite_animate_action7_assignERKS0_
 .text._ZN2bn22isprite_animate_action16set_wait_updatesEi
                0x08012c68       0x68 bn_sprite_animate_actions.o
                0x08012c68                _ZN2bn22isprite_animate_action16set_wait_updatesEi
 .text._ZN3_bn6assert9show_argsIJA33_ciA4_ciEEEvPKcS5_S5_iDpRKT_
                0x08012cd0       0x58 bn_sprite_animate_actions.o
                0x08012cd0                _ZN3_bn6assert9show_argsIJA33_ciA4_ciEEEvPKcS5_S5_iDpRKT_
 .text._ZN2bn22isprite_animate_action24_assign_graphics_indexesERKNS_4spanIKtEE
                0x08012d28       0x94 bn_sprite_animate_actions.o
                0x08012d28                _ZN2bn22isprite_animate_action24_assign_graphics_indexesERKNS_4spanIKtEE
 .text._ZN2bn22isprite_animate_action6updateEv
                0x08012dbc       0xb8 bn_sprite_animate_actions.o
                0x08012dbc                _ZN2bn22isprite_animate_action6updateEv
 .text._ZN2bn15sprites_manager12_GLOBAL__N_1L32_always_update_indexes_to_commitERKNS_20sprites_manager_itemE
                0x08012e74       0x4c bn_sprites_manager.o
 .text._ZN2bn13ostringstream11append_argsIiJA4_ciEEEvRKT_DpRKT0_.isra.0
                0x08012ec0       0x24 bn_sprites_manager.o
 .text._ZN2bn15sprites_manager12_GLOBAL__N_1L23_update_item_dimensionsERNS_20sprites_manager_itemE
                0x08012ee4       0xc0 bn_sprites_manager.o
 .text._ZN2bn10sprite_ptrC2ERKS0_
                0x08012fa4        0xc bn_sprites_manager.o
                0x08012fa4                _ZN2bn10sprite_ptrC2ERKS0_
                0x08012fa4                _ZN2bn10sprite_ptrC1ERKS0_
 .text._ZNK2bn10sprite_ptr1xEv
                0x08012fb0        0x8 bn_sprites_manager.o
                0x08012fb0                _ZNK2bn10sprite_ptr1xEv
 .text._ZN2bn10sprite_ptr5set_xENS_7fixed_tILi12EEE
                0x08012fb8       0x48 bn_sprites_manager.o
                0x08012fb8                _ZN2bn10sprite_ptr5set_xENS_7fixed_tILi12EEE
 .text._ZNK2bn10sprite_ptr1yEv
                0x08013000        0x8 bn_sprites_manager.o
                0x08013000                _ZNK2bn10sprite_ptr1yEv
 .text._ZN2bn10sprite_ptr5set_yENS_7fixed_tILi12EEE
                0x08013008       0x48 bn_sprites_manager.o
                0x08013008                _ZN2bn10sprite_ptr5set_yENS_7fixed_tILi12EEE
 .text._ZN2bn10sprite_ptr19set_horizontal_flipEb
                0x08013050       0x54 bn_sprites_manager.o
                0x08013050                _ZN2bn10sprite_ptr19set_horizontal_flipEb
 .text._ZN2bn10sprite_ptr11set_visibleEb
                0x080130a4       0x6c bn_sprites_manager.o
                0x080130a4                _ZN2bn10sprite_ptr11set_visibleEb
 .text._ZN2bn15sprites_manager4initEv
                0x08013110       0xd4 bn_sprites_manager.o
                0x08013110                _ZN2bn15sprites_manager4initEv
 .text._ZN2bn15sprites_manager5hw_idEPv
                0x080131e4        0x8 bn_sprites_manager.o
                0x080131e4                _ZN2bn15sprites_manager5hw_idEPv
 .text._ZN2bn15sprites_manager5shapeEPv
                0x080131ec        0x8 bn_sprites_manager.o
                0x080131ec                _ZN2bn15sprites_manager5shapeEPv
 .text._ZN2bn15sprites_manager4sizeEPv
                0x080131f4        0x8 bn_sprites_manager.o
                0x080131f4                _ZN2bn15sprites_manager4sizeEPv
 .text._ZN2bn15sprites_manager10shape_sizeEPv
                0x080131fc       0x14 bn_sprites_manager.o
                0x080131fc                _ZN2bn15sprites_manager10shape_sizeEPv
 .text._ZN2bn15sprites_manager11hw_positionEPv
                0x08013210        0x4 bn_sprites_manager.o
                0x08013210                _ZN2bn15sprites_manager11hw_positionEPv
 .text._ZN2bn15sprites_manager9view_modeEPv
                0x08013214        0xc bn_sprites_manager.o
                0x08013214                _ZN2bn15sprites_manager9view_modeEPv
 .text._ZN2bn15sprites_manager10set_cameraEPvONS_10camera_ptrE
                0x08013220       0xa4 bn_sprites_manager.o
                0x08013220                _ZN2bn15sprites_manager10set_cameraEPvONS_10camera_ptrE
 .text._ZN2bn10sprite_ptr10set_cameraERKNS_8optionalINS_10camera_ptrEEE
                0x080132c4       0xa0 bn_sprites_manager.o
                0x080132c4                _ZN2bn10sprite_ptr10set_cameraERKNS_8optionalINS_10camera_ptrEEE
 .text._ZN2bn15sprites_manager10affine_matEPv
                0x08013364        0x4 bn_sprites_manager.o
                0x08013364                _ZN2bn15sprites_manager10affine_matEPv
 .text._ZN2bn15sprites_manager22reserved_handles_countEv
                0x08013368       0x10 bn_sprites_manager.o
                0x08013368                _ZN2bn15sprites_manager22reserved_handles_countEv
 .text._ZN2bn15sprites_manager39fill_hblank_effect_horizontal_positionsEPviPKNS_7fixed_tILi12EEEPt
                0x08013378       0x4c bn_sprites_manager.o
                0x08013378                _ZN2bn15sprites_manager39fill_hblank_effect_horizontal_positionsEPviPKNS_7fixed_tILi12EEEPt
 .text._ZN2bn15sprites_manager37fill_hblank_effect_vertical_positionsEPviPKNS_7fixed_tILi12EEEPt
                0x080133c4       0x4c bn_sprites_manager.o
                0x080133c4                _ZN2bn15sprites_manager37fill_hblank_effect_vertical_positionsEPviPKNS_7fixed_tILi12EEEPt
 .text._ZN2bn15sprites_manager35fill_hblank_effect_first_attributesEiNS_12sprite_shapeENS_8bpp_modeEiPKNS_23sprite_first_attributesEPt
                0x08013410       0xd4 bn_sprites_manager.o
                0x08013410                _ZN2bn15sprites_manager35fill_hblank_effect_first_attributesEiNS_12sprite_shapeENS_8bpp_modeEiPKNS_23sprite_first_attributesEPt
 .text._ZN2bn15sprites_manager44fill_hblank_effect_regular_second_attributesEPviNS_11sprite_sizeEPKNS_32sprite_regular_second_attributesEPt
                0x080134e4       0x60 bn_sprites_manager.o
                0x080134e4                _ZN2bn15sprites_manager44fill_hblank_effect_regular_second_attributesEPviNS_11sprite_sizeEPKNS_32sprite_regular_second_attributesEPt
 .text._ZN2bn15sprites_manager43fill_hblank_effect_affine_second_attributesEPviNS_11sprite_sizeEPKNS_31sprite_affine_second_attributesEPt
                0x08013544       0x58 bn_sprites_manager.o
                0x08013544                _ZN2bn15sprites_manager43fill_hblank_effect_affine_second_attributesEPviNS_11sprite_sizeEPKNS_31sprite_affine_second_attributesEPt
 .text._ZN2bn15sprites_manager14update_camerasEv
                0x0801359c       0x20 bn_sprites_manager.o
                0x0801359c                _ZN2bn15sprites_manager14update_camerasEv
 .text._ZN2bn15sprites_manager23update_auto_double_sizeEPv
                0x080135bc       0x2c bn_sprites_manager.o
                0x080135bc                _ZN2bn15sprites_manager23update_auto_double_sizeEPv
 .text._ZN2bn15sprites_manager6commitEb
                0x080135e8       0xa4 bn_sprites_manager.o
                0x080135e8                _ZN2bn15sprites_manager6commitEb
 .text._ZN3_bn6assert9show_argsIA54_cEEvPKcS4_S4_iRKT_
                0x0801368c       0x48 bn_sprites_manager.o
                0x0801368c                _ZN3_bn6assert9show_argsIA54_cEEvPKcS4_S4_iRKT_
 .text._ZN2bn14sprite_builder20set_blending_enabledEb
                0x080136d4       0x3c bn_sprites_manager.o
                0x080136d4                _ZN2bn14sprite_builder20set_blending_enabledEb
 .text._ZNK2bn17sprite_shape_size6heightEv.isra.0
                0x08013710       0xd0 bn_sprites_manager.o
 .text._ZNK2bn17sprite_shape_size5widthEv.isra.0
                0x080137e0       0xcc bn_sprites_manager.o
 .text._ZN2bn15sprites_manager12_GLOBAL__N_1L18_remove_affine_matERNS_20sprites_manager_itemE
                0x080138ac       0xe4 bn_sprites_manager.o
 .text._ZN2bn15sprites_manager42remove_identity_affine_mat_when_not_neededEPv
                0x08013990        0xc bn_sprites_manager.o
                0x08013990                _ZN2bn15sprites_manager42remove_identity_affine_mat_when_not_neededEPv
 .text._ZN2bn14sprite_builder15release_paletteEv
                0x0801399c       0x6c bn_sprites_manager.o
                0x0801399c                _ZN2bn14sprite_builder15release_paletteEv
 .text._ZN2bn14sprite_builder13release_tilesEv
                0x08013a08       0x6c bn_sprites_manager.o
                0x08013a08                _ZN2bn14sprite_builder13release_tilesEv
 .text._ZN2bn15sprites_manager7paletteEPv
                0x08013a74       0x34 bn_sprites_manager.o
                0x08013a74                _ZN2bn15sprites_manager7paletteEPv
 .text._ZN3_bn6assert9show_argsIA27_chEEvPKcS4_S4_iRKT_RKT0_
                0x08013aa8       0x54 bn_sprites_manager.o
                0x08013aa8                _ZN3_bn6assert9show_argsIA27_chEEvPKcS4_S4_iRKT_RKT0_
 .text._ZN2bn20sprites_manager_item13_builder_initERKNS_14sprite_builderE
                0x08013afc      0x34c bn_sprites_manager.o
                0x08013afc                _ZN2bn20sprites_manager_item13_builder_initERKNS_14sprite_builderE
 .text._ZNK2bn20sprites_manager_item15new_double_sizeEi.part.0
                0x08013e48       0x30 bn_sprites_manager.o
 .text._ZN2bn15sprites_manager12_GLOBAL__N_1L18_assign_affine_matEbRNS_20sprites_manager_itemEONS_21sprite_affine_mat_ptrE
                0x08013e78      0x118 bn_sprites_manager.o
 .text._ZN2bn15sprites_manager18set_new_affine_matEPvRNS_21affine_mat_attributesE
                0x08013f90       0x84 bn_sprites_manager.o
                0x08013f90                _ZN2bn15sprites_manager18set_new_affine_matEPvRNS_21affine_mat_attributesE
 .text._ZN2bn14sprite_builder11set_z_orderEi
                0x08014014       0x48 bn_sprites_manager.o
                0x08014014                _ZN2bn14sprite_builder11set_z_orderEi
 .text._ZN2bn14sprite_builderC2ERKNS_17sprite_shape_sizeENS_16sprite_tiles_ptrENS_18sprite_palette_ptrE
                0x0801405c      0x288 bn_sprites_manager.o
                0x0801405c                _ZN2bn14sprite_builderC1ERKNS_17sprite_shape_sizeENS_16sprite_tiles_ptrENS_18sprite_palette_ptrE
                0x0801405c                _ZN2bn14sprite_builderC2ERKNS_17sprite_shape_sizeENS_16sprite_tiles_ptrENS_18sprite_palette_ptrE
 .text._ZN2bn15sprites_manager9set_tilesEPvONS_16sprite_tiles_ptrE
                0x080142e4      0x24c bn_sprites_manager.o
                0x080142e4                _ZN2bn15sprites_manager9set_tilesEPvONS_16sprite_tiles_ptrE
 .text._ZN2bn10sprite_ptr9set_tilesERKNS_17sprite_tiles_itemEi
                0x08014530       0x7c bn_sprites_manager.o
                0x08014530                _ZN2bn10sprite_ptr9set_tilesERKNS_17sprite_tiles_itemEi
 .text._ZN2bn14sprite_builder15set_bg_priorityEi
                0x080145ac       0x38 bn_sprites_manager.o
                0x080145ac                _ZN2bn14sprite_builder15set_bg_priorityEi
 .text._ZN2bn15sprites_manager6updateEv
                0x080145e4      0x13c bn_sprites_manager.o
                0x080145e4                _ZN2bn15sprites_manager6updateEv
 .text._ZN3_bn6assert9show_argsIJA27_ciA4_ciEEEvPKcS5_S5_iDpRKT_
                0x08014720       0x58 bn_sprites_manager.o
                0x08014720                _ZN3_bn6assert9show_argsIJA27_ciA4_ciEEEvPKcS5_S5_iDpRKT_
 .text._ZN2bn15sprites_manager35fill_hblank_effect_third_attributesENS_17sprite_shape_sizeEPKNS_23sprite_third_attributesEPt
                0x08014778      0x2f0 bn_sprites_manager.o
                0x08014778                _ZN2bn15sprites_manager35fill_hblank_effect_third_attributesENS_17sprite_shape_sizeEPKNS_23sprite_third_attributesEPt
 .text._ZN2bn14sorted_sprites6sorter6insertERNS_20sprites_manager_itemE
                0x08014a68      0x184 bn_sprites_manager.o
                0x08014a68                _ZN2bn14sorted_sprites6sorter6insertERNS_20sprites_manager_itemE
 .text._ZN2bn15sprites_manager6createERKNS_13fixed_point_tILi12EEERKNS_17sprite_shape_sizeEONS_16sprite_tiles_ptrEONS_18sprite_palette_ptrE
                0x08014bec      0x1d0 bn_sprites_manager.o
                0x08014bec                _ZN2bn15sprites_manager6createERKNS_13fixed_point_tILi12EEERKNS_17sprite_shape_sizeEONS_16sprite_tiles_ptrEONS_18sprite_palette_ptrE
 .text._ZNK2bn11sprite_item13create_spriteENS_7fixed_tILi12EEES2_i
                0x08014dbc       0x44 bn_sprites_manager.o
                0x08014dbc                _ZNK2bn11sprite_item13create_spriteENS_7fixed_tILi12EEES2_i
 .text._ZN2bn15sprites_manager6createEONS_14sprite_builderE
                0x08014e00      0x17c bn_sprites_manager.o
                0x08014e00                _ZN2bn15sprites_manager6createEONS_14sprite_builderE
 .text._ZN2bn10sprite_ptr6createEONS_14sprite_builderE
                0x08014f7c       0x14 bn_sprites_manager.o
                0x08014f7c                _ZN2bn10sprite_ptr6createEONS_14sprite_builderE
 .text._ZN2bn15sprites_manager15set_bg_priorityEPvi
                0x08014f90      0x148 bn_sprites_manager.o
                0x08014f90                _ZN2bn15sprites_manager15set_bg_priorityEPvi
 .text._ZN2bn10sprite_ptr15set_bg_priorityEi
                0x080150d8       0x10 bn_sprites_manager.o
                0x080150d8                _ZN2bn10sprite_ptr15set_bg_priorityEi
 .text._ZN2bn15sprites_manager15decrease_usagesEPv
                0x080150e8      0x17c bn_sprites_manager.o
                0x080150e8                _ZN2bn15sprites_manager15decrease_usagesEPv
 .text._ZN2bn10sprite_ptrD2Ev
                0x08015264       0x18 bn_sprites_manager.o
                0x08015264                _ZN2bn10sprite_ptrD1Ev
                0x08015264                _ZN2bn10sprite_ptrD2Ev
 .text._ZN2bn10sprite_ptr11set_z_orderEi
                0x0801527c      0x14c bn_sprites_manager.o
                0x0801527c                _ZN2bn10sprite_ptr11set_z_orderEi
 .text._ZN2bn10sprite_ptr18set_rotation_angleENS_7fixed_tILi12EEE
                0x080153c8       0xc0 bn_sprites_manager.o
                0x080153c8                _ZN2bn10sprite_ptr18set_rotation_angleENS_7fixed_tILi12EEE
 .text._ZN2bn10sprite_ptr23set_rotation_angle_safeENS_7fixed_tILi12EEE
                0x08015488       0x34 bn_sprites_manager.o
                0x08015488                _ZN2bn10sprite_ptr23set_rotation_angle_safeENS_7fixed_tILi12EEE
 .text._ZN2bn10sprite_ptr9set_scaleENS_7fixed_tILi12EEE
                0x080154bc       0xbc bn_sprites_manager.o
                0x080154bc                _ZN2bn10sprite_ptr9set_scaleENS_7fixed_tILi12EEE
 .text._ZN2bn12_GLOBAL__N_1L14_setup_builderERKNS_21sprite_text_generatorERNS_14sprite_builderE
                0x08015578       0x68 bn_sprite_text_generator.o
 .text._ZN2bn21sprite_text_generator5_initEv
                0x080155e0      0x1b4 bn_sprite_text_generator.o
                0x080155e0                _ZN2bn21sprite_text_generator5_initEv
 .text._ZN2bn21sprite_text_generatorC2ERKNS_11sprite_fontE
                0x08015794       0x38 bn_sprite_text_generator.o
                0x08015794                _ZN2bn21sprite_text_generatorC1ERKNS_11sprite_fontE
                0x08015794                _ZN2bn21sprite_text_generatorC2ERKNS_11sprite_fontE
 .text._ZN3_bn6assert9show_argsIJA25_ciA4_ctEEEvPKcS5_S5_iDpRKT_
                0x080157cc       0x64 bn_sprite_text_generator.o
                0x080157cc                _ZN3_bn6assert9show_argsIJA25_ciA4_ctEEEvPKcS5_S5_iDpRKT_
 .text._ZN2bn14utf8_characterC2ERKc
                0x08015830      0x140 bn_sprite_text_generator.o
                0x08015830                _ZN2bn14utf8_characterC1ERKc
                0x08015830                _ZN2bn14utf8_characterC2ERKc
 .text._ZN2bn12_GLOBAL__N_1L15_graphics_indexEcRKNS_23utf8_characters_map_refEPKcRi.part.0
                0x08015970       0x8c bn_sprite_text_generator.o
 .text._ZN2bn21sprite_text_generator15set_bg_priorityEi
                0x080159fc       0x3c bn_sprite_text_generator.o
                0x080159fc                _ZN2bn21sprite_text_generator15set_bg_priorityEi
 .text._ZN2bn21sprite_text_generator11set_z_orderEi
                0x08015a38       0x4c bn_sprite_text_generator.o
                0x08015a38                _ZN2bn21sprite_text_generator11set_z_orderEi
 .text._ZN3_bn6assert9show_argsIJA20_ccA9_cN2bn11string_viewEA2_cEEEvPKcS8_S8_iDpRKT_
                0x08015a84       0x6c bn_sprite_text_generator.o
                0x08015a84                _ZN3_bn6assert9show_argsIJA20_ccA9_cN2bn11string_viewEA2_cEEEvPKcS8_S8_iDpRKT_
 .text._ZNK2bn21sprite_text_generator5widthERKNS_11string_viewE
                0x08015af0      0x238 bn_sprite_text_generator.o
                0x08015af0                _ZNK2bn21sprite_text_generator5widthERKNS_11string_viewE
 .text._ZN3_bn6assert9show_argsIA55_cEEvPKcS4_S4_iRKT_
                0x08015d28       0x48 bn_sprite_text_generator.o
                0x08015d28                _ZN3_bn6assert9show_argsIA55_cEEvPKcS4_S4_iRKT_
 .text._ZN2bn12_GLOBAL__N_1L20_build_sprite_assertILNS_11sprite_sizeE2EEEPNS_4tileERKNS_21sprite_text_generatorERKNS_18sprite_palette_ptrERKNS_13fixed_point_tILi12EEERNS_7ivectorINS_10sprite_ptrEEE
                0x08015d70      0x198 bn_sprite_text_generator.o
 .text._ZN2bn12_GLOBAL__N_1L20_build_sprite_assertILNS_11sprite_sizeE1EEEPNS_4tileERKNS_21sprite_text_generatorERKNS_18sprite_palette_ptrERKNS_13fixed_point_tILi12EEERNS_7ivectorINS_10sprite_ptrEEE
                0x08015f08      0x198 bn_sprite_text_generator.o
 .text._ZN2bn12_GLOBAL__N_1L9_generateILb0EEEbRKNS_21sprite_text_generatorERKNS_13fixed_point_tILi12EEERKNS_11string_viewERKNS_23utf8_characters_map_refEiibRNS_7ivectorINS_10sprite_ptrEEE.isra.0
                0x080160a0     0x1164 bn_sprite_text_generator.o
 .text._ZNK2bn21sprite_text_generator8generateENS_7fixed_tILi12EEES2_RKNS_11string_viewERNS_7ivectorINS_10sprite_ptrEEE
                0x08017204       0x40 bn_sprite_text_generator.o
                0x08017204                _ZNK2bn21sprite_text_generator8generateENS_7fixed_tILi12EEES2_RKNS_11string_viewERNS_7ivectorINS_10sprite_ptrEEE
 .text._ZNK2bn16sprite_tiles_ptr2idEv
                0x08017244       0x18 bn_sprite_tiles_manager.o
                0x08017244                _ZNK2bn16sprite_tiles_ptr2idEv
 .text._ZNK2bn16sprite_tiles_ptr11tiles_countEv
                0x0801725c       0x18 bn_sprite_tiles_manager.o
                0x0801725c                _ZNK2bn16sprite_tiles_ptr11tiles_countEv
 .text._ZN2bn20sprite_tiles_manager10log_statusEv
                0x08017274      0x1ec bn_sprite_tiles_manager.o
                0x08017274                _ZN2bn20sprite_tiles_manager10log_statusEv
 .text._ZN2bn20sprite_tiles_manager19commit_uncompressedEb
                0x08017460       0xc4 bn_sprite_tiles_manager.o
                0x08017460                _ZN2bn20sprite_tiles_manager19commit_uncompressedEb
 .text._ZN3_bn6assert9show_argsIJA44_cPKN2bn4tileEA4_cS6_EEEvPKcS9_S9_iDpRKT_
                0x08017524       0x64 bn_sprite_tiles_manager.o
                0x08017524                _ZN3_bn6assert9show_argsIJA44_cPKN2bn4tileEA4_cS6_EEEvPKcS9_S9_iDpRKT_
 .text._ZN3_bn6assert9show_argsIJA46_ciA4_cjEEEvPKcS5_S5_iDpRKT_
                0x08017588       0x64 bn_sprite_tiles_manager.o
                0x08017588                _ZN3_bn6assert9show_argsIJA46_ciA4_cjEEEvPKcS5_S5_iDpRKT_
 .text._ZN2bn20sprite_tiles_manager12_GLOBAL__N_1L10_hw_commitEPKNS_4tileENS_16compression_typeEii
                0x080175ec       0x88 bn_sprite_tiles_manager.o
 .text._ZN2bn20sprite_tiles_manager17commit_compressedEv
                0x08017674       0x5c bn_sprite_tiles_manager.o
                0x08017674                _ZN2bn20sprite_tiles_manager17commit_compressedEv
 .text._ZN3_bn6assert9show_argsIJA28_cA15_cPKN2bn4tileEA16_ciA34_cNS4_11string_viewEEEEvPKcSC_SC_iDpRKT_
                0x080176d0       0x7c bn_sprite_tiles_manager.o
                0x080176d0                _ZN3_bn6assert9show_argsIJA28_cA15_cPKN2bn4tileEA16_ciA34_cNS4_11string_viewEEEEvPKcSC_SC_iDpRKT_
 .text._ZN3_bn6assert9show_argsIJA44_ciA34_cN2bn11string_viewEEEEvPKcS7_S7_iDpRKT_
                0x0801774c       0x64 bn_sprite_tiles_manager.o
                0x0801774c                _ZN3_bn6assert9show_argsIJA44_ciA34_cN2bn11string_viewEEEEvPKcS7_S7_iDpRKT_
 .text._ZN2bn20sprite_tiles_manager4initEv
                0x080177b0      0x188 bn_sprite_tiles_manager.o
                0x080177b0                _ZN2bn20sprite_tiles_manager4initEv
 .text._ZN2bn20sprite_tiles_manager12_GLOBAL__N_1L22_insert_to_commit_itemEiRNS1_9item_typeE.part.0
                0x08017938       0x64 bn_sprite_tiles_manager.o
 .text._ZN2bn20sprite_tiles_manager12_GLOBAL__N_1L17_insert_free_itemEi
                0x0801799c       0xe0 bn_sprite_tiles_manager.o
 .text._ZN2bn20sprite_tiles_manager12_GLOBAL__N_1L16_erase_free_itemEi
                0x08017a7c       0xe8 bn_sprite_tiles_manager.o
 .text._ZN2bn20sprite_tiles_manager12_GLOBAL__N_1L21_erase_to_commit_itemEiRNS1_9item_typeE.part.0
                0x08017b64       0xac bn_sprite_tiles_manager.o
 .text._ZN2bn20sprite_tiles_manager15decrease_usagesEi
                0x08017c10      0x138 bn_sprite_tiles_manager.o
                0x08017c10                _ZN2bn20sprite_tiles_manager15decrease_usagesEi
 .text._ZN2bn16sprite_tiles_ptrD2Ev
                0x08017d48       0x18 bn_sprite_tiles_manager.o
                0x08017d48                _ZN2bn16sprite_tiles_ptrD1Ev
                0x08017d48                _ZN2bn16sprite_tiles_ptrD2Ev
 .text._ZN2bn20sprite_tiles_manager12_GLOBAL__N_1L10_find_implEPKNS_4tileENS_16compression_typeEi
                0x08017d60      0x288 bn_sprite_tiles_manager.o
 .text._ZN2bn20sprite_tiles_manager4vramEi
                0x08017fe8       0x3c bn_sprite_tiles_manager.o
                0x08017fe8                _ZN2bn20sprite_tiles_manager4vramEi
 .text._ZN2bn16sprite_tiles_ptr4vramEv
                0x08018024       0x14 bn_sprite_tiles_manager.o
                0x08018024                _ZN2bn16sprite_tiles_ptr4vramEv
 .text._ZNK2bn17sprite_tiles_item10find_tilesEi
                0x08018038       0xcc bn_sprite_tiles_manager.o
                0x08018038                _ZNK2bn17sprite_tiles_item10find_tilesEi
 .text._ZN2bn20sprite_tiles_manager12_GLOBAL__N_1L21_erase_items_map_itemEPKNS_4tileE
                0x08018104      0x1fc bn_sprite_tiles_manager.o